Archive member included to satisfy reference by file (symbol)

c:/st/stm32cubeide_1.4.0/stm32cubeide/plugins/com.st.stm32cube.ide.mcu.externaltools.gnu-tools-for-stm32.7-2018-q2-update.win32_1.4.0.202007081208/tools/bin/../lib/gcc/arm-none-eabi/7.3.1/../../../../arm-none-eabi/lib/thumb/v7e-m/fpv4-sp/hard\libc_nano.a(lib_a-errno.o)
                              Core/Src/syscalls.o (__errno)
c:/st/stm32cubeide_1.4.0/stm32cubeide/plugins/com.st.stm32cube.ide.mcu.externaltools.gnu-tools-for-stm32.7-2018-q2-update.win32_1.4.0.202007081208/tools/bin/../lib/gcc/arm-none-eabi/7.3.1/../../../../arm-none-eabi/lib/thumb/v7e-m/fpv4-sp/hard\libc_nano.a(lib_a-exit.o)
                              c:/st/stm32cubeide_1.4.0/stm32cubeide/plugins/com.st.stm32cube.ide.mcu.externaltools.gnu-tools-for-stm32.7-2018-q2-update.win32_1.4.0.202007081208/tools/bin/../lib/gcc/arm-none-eabi/7.3.1/../../../../arm-none-eabi/lib/thumb/v7e-m/fpv4-sp/hard/crt0.o (exit)
c:/st/stm32cubeide_1.4.0/stm32cubeide/plugins/com.st.stm32cube.ide.mcu.externaltools.gnu-tools-for-stm32.7-2018-q2-update.win32_1.4.0.202007081208/tools/bin/../lib/gcc/arm-none-eabi/7.3.1/../../../../arm-none-eabi/lib/thumb/v7e-m/fpv4-sp/hard\libc_nano.a(lib_a-impure.o)
                              c:/st/stm32cubeide_1.4.0/stm32cubeide/plugins/com.st.stm32cube.ide.mcu.externaltools.gnu-tools-for-stm32.7-2018-q2-update.win32_1.4.0.202007081208/tools/bin/../lib/gcc/arm-none-eabi/7.3.1/../../../../arm-none-eabi/lib/thumb/v7e-m/fpv4-sp/hard\libc_nano.a(lib_a-exit.o) (_global_impure_ptr)
c:/st/stm32cubeide_1.4.0/stm32cubeide/plugins/com.st.stm32cube.ide.mcu.externaltools.gnu-tools-for-stm32.7-2018-q2-update.win32_1.4.0.202007081208/tools/bin/../lib/gcc/arm-none-eabi/7.3.1/../../../../arm-none-eabi/lib/thumb/v7e-m/fpv4-sp/hard\libc_nano.a(lib_a-init.o)
                              c:/st/stm32cubeide_1.4.0/stm32cubeide/plugins/com.st.stm32cube.ide.mcu.externaltools.gnu-tools-for-stm32.7-2018-q2-update.win32_1.4.0.202007081208/tools/bin/../lib/gcc/arm-none-eabi/7.3.1/../../../../arm-none-eabi/lib/thumb/v7e-m/fpv4-sp/hard/crt0.o (__libc_init_array)
c:/st/stm32cubeide_1.4.0/stm32cubeide/plugins/com.st.stm32cube.ide.mcu.externaltools.gnu-tools-for-stm32.7-2018-q2-update.win32_1.4.0.202007081208/tools/bin/../lib/gcc/arm-none-eabi/7.3.1/../../../../arm-none-eabi/lib/thumb/v7e-m/fpv4-sp/hard\libc_nano.a(lib_a-memset.o)
                              c:/st/stm32cubeide_1.4.0/stm32cubeide/plugins/com.st.stm32cube.ide.mcu.externaltools.gnu-tools-for-stm32.7-2018-q2-update.win32_1.4.0.202007081208/tools/bin/../lib/gcc/arm-none-eabi/7.3.1/../../../../arm-none-eabi/lib/thumb/v7e-m/fpv4-sp/hard/crt0.o (memset)
c:/st/stm32cubeide_1.4.0/stm32cubeide/plugins/com.st.stm32cube.ide.mcu.externaltools.gnu-tools-for-stm32.7-2018-q2-update.win32_1.4.0.202007081208/tools/bin/../lib/gcc/arm-none-eabi/7.3.1/../../../../arm-none-eabi/lib/thumb/v7e-m/fpv4-sp/hard\libc_nano.a(lib_a-sprintf.o)
                              Core/Src/main.o (sprintf)
c:/st/stm32cubeide_1.4.0/stm32cubeide/plugins/com.st.stm32cube.ide.mcu.externaltools.gnu-tools-for-stm32.7-2018-q2-update.win32_1.4.0.202007081208/tools/bin/../lib/gcc/arm-none-eabi/7.3.1/../../../../arm-none-eabi/lib/thumb/v7e-m/fpv4-sp/hard\libc_nano.a(lib_a-strlen.o)
                              Core/Src/main.o (strlen)
c:/st/stm32cubeide_1.4.0/stm32cubeide/plugins/com.st.stm32cube.ide.mcu.externaltools.gnu-tools-for-stm32.7-2018-q2-update.win32_1.4.0.202007081208/tools/bin/../lib/gcc/arm-none-eabi/7.3.1/../../../../arm-none-eabi/lib/thumb/v7e-m/fpv4-sp/hard\libc_nano.a(lib_a-nano-svfprintf.o)
                              c:/st/stm32cubeide_1.4.0/stm32cubeide/plugins/com.st.stm32cube.ide.mcu.externaltools.gnu-tools-for-stm32.7-2018-q2-update.win32_1.4.0.202007081208/tools/bin/../lib/gcc/arm-none-eabi/7.3.1/../../../../arm-none-eabi/lib/thumb/v7e-m/fpv4-sp/hard\libc_nano.a(lib_a-sprintf.o) (_svfprintf_r)
c:/st/stm32cubeide_1.4.0/stm32cubeide/plugins/com.st.stm32cube.ide.mcu.externaltools.gnu-tools-for-stm32.7-2018-q2-update.win32_1.4.0.202007081208/tools/bin/../lib/gcc/arm-none-eabi/7.3.1/../../../../arm-none-eabi/lib/thumb/v7e-m/fpv4-sp/hard\libc_nano.a(lib_a-nano-vfprintf_i.o)
                              c:/st/stm32cubeide_1.4.0/stm32cubeide/plugins/com.st.stm32cube.ide.mcu.externaltools.gnu-tools-for-stm32.7-2018-q2-update.win32_1.4.0.202007081208/tools/bin/../lib/gcc/arm-none-eabi/7.3.1/../../../../arm-none-eabi/lib/thumb/v7e-m/fpv4-sp/hard\libc_nano.a(lib_a-nano-svfprintf.o) (_printf_i)
c:/st/stm32cubeide_1.4.0/stm32cubeide/plugins/com.st.stm32cube.ide.mcu.externaltools.gnu-tools-for-stm32.7-2018-q2-update.win32_1.4.0.202007081208/tools/bin/../lib/gcc/arm-none-eabi/7.3.1/../../../../arm-none-eabi/lib/thumb/v7e-m/fpv4-sp/hard\libc_nano.a(lib_a-memchr.o)
[...]
Memory Configuration

Name             Origin             Length             Attributes
RAM              0x0000000020000000 0x0000000000050000 xrw
FLASH            0x0000000008000000 0x0000000000100000 xr
*default*        0x0000000000000000 0xffffffffffffffff

Linker script and memory map

LOAD c:/st/stm32cubeide_1.4.0/stm32cubeide/plugins/com.st.stm32cube.ide.mcu.externaltools.gnu-tools-for-stm32.7-2018-q2-update.win32_1.4.0.202007081208/tools/bin/../lib/gcc/arm-none-eabi/7.3.1/thumb/v7e-m/fpv4-sp/hard/crti.o
LOAD c:/st/stm32cubeide_1.4.0/stm32cubeide/plugins/com.st.stm32cube.ide.mcu.externaltools.gnu-tools-for-stm32.7-2018-q2-update.win32_1.4.0.202007081208/tools/bin/../lib/gcc/arm-none-eabi/7.3.1/thumb/v7e-m/fpv4-sp/hard/crtbegin.o
LOAD c:/st/stm32cubeide_1.4.0/stm32cubeide/plugins/com.st.stm32cube.ide.mcu.externaltools.gnu-tools-for-stm32.7-2018-q2-update.win32_1.4.0.202007081208/tools/bin/../lib/gcc/arm-none-eabi/7.3.1/../../../../arm-none-eabi/lib/thumb/v7e-m/fpv4-sp/hard/crt0.o
LOAD Core/Src/fatfs_sd.o
LOAD Core/Src/main.o
LOAD Core/Src/stm32l4xx_hal_msp.o
LOAD Core/Src/stm32l4xx_it.o
LOAD Core/Src/syscalls.o
LOAD Core/Src/sysmem.o
LOAD Core/Src/system_stm32l4xx.o
LOAD Core/Startup/startup_stm32l4a6zgtx.o
LOAD Drivers/STM32L4xx_HAL_Driver/Src/stm32l4xx_hal.o
LOAD Drivers/STM32L4xx_HAL_Driver/Src/stm32l4xx_hal_cortex.o
LOAD Drivers/STM32L4xx_HAL_Driver/Src/stm32l4xx_hal_dma.o
LOAD Drivers/STM32L4xx_HAL_Driver/Src/stm32l4xx_hal_dma_ex.o
LOAD Drivers/STM32L4xx_HAL_Driver/Src/stm32l4xx_hal_exti.o
LOAD Drivers/STM32L4xx_HAL_Driver/Src/stm32l4xx_hal_flash.o
LOAD Drivers/STM32L4xx_HAL_Driver/Src/stm32l4xx_hal_flash_ex.o
LOAD Drivers/STM32L4xx_HAL_Driver/Src/stm32l4xx_hal_flash_ramfunc.o
LOAD Drivers/STM32L4xx_HAL_Driver/Src/stm32l4xx_hal_gpio.o
LOAD Drivers/STM32L4xx_HAL_Driver/Src/stm32l4xx_hal_i2c.o
LOAD Drivers/STM32L4xx_HAL_Driver/Src/stm32l4xx_hal_i2c_ex.o
LOAD Drivers/STM32L4xx_HAL_Driver/Src/stm32l4xx_hal_pwr.o
LOAD Drivers/STM32L4xx_HAL_Driver/Src/stm32l4xx_hal_pwr_ex.o
LOAD Drivers/STM32L4xx_HAL_Driver/Src/stm32l4xx_hal_rcc.o
LOAD Drivers/STM32L4xx_HAL_Driver/Src/stm32l4xx_hal_rcc_ex.o
LOAD Drivers/STM32L4xx_HAL_Driver/Src/stm32l4xx_hal_spi.o
LOAD Drivers/STM32L4xx_HAL_Driver/Src/stm32l4xx_hal_spi_ex.o
LOAD Drivers/STM32L4xx_HAL_Driver/Src/stm32l4xx_hal_tim.o
LOAD Drivers/STM32L4xx_HAL_Driver/Src/stm32l4xx_hal_tim_ex.o
LOAD Drivers/STM32L4xx_HAL_Driver/Src/stm32l4xx_hal_uart.o
LOAD Drivers/STM32L4xx_HAL_Driver/Src/stm32l4xx_hal_uart_ex.o
LOAD FATFS/App/fatfs.o
LOAD FATFS/Target/user_diskio.o
LOAD Middlewares/Third_Party/FatFs/src/diskio.o
LOAD Middlewares/Third_Party/FatFs/src/ff.o
LOAD Middlewares/Third_Party/FatFs/src/ff_gen_drv.o
LOAD Middlewares/Third_Party/FatFs/src/option/ccsbcs.o
LOAD Middlewares/Third_Party/FatFs/src/option/syscall.o
START GROUP
LOAD c:/st/stm32cubeide_1.4.0/stm32cubeide/plugins/com.st.stm32cube.ide.mcu.externaltools.gnu-tools-for-stm32.7-2018-q2-update.win32_1.4.0.202007081208/tools/bin/../lib/gcc/arm-none-eabi/7.3.1/../../../../arm-none-eabi/lib/thumb/v7e-m/fpv4-sp/hard\libc_nano.a
LOAD c:/st/stm32cubeide_1.4.0/stm32cubeide/plugins/com.st.stm32cube.ide.mcu.externaltools.gnu-tools-for-stm32.7-2018-q2-update.win32_1.4.0.202007081208/tools/bin/../lib/gcc/arm-none-eabi/7.3.1/../../../../arm-none-eabi/lib/thumb/v7e-m/fpv4-sp/hard\libm.a
END GROUP
START GROUP
LOAD c:/st/stm32cubeide_1.4.0/stm32cubeide/plugins/com.st.stm32cube.ide.mcu.externaltools.gnu-tools-for-stm32.7-2018-q2-update.win32_1.4.0.202007081208/tools/bin/../lib/gcc/arm-none-eabi/7.3.1/thumb/v7e-m/fpv4-sp/hard\libgcc.a
LOAD c:/st/stm32cubeide_1.4.0/stm32cubeide/plugins/com.st.stm32cube.ide.mcu.externaltools.gnu-tools-for-stm32.7-2018-q2-update.win32_1.4.0.202007081208/tools/bin/../lib/gcc/arm-none-eabi/7.3.1/../../../../arm-none-eabi/lib/thumb/v7e-m/fpv4-sp/hard\libc_nano.a
END GROUP
START GROUP
LOAD c:/st/stm32cubeide_1.4.0/stm32cubeide/plugins/com.st.stm32cube.ide.mcu.externaltools.gnu-tools-for-stm32.7-2018-q2-update.win32_1.4.0.202007081208/tools/bin/../lib/gcc/arm-none-eabi/7.3.1/thumb/v7e-m/fpv4-sp/hard\libgcc.a
LOAD c:/st/stm32cubeide_1.4.0/stm32cubeide/plugins/com.st.stm32cube.ide.mcu.externaltools.gnu-tools-for-stm32.7-2018-q2-update.win32_1.4.0.202007081208/tools/bin/../lib/gcc/arm-none-eabi/7.3.1/../../../../arm-none-eabi/lib/thumb/v7e-m/fpv4-sp/hard\libc_nano.a
LOAD c:/st/stm32cubeide_1.4.0/stm32cubeide/plugins/com.st.stm32cube.ide.mcu.externaltools.gnu-tools-for-stm32.7-2018-q2-update.win32_1.4.0.202007081208/tools/bin/../lib/gcc/arm-none-eabi/7.3.1/../../../../arm-none-eabi/lib/thumb/v7e-m/fpv4-sp/hard\libnosys.a
END GROUP
START GROUP
LOAD c:/st/stm32cubeide_1.4.0/stm32cubeide/plugins/com.st.stm32cube.ide.mcu.externaltools.gnu-tools-for-stm32.7-2018-q2-update.win32_1.4.0.202007081208/tools/bin/../lib/gcc/arm-none-eabi/7.3.1/thumb/v7e-m/fpv4-sp/hard\libgcc.a
LOAD c:/st/stm32cubeide_1.4.0/stm32cubeide/plugins/com.st.stm32cube.ide.mcu.externaltools.gnu-tools-for-stm32.7-2018-q2-update.win32_1.4.0.202007081208/tools/bin/../lib/gcc/arm-none-eabi/7.3.1/../../../../arm-none-eabi/lib/thumb/v7e-m/fpv4-sp/hard\libc_nano.a
LOAD c:/st/stm32cubeide_1.4.0/stm32cubeide/plugins/com.st.stm32cube.ide.mcu.externaltools.gnu-tools-for-stm32.7-2018-q2-update.win32_1.4.0.202007081208/tools/bin/../lib/gcc/arm-none-eabi/7.3.1/../../../../arm-none-eabi/lib/thumb/v7e-m/fpv4-sp/hard\libnosys.a
END GROUP
LOAD c:/st/stm32cubeide_1.4.0/stm32cubeide/plugins/com.st.stm32cube.ide.mcu.externaltools.gnu-tools-for-stm32.7-2018-q2-update.win32_1.4.0.202007081208/tools/bin/../lib/gcc/arm-none-eabi/7.3.1/thumb/v7e-m/fpv4-sp/hard/crtend.o
LOAD c:/st/stm32cubeide_1.4.0/stm32cubeide/plugins/com.st.stm32cube.ide.mcu.externaltools.gnu-tools-for-stm32.7-2018-q2-update.win32_1.4.0.202007081208/tools/bin/../lib/gcc/arm-none-eabi/7.3.1/thumb/v7e-m/fpv4-sp/hard/crtn.o
                0x0000000020050000                _estack = (ORIGIN (RAM) + LENGTH (RAM))
                0x0000000000000200                _Min_Heap_Size = 0x200
                0x0000000000000400                _Min_Stack_Size = 0x400

.isr_vector     0x0000000008000000      0x1ac
                0x0000000008000000                . = ALIGN (0x4)
 *(.isr_vector)
 .isr_vector    0x0000000008000000      0x1ac Core/Startup/startup_stm32l4a6zgtx.o
                0x0000000008000000                g_pfnVectors
                0x00000000080001ac                . = ALIGN (0x4)

.text           0x00000000080001b0     0x8c64
                0x00000000080001b0                . = ALIGN (0x4)
 *(.text)
 .text          0x00000000080001b0       0x40 c:/st/stm32cubeide_1.4.0/stm32cubeide/plugins/com.st.stm32cube.ide.mcu.externaltools.gnu-tools-for-stm32.7-2018-q2-update.win32_1.4.0.202007081208/tools/bin/../lib/gcc/arm-none-eabi/7.3.1/thumb/v7e-m/fpv4-sp/hard/crtbegin.o
 .text          0x00000000080001f0       0x10 c:/st/stm32cubeide_1.4.0/stm32cubeide/plugins/com.st.stm32cube.ide.mcu.externaltools.gnu-tools-for-stm32.7-2018-q2-update.win32_1.4.0.202007081208/tools/bin/../lib/gcc/arm-none-eabi/7.3.1/../../../../arm-none-eabi/lib/thumb/v7e-m/fpv4-sp/hard\libc_nano.a(lib_a-strlen.o)
                0x00000000080001f0                strlen
 .text          0x0000000008000200       0xa0 c:/st/stm32cubeide_1.4.0/stm32cubeide/plugins/com.st.stm32cube.ide.mcu.externaltools.gnu-tools-for-stm32.7-2018-q2-update.win32_1.4.0.202007081208/tools/bin/../lib/gcc/arm-none-eabi/7.3.1/../../../../arm-none-eabi/lib/thumb/v7e-m/fpv4-sp/hard\libc_nano.a(lib_a-memchr.o)
                0x0000000008000200                memchr
 .text          0x00000000080002a0      0x378 c:/st/stm32cubeide_1.4.0/stm32cubeide/plugins/com.st.stm32cube.ide.mcu.externaltools.gnu-tools-for-stm32.7-2018-q2-update.win32_1.4.0.202007081208/tools/bin/../lib/gcc/arm-none-eabi/7.3.1/thumb/v7e-m/fpv4-sp/hard\libgcc.a(_arm_addsubdf3.o)
                0x00000000080002a0                __aeabi_drsub
                0x00000000080002a8                __aeabi_dsub
                0x00000000080002a8                __subdf3
                0x00000000080002ac                __aeabi_dadd
                0x00000000080002ac                __adddf3
                0x0000000008000524                __floatunsidf
                0x0000000008000524                __aeabi_ui2d
                0x0000000008000544                __floatsidf
                0x0000000008000544                __aeabi_i2d
                0x0000000008000568                __aeabi_f2d
                0x0000000008000568                __extendsfdf2
                0x00000000080005ac                __floatundidf
                0x00000000080005ac                __aeabi_ul2d
                0x00000000080005bc                __floatdidf
                0x00000000080005bc                __aeabi_l2d
 .text          0x0000000008000618      0x424 c:/st/stm32cubeide_1.4.0/stm32cubeide/plugins/com.st.stm32cube.ide.mcu.externaltools.gnu-tools-for-stm32.7-2018-q2-update.win32_1.4.0.202007081208/tools/bin/../lib/gcc/arm-none-eabi/7.3.1/thumb/v7e-m/fpv4-sp/hard\libgcc.a(_arm_muldivdf3.o)
                0x0000000008000618                __aeabi_dmul
                0x0000000008000618                __muldf3
                0x000000000800086c                __divdf3
                0x000000000800086c                __aeabi_ddiv
 .text          0x0000000008000a3c       0x40 c:/st/stm32cubeide_1.4.0/stm32cubeide/plugins/com.st.stm32cube.ide.mcu.externaltools.gnu-tools-for-stm32.7-2018-q2-update.win32_1.4.0.202007081208/tools/bin/../lib/gcc/arm-none-eabi/7.3.1/thumb/v7e-m/fpv4-sp/hard\libgcc.a(_arm_fixunsdfsi.o)
                0x0000000008000a3c                __aeabi_d2uiz
                0x0000000008000a3c                __fixunsdfsi
 .text          0x0000000008000a7c       0x30 c:/st/stm32cubeide_1.4.0/stm32cubeide/plugins/com.st.stm32cube.ide.mcu.externaltools.gnu-tools-for-stm32.7-2018-q2-update.win32_1.4.0.202007081208/tools/bin/../lib/gcc/arm-none-eabi/7.3.1/thumb/v7e-m/fpv4-sp/hard\libgcc.a(_aeabi_uldivmod.o)
                0x0000000008000a7c                __aeabi_uldivmod
 .text          0x0000000008000aac      0x2cc c:/st/stm32cubeide_1.4.0/stm32cubeide/plugins/com.st.stm32cube.ide.mcu.externaltools.gnu-tools-for-stm32.7-2018-q2-update.win32_1.4.0.202007081208/tools/bin/../lib/gcc/arm-none-eabi/7.3.1/thumb/v7e-m/fpv4-sp/hard\libgcc.a(_udivmoddi4.o)
                0x0000000008000aac                __udivmoddi4
 .text          0x0000000008000d78        0x4 c:/st/stm32cubeide_1.4.0/stm32cubeide/plugins/com.st.stm32cube.ide.mcu.externaltools.gnu-tools-for-stm32.7-2018-q2-update.win32_1.4.0.202007081208/tools/bin/../lib/gcc/arm-none-eabi/7.3.1/thumb/v7e-m/fpv4-sp/hard\libgcc.a(_dvmd_tls.o)
                0x0000000008000d78                __aeabi_idiv0
                0x0000000008000d78                __aeabi_ldiv0
 *(.text*)
 .text.SELECT   0x0000000008000d7c       0x1a Core/Src/fatfs_sd.o
 .text.DESELECT
                0x0000000008000d96       0x1a Core/Src/fatfs_sd.o
 .text.SPI_TxByte
                0x0000000008000db0       0x34 Core/Src/fatfs_sd.o
 .text.SPI_TxBuffer
                0x0000000008000de4       0x34 Core/Src/fatfs_sd.o
 .text.SPI_RxByte
                0x0000000008000e18       0x38 Core/Src/fatfs_sd.o
 .text.SPI_RxBytePtr
                0x0000000008000e50       0x1c Core/Src/fatfs_sd.o
 .text.SD_ReadyWait
                0x0000000008000e6c       0x34 Core/Src/fatfs_sd.o
 .text.SD_PowerOn
                0x0000000008000ea0       0x84 Core/Src/fatfs_sd.o
 .text.SD_PowerOff
                0x0000000008000f24       0x18 Core/Src/fatfs_sd.o
 .text.SD_CheckPower
                0x0000000008000f3c       0x18 Core/Src/fatfs_sd.o
 .text.SD_RxDataBlock
                0x0000000008000f54       0x60 Core/Src/fatfs_sd.o
 .text.SD_TxDataBlock
                0x0000000008000fb4       0x86 Core/Src/fatfs_sd.o
 .text.SD_SendCmd
                0x000000000800103a       0xa8 Core/Src/fatfs_sd.o
 *fill*         0x00000000080010e2        0x2 
 .text.SD_disk_initialize
                0x00000000080010e4      0x1d8 Core/Src/fatfs_sd.o
                0x00000000080010e4                SD_disk_initialize
 .text.SD_disk_status
                0x00000000080012bc       0x2c Core/Src/fatfs_sd.o
                0x00000000080012bc                SD_disk_status
 .text.SD_disk_read
                0x00000000080012e8       0xd4 Core/Src/fatfs_sd.o
                0x00000000080012e8                SD_disk_read
 .text.SD_disk_write
                0x00000000080013bc      0x108 Core/Src/fatfs_sd.o
                0x00000000080013bc                SD_disk_write
 .text.SD_disk_ioctl
                0x00000000080014c4      0x254 Core/Src/fatfs_sd.o
                0x00000000080014c4                SD_disk_ioctl
 .text.send_uart
                0x0000000008001718       0x30 Core/Src/main.o
                0x0000000008001718                send_uart
 .text.bufclear
                0x0000000008001748       0x34 Core/Src/main.o
                0x0000000008001748                bufclear
 .text.main     0x000000000800177c      0x194 Core/Src/main.o
                0x000000000800177c                main
 .text.SystemClock_Config
                0x0000000008001910       0xee Core/Src/main.o
                0x0000000008001910                SystemClock_Config
 *fill*         0x00000000080019fe        0x2 
 .text.MX_SPI1_Init
                0x0000000008001a00       0x7c Core/Src/main.o
 .text.MX_USART3_UART_Init
                0x0000000008001a7c       0x60 Core/Src/main.o
 .text.MX_GPIO_Init
                0x0000000008001adc       0x7c Core/Src/main.o
 .text.Error_Handler
                0x0000000008001b58        0xe Core/Src/main.o
                0x0000000008001b58                Error_Handler
 *fill*         0x0000000008001b66        0x2 
 .text.HAL_MspInit
                0x0000000008001b68       0x48 Core/Src/stm32l4xx_hal_msp.o
                0x0000000008001b68                HAL_MspInit
 .text.HAL_SPI_MspInit
                0x0000000008001bb0       0x84 Core/Src/stm32l4xx_hal_msp.o
                0x0000000008001bb0                HAL_SPI_MspInit
 .text.HAL_UART_MspInit
                0x0000000008001c34       0x88 Core/Src/stm32l4xx_hal_msp.o
                0x0000000008001c34                HAL_UART_MspInit
 .text.SDTimer_Handler
                0x0000000008001cbc       0x48 Core/Src/stm32l4xx_it.o
                0x0000000008001cbc                SDTimer_Handler
 .text.NMI_Handler
                0x0000000008001d04        0xe Core/Src/stm32l4xx_it.o
                0x0000000008001d04                NMI_Handler
 .text.HardFault_Handler
                0x0000000008001d12        0x6 Core/Src/stm32l4xx_it.o
                0x0000000008001d12                HardFault_Handler
 .text.MemManage_Handler
                0x0000000008001d18        0x6 Core/Src/stm32l4xx_it.o
                0x0000000008001d18                MemManage_Handler
 .text.BusFault_Handler
                0x0000000008001d1e        0x6 Core/Src/stm32l4xx_it.o
                0x0000000008001d1e                BusFault_Handler
 .text.UsageFault_Handler
                0x0000000008001d24        0x6 Core/Src/stm32l4xx_it.o
                0x0000000008001d24                UsageFault_Handler
 .text.SVC_Handler
                0x0000000008001d2a        0xe Core/Src/stm32l4xx_it.o
                0x0000000008001d2a                SVC_Handler
 .text.DebugMon_Handler
                0x0000000008001d38        0xe Core/Src/stm32l4xx_it.o
                0x0000000008001d38                DebugMon_Handler
 .text.PendSV_Handler
                0x0000000008001d46        0xe Core/Src/stm32l4xx_it.o
                0x0000000008001d46                PendSV_Handler
 .text.SysTick_Handler
                0x0000000008001d54       0x34 Core/Src/stm32l4xx_it.o
                0x0000000008001d54                SysTick_Handler
 .text._sbrk    0x0000000008001d88       0x6c Core/Src/sysmem.o
                0x0000000008001d88                _sbrk
 .text.SystemInit
                0x0000000008001df4       0x6c Core/Src/system_stm32l4xx.o
                0x0000000008001df4                SystemInit
 .text.Reset_Handler
                0x0000000008001e60       0x50 Core/Startup/startup_stm32l4a6zgtx.o
                0x0000000008001e60                Reset_Handler
 .text.Default_Handler
                0x0000000008001eb0        0x2 Core/Startup/startup_stm32l4a6zgtx.o
                0x0000000008001eb0                RTC_Alarm_IRQHandler
                0x0000000008001eb0                HASH_RNG_IRQHandler
                0x0000000008001eb0                EXTI2_IRQHandler
                0x0000000008001eb0                TIM8_TRG_COM_IRQHandler
                0x0000000008001eb0                TIM8_CC_IRQHandler
                0x0000000008001eb0                TIM1_CC_IRQHandler
                0x0000000008001eb0                TSC_IRQHandler
                0x0000000008001eb0                TAMP_STAMP_IRQHandler
                0x0000000008001eb0                CAN2_RX1_IRQHandler
                0x0000000008001eb0                EXTI3_IRQHandler
                0x0000000008001eb0                LPTIM2_IRQHandler
                0x0000000008001eb0                DFSDM1_FLT1_IRQHandler
                0x0000000008001eb0                I2C3_ER_IRQHandler
                0x0000000008001eb0                DFSDM1_FLT2_IRQHandler
                0x0000000008001eb0                EXTI0_IRQHandler
                0x0000000008001eb0                I2C2_EV_IRQHandler
                0x0000000008001eb0                CAN1_RX0_IRQHandler
                0x0000000008001eb0                FPU_IRQHandler
                0x0000000008001eb0                TIM1_UP_TIM16_IRQHandler
                0x0000000008001eb0                CAN2_SCE_IRQHandler
                0x0000000008001eb0                ADC1_2_IRQHandler
                0x0000000008001eb0                SPI1_IRQHandler
                0x0000000008001eb0                TIM6_DAC_IRQHandler
                0x0000000008001eb0                DCMI_IRQHandler
                0x0000000008001eb0                CAN2_RX0_IRQHandler
                0x0000000008001eb0                TIM8_UP_IRQHandler
                0x0000000008001eb0                DMA2_Channel2_IRQHandler
                0x0000000008001eb0                DMA1_Channel4_IRQHandler
                0x0000000008001eb0                SAI2_IRQHandler
                0x0000000008001eb0                DFSDM1_FLT3_IRQHandler
                0x0000000008001eb0                USART3_IRQHandler
                0x0000000008001eb0                DMA1_Channel7_IRQHandler
                0x0000000008001eb0                CAN1_RX1_IRQHandler
                0x0000000008001eb0                LCD_IRQHandler
                0x0000000008001eb0                UART5_IRQHandler
                0x0000000008001eb0                ADC3_IRQHandler
                0x0000000008001eb0                TIM4_IRQHandler
                0x0000000008001eb0                DMA2_Channel1_IRQHandler
                0x0000000008001eb0                QUADSPI_IRQHandler
                0x0000000008001eb0                I2C1_EV_IRQHandler
                0x0000000008001eb0                DMA1_Channel6_IRQHandler
                0x0000000008001eb0                UART4_IRQHandler
                0x0000000008001eb0                DMA2_Channel4_IRQHandler
                0x0000000008001eb0                TIM3_IRQHandler
                0x0000000008001eb0                RCC_IRQHandler
                0x0000000008001eb0                DMA1_Channel1_IRQHandler
                0x0000000008001eb0                Default_Handler
                0x0000000008001eb0                DMA2_Channel7_IRQHandler
                0x0000000008001eb0                EXTI15_10_IRQHandler
                0x0000000008001eb0                TIM7_IRQHandler
                0x0000000008001eb0                SDMMC1_IRQHandler
                0x0000000008001eb0                CAN2_TX_IRQHandler
                0x0000000008001eb0                TIM5_IRQHandler
                0x0000000008001eb0                I2C3_EV_IRQHandler
                0x0000000008001eb0                EXTI9_5_IRQHandler
                0x0000000008001eb0                RTC_WKUP_IRQHandler
                0x0000000008001eb0                PVD_PVM_IRQHandler
                0x0000000008001eb0                SPI2_IRQHandler
                0x0000000008001eb0                CAN1_TX_IRQHandler
                0x0000000008001eb0                DMA2_Channel5_IRQHandler
                0x0000000008001eb0                CRS_IRQHandler
                0x0000000008001eb0                DMA1_Channel5_IRQHandler
                0x0000000008001eb0                EXTI4_IRQHandler
                0x0000000008001eb0                TIM1_TRG_COM_TIM17_IRQHandler
                0x0000000008001eb0                DMA1_Channel3_IRQHandler
                0x0000000008001eb0                COMP_IRQHandler
                0x0000000008001eb0                WWDG_IRQHandler
                0x0000000008001eb0                I2C4_EV_IRQHandler
                0x0000000008001eb0                LPUART1_IRQHandler
                0x0000000008001eb0                DMA2_Channel6_IRQHandler
                0x0000000008001eb0                TIM2_IRQHandler
                0x0000000008001eb0                DMA2D_IRQHandler
                0x0000000008001eb0                EXTI1_IRQHandler
                0x0000000008001eb0                AES_IRQHandler
                0x0000000008001eb0                USART2_IRQHandler
                0x0000000008001eb0                DFSDM1_FLT0_IRQHandler
                0x0000000008001eb0                I2C2_ER_IRQHandler
                0x0000000008001eb0                DMA1_Channel2_IRQHandler
                0x0000000008001eb0                TIM8_BRK_IRQHandler
                0x0000000008001eb0                CAN1_SCE_IRQHandler
                0x0000000008001eb0                FLASH_IRQHandler
                0x0000000008001eb0                USART1_IRQHandler
                0x0000000008001eb0                OTG_FS_IRQHandler
                0x0000000008001eb0                SPI3_IRQHandler
                0x0000000008001eb0                I2C1_ER_IRQHandler
                0x0000000008001eb0                FMC_IRQHandler
                0x0000000008001eb0                SWPMI1_IRQHandler
                0x0000000008001eb0                LPTIM1_IRQHandler
                0x0000000008001eb0                I2C4_ER_IRQHandler
                0x0000000008001eb0                SAI1_IRQHandler
                0x0000000008001eb0                DMA2_Channel3_IRQHandler
                0x0000000008001eb0                TIM1_BRK_TIM15_IRQHandler
 .text.HAL_Init
                0x0000000008001eb2       0x30 Drivers/STM32L4xx_HAL_Driver/Src/stm32l4xx_hal.o
                0x0000000008001eb2                HAL_Init
 *fill*         0x0000000008001ee2        0x2 
 .text.HAL_InitTick
                0x0000000008001ee4       0x78 Drivers/STM32L4xx_HAL_Driver/Src/stm32l4xx_hal.o
                0x0000000008001ee4                HAL_InitTick
 .text.HAL_IncTick
                0x0000000008001f5c       0x28 Drivers/STM32L4xx_HAL_Driver/Src/stm32l4xx_hal.o
                0x0000000008001f5c                HAL_IncTick
 .text.HAL_GetTick
                0x0000000008001f84       0x18 Drivers/STM32L4xx_HAL_Driver/Src/stm32l4xx_hal.o
                0x0000000008001f84                HAL_GetTick
 .text.HAL_Delay
                0x0000000008001f9c       0x44 Drivers/STM32L4xx_HAL_Driver/Src/stm32l4xx_hal.o
                0x0000000008001f9c                HAL_Delay
 .text.__NVIC_SetPriorityGrouping
                0x0000000008001fe0       0x48 Drivers/STM32L4xx_HAL_Driver/Src/stm32l4xx_hal_cortex.o
 .text.__NVIC_GetPriorityGrouping
                0x0000000008002028       0x1c Drivers/STM32L4xx_HAL_Driver/Src/stm32l4xx_hal_cortex.o
 .text.__NVIC_SetPriority
                0x0000000008002044       0x54 Drivers/STM32L4xx_HAL_Driver/Src/stm32l4xx_hal_cortex.o
 .text.NVIC_EncodePriority
                0x0000000008002098       0x66 Drivers/STM32L4xx_HAL_Driver/Src/stm32l4xx_hal_cortex.o
 *fill*         0x00000000080020fe        0x2 
 .text.SysTick_Config
                0x0000000008002100       0x44 Drivers/STM32L4xx_HAL_Driver/Src/stm32l4xx_hal_cortex.o
 .text.HAL_NVIC_SetPriorityGrouping
                0x0000000008002144       0x16 Drivers/STM32L4xx_HAL_Driver/Src/stm32l4xx_hal_cortex.o
                0x0000000008002144                HAL_NVIC_SetPriorityGrouping
 .text.HAL_NVIC_SetPriority
                0x000000000800215a       0x38 Drivers/STM32L4xx_HAL_Driver/Src/stm32l4xx_hal_cortex.o
                0x000000000800215a                HAL_NVIC_SetPriority
 .text.HAL_SYSTICK_Config
                0x0000000008002192       0x18 Drivers/STM32L4xx_HAL_Driver/Src/stm32l4xx_hal_cortex.o
                0x0000000008002192                HAL_SYSTICK_Config
 *fill*         0x00000000080021aa        0x2 
 .text.HAL_GPIO_Init
                0x00000000080021ac      0x324 Drivers/STM32L4xx_HAL_Driver/Src/stm32l4xx_hal_gpio.o
                0x00000000080021ac                HAL_GPIO_Init
 .text.HAL_GPIO_WritePin
                0x00000000080024d0       0x30 Drivers/STM32L4xx_HAL_Driver/Src/stm32l4xx_hal_gpio.o
                0x00000000080024d0                HAL_GPIO_WritePin
 .text.HAL_PWREx_GetVoltageRange
                0x0000000008002500       0x1c Drivers/STM32L4xx_HAL_Driver/Src/stm32l4xx_hal_pwr_ex.o
                0x0000000008002500                HAL_PWREx_GetVoltageRange
 .text.HAL_PWREx_ControlVoltageScaling
                0x000000000800251c       0xac Drivers/STM32L4xx_HAL_Driver/Src/stm32l4xx_hal_pwr_ex.o
                0x000000000800251c                HAL_PWREx_ControlVoltageScaling
 .text.HAL_RCC_OscConfig
                0x00000000080025c8      0x84c Drivers/STM32L4xx_HAL_Driver/Src/stm32l4xx_hal_rcc.o
                0x00000000080025c8                HAL_RCC_OscConfig
 .text.HAL_RCC_ClockConfig
                0x0000000008002e14      0x1c4 Drivers/STM32L4xx_HAL_Driver/Src/stm32l4xx_hal_rcc.o
                0x0000000008002e14                HAL_RCC_ClockConfig
 .text.HAL_RCC_GetSysClockFreq
                0x0000000008002fd8      0x114 Drivers/STM32L4xx_HAL_Driver/Src/stm32l4xx_hal_rcc.o
                0x0000000008002fd8                HAL_RCC_GetSysClockFreq
 .text.HAL_RCC_GetHCLKFreq
                0x00000000080030ec       0x18 Drivers/STM32L4xx_HAL_Driver/Src/stm32l4xx_hal_rcc.o
                0x00000000080030ec                HAL_RCC_GetHCLKFreq
 .text.HAL_RCC_GetPCLK1Freq
                0x0000000008003104       0x2c Drivers/STM32L4xx_HAL_Driver/Src/stm32l4xx_hal_rcc.o
                0x0000000008003104                HAL_RCC_GetPCLK1Freq
 .text.HAL_RCC_GetPCLK2Freq
                0x0000000008003130       0x2c Drivers/STM32L4xx_HAL_Driver/Src/stm32l4xx_hal_rcc.o
                0x0000000008003130                HAL_RCC_GetPCLK2Freq
 .text.RCC_SetFlashLatencyFromMSIRange
                0x000000000800315c       0xc0 Drivers/STM32L4xx_HAL_Driver/Src/stm32l4xx_hal_rcc.o
 .text.HAL_RCCEx_PeriphCLKConfig
                0x000000000800321c      0x5f0 Drivers/STM32L4xx_HAL_Driver/Src/stm32l4xx_hal_rcc_ex.o
                0x000000000800321c                HAL_RCCEx_PeriphCLKConfig
 .text.RCCEx_PLLSAI1_Config
                0x000000000800380c      0x1e0 Drivers/STM32L4xx_HAL_Driver/Src/stm32l4xx_hal_rcc_ex.o
 .text.RCCEx_PLLSAI2_Config
                0x00000000080039ec      0x1b4 Drivers/STM32L4xx_HAL_Driver/Src/stm32l4xx_hal_rcc_ex.o
 .text.HAL_SPI_Init
                0x0000000008003ba0      0x146 Drivers/STM32L4xx_HAL_Driver/Src/stm32l4xx_hal_spi.o
                0x0000000008003ba0                HAL_SPI_Init
 .text.HAL_SPI_Transmit
                0x0000000008003ce6      0x2dc Drivers/STM32L4xx_HAL_Driver/Src/stm32l4xx_hal_spi.o
                0x0000000008003ce6                HAL_SPI_Transmit
 .text.HAL_SPI_TransmitReceive
                0x0000000008003fc2      0x426 Drivers/STM32L4xx_HAL_Driver/Src/stm32l4xx_hal_spi.o
                0x0000000008003fc2                HAL_SPI_TransmitReceive
 .text.SPI_WaitFlagStateUntilTimeout
                0x00000000080043e8      0x110 Drivers/STM32L4xx_HAL_Driver/Src/stm32l4xx_hal_spi.o
 .text.SPI_WaitFifoStateUntilTimeout
                0x00000000080044f8      0x11c Drivers/STM32L4xx_HAL_Driver/Src/stm32l4xx_hal_spi.o
 .text.SPI_EndRxTxTransaction
                0x0000000008004614       0x8c Drivers/STM32L4xx_HAL_Driver/Src/stm32l4xx_hal_spi.o
 .text.HAL_UART_Init
                0x00000000080046a0       0x9c Drivers/STM32L4xx_HAL_Driver/Src/stm32l4xx_hal_uart.o
                0x00000000080046a0                HAL_UART_Init
 .text.HAL_UART_Transmit
                0x000000000800473c      0x126 Drivers/STM32L4xx_HAL_Driver/Src/stm32l4xx_hal_uart.o
                0x000000000800473c                HAL_UART_Transmit
 *fill*         0x0000000008004862        0x2 
 .text.UART_SetConfig
                0x0000000008004864      0x514 Drivers/STM32L4xx_HAL_Driver/Src/stm32l4xx_hal_uart.o
                0x0000000008004864                UART_SetConfig
 .text.UART_AdvFeatureConfig
                0x0000000008004d78      0x144 Drivers/STM32L4xx_HAL_Driver/Src/stm32l4xx_hal_uart.o
                0x0000000008004d78                UART_AdvFeatureConfig
 .text.UART_CheckIdleState
                0x0000000008004ebc       0x8a Drivers/STM32L4xx_HAL_Driver/Src/stm32l4xx_hal_uart.o
                0x0000000008004ebc                UART_CheckIdleState
 .text.UART_WaitOnFlagUntilTimeout
                0x0000000008004f46       0xf6 Drivers/STM32L4xx_HAL_Driver/Src/stm32l4xx_hal_uart.o
                0x0000000008004f46                UART_WaitOnFlagUntilTimeout
 .text.MX_FATFS_Init
                0x000000000800503c       0x24 FATFS/App/fatfs.o
                0x000000000800503c                MX_FATFS_Init
 .text.get_fattime
                0x0000000008005060       0x10 FATFS/App/fatfs.o
                0x0000000008005060                get_fattime
 .text.USER_initialize
                0x0000000008005070       0x2c FATFS/Target/user_diskio.o
                0x0000000008005070                USER_initialize
 .text.USER_status
                0x000000000800509c       0x1c FATFS/Target/user_diskio.o
                0x000000000800509c                USER_status
 .text.USER_read
                0x00000000080050b8       0x26 FATFS/Target/user_diskio.o
                0x00000000080050b8                USER_read
 .text.USER_write
                0x00000000080050de       0x26 FATFS/Target/user_diskio.o
                0x00000000080050de                USER_write
 .text.USER_ioctl
                0x0000000008005104       0x26 FATFS/Target/user_diskio.o
                0x0000000008005104                USER_ioctl
 *fill*         0x000000000800512a        0x2 
 .text.disk_status
                0x000000000800512c       0x34 Middlewares/Third_Party/FatFs/src/diskio.o
                0x000000000800512c                disk_status
 .text.disk_initialize
                0x0000000008005160       0x4c Middlewares/Third_Party/FatFs/src/diskio.o
                0x0000000008005160                disk_initialize
 .text.disk_read
                0x00000000080051ac       0x40 Middlewares/Third_Party/FatFs/src/diskio.o
                0x00000000080051ac                disk_read
 .text.disk_write
                0x00000000080051ec       0x40 Middlewares/Third_Party/FatFs/src/diskio.o
                0x00000000080051ec                disk_write
 .text.disk_ioctl
                0x000000000800522c       0x3c Middlewares/Third_Party/FatFs/src/diskio.o
                0x000000000800522c                disk_ioctl
 .text.ld_word  0x0000000008005268       0x30 Middlewares/Third_Party/FatFs/src/ff.o
 .text.ld_dword
                0x0000000008005298       0x46 Middlewares/Third_Party/FatFs/src/ff.o
 .text.st_word  0x00000000080052de       0x36 Middlewares/Third_Party/FatFs/src/ff.o
 .text.st_dword
                0x0000000008005314       0x58 Middlewares/Third_Party/FatFs/src/ff.o
 .text.mem_cpy  0x000000000800536c       0x42 Middlewares/Third_Party/FatFs/src/ff.o
 .text.mem_set  0x00000000080053ae       0x34 Middlewares/Third_Party/FatFs/src/ff.o
 .text.mem_cmp  0x00000000080053e2       0x4e Middlewares/Third_Party/FatFs/src/ff.o
 .text.chk_chr  0x0000000008005430       0x36 Middlewares/Third_Party/FatFs/src/ff.o
 *fill*         0x0000000008005466        0x2 
 .text.chk_lock
                0x0000000008005468       0xb8 Middlewares/Third_Party/FatFs/src/ff.o
 .text.enq_lock
                0x0000000008005520       0x44 Middlewares/Third_Party/FatFs/src/ff.o
 .text.inc_lock
                0x0000000008005564      0x11c Middlewares/Third_Party/FatFs/src/ff.o
 .text.dec_lock
                0x0000000008005680       0x78 Middlewares/Third_Party/FatFs/src/ff.o
 .text.clear_lock
                0x00000000080056f8       0x48 Middlewares/Third_Party/FatFs/src/ff.o
 .text.sync_window
                0x0000000008005740       0x88 Middlewares/Third_Party/FatFs/src/ff.o
 .text.move_window
                0x00000000080057c8       0x5a Middlewares/Third_Party/FatFs/src/ff.o
 *fill*         0x0000000008005822        0x2 
 .text.sync_fs  0x0000000008005824       0xe0 Middlewares/Third_Party/FatFs/src/ff.o
 .text.clust2sect
                0x0000000008005904       0x3e Middlewares/Third_Party/FatFs/src/ff.o
 .text.get_fat  0x0000000008005942      0x1a0 Middlewares/Third_Party/FatFs/src/ff.o
 .text.put_fat  0x0000000008005ae2      0x22e Middlewares/Third_Party/FatFs/src/ff.o
 .text.remove_chain
                0x0000000008005d10       0xca Middlewares/Third_Party/FatFs/src/ff.o
 .text.create_chain
                0x0000000008005dda      0x130 Middlewares/Third_Party/FatFs/src/ff.o
 .text.clmt_clust
                0x0000000008005f0a       0x70 Middlewares/Third_Party/FatFs/src/ff.o
 .text.dir_sdi  0x0000000008005f7a      0x112 Middlewares/Third_Party/FatFs/src/ff.o
 .text.dir_next
                0x000000000800608c      0x1ac Middlewares/Third_Party/FatFs/src/ff.o
 .text.dir_alloc
                0x0000000008006238       0x8e Middlewares/Third_Party/FatFs/src/ff.o
 .text.ld_clust
                0x00000000080062c6       0x3e Middlewares/Third_Party/FatFs/src/ff.o
 .text.st_clust
                0x0000000008006304       0x40 Middlewares/Third_Party/FatFs/src/ff.o
 .text.cmp_lfn  0x0000000008006344       0xe0 Middlewares/Third_Party/FatFs/src/ff.o
 .text.put_lfn  0x0000000008006424       0xd0 Middlewares/Third_Party/FatFs/src/ff.o
 .text.gen_numname
                0x00000000080064f4      0x11e Middlewares/Third_Party/FatFs/src/ff.o
 .text.sum_sfn  0x0000000008006612       0x42 Middlewares/Third_Party/FatFs/src/ff.o
 .text.dir_find
                0x0000000008006654      0x180 Middlewares/Third_Party/FatFs/src/ff.o
 .text.dir_register
                0x00000000080067d4      0x1f0 Middlewares/Third_Party/FatFs/src/ff.o
 .text.create_name
                0x00000000080069c4      0x370 Middlewares/Third_Party/FatFs/src/ff.o
 .text.follow_path
                0x0000000008006d34       0xec Middlewares/Third_Party/FatFs/src/ff.o
 .text.get_ldnumber
                0x0000000008006e20       0x88 Middlewares/Third_Party/FatFs/src/ff.o
 .text.check_fs
                0x0000000008006ea8       0xac Middlewares/Third_Party/FatFs/src/ff.o
 .text.find_volume
                0x0000000008006f54      0x510 Middlewares/Third_Party/FatFs/src/ff.o
 .text.validate
                0x0000000008007464       0x6a Middlewares/Third_Party/FatFs/src/ff.o
 *fill*         0x00000000080074ce        0x2 
 .text.f_mount  0x00000000080074d0       0x8c Middlewares/Third_Party/FatFs/src/ff.o
                0x00000000080074d0                f_mount
 .text.f_open   0x000000000800755c      0x398 Middlewares/Third_Party/FatFs/src/ff.o
                0x000000000800755c                f_open
 .text.f_read   0x00000000080078f4      0x2be Middlewares/Third_Party/FatFs/src/ff.o
                0x00000000080078f4                f_read
 .text.f_write  0x0000000008007bb2      0x328 Middlewares/Third_Party/FatFs/src/ff.o
                0x0000000008007bb2                f_write
 .text.f_sync   0x0000000008007eda       0xfc Middlewares/Third_Party/FatFs/src/ff.o
                0x0000000008007eda                f_sync
 .text.f_close  0x0000000008007fd6       0x54 Middlewares/Third_Party/FatFs/src/ff.o
                0x0000000008007fd6                f_close
 .text.f_getfree
                0x000000000800802a      0x16a Middlewares/Third_Party/FatFs/src/ff.o
                0x000000000800802a                f_getfree
 .text.f_gets   0x0000000008008194       0x7a Middlewares/Third_Party/FatFs/src/ff.o
                0x0000000008008194                f_gets
 .text.putc_bfd
                0x000000000800820e       0x7a Middlewares/Third_Party/FatFs/src/ff.o
 .text.putc_flush
                0x0000000008008288       0x4c Middlewares/Third_Party/FatFs/src/ff.o
 .text.putc_init
                0x00000000080082d4       0x2a Middlewares/Third_Party/FatFs/src/ff.o
 .text.f_puts   0x00000000080082fe       0x48 Middlewares/Third_Party/FatFs/src/ff.o
                0x00000000080082fe                f_puts
 *fill*         0x0000000008008346        0x2 
 .text.FATFS_LinkDriverEx
                0x0000000008008348       0x98 Middlewares/Third_Party/FatFs/src/ff_gen_drv.o
                0x0000000008008348                FATFS_LinkDriverEx
 .text.FATFS_LinkDriver
                0x00000000080083e0       0x1e Middlewares/Third_Party/FatFs/src/ff_gen_drv.o
                0x00000000080083e0                FATFS_LinkDriver
 *fill*         0x00000000080083fe        0x2 
 .text.ff_convert
                0x0000000008008400       0x78 Middlewares/Third_Party/FatFs/src/option/ccsbcs.o
                0x0000000008008400                ff_convert
 .text.ff_wtoupper
                0x0000000008008478      0x114 Middlewares/Third_Party/FatFs/src/option/ccsbcs.o
                0x0000000008008478                ff_wtoupper
 .text.__errno  0x000000000800858c        0xc c:/st/stm32cubeide_1.4.0/stm32cubeide/plugins/com.st.stm32cube.ide.mcu.externaltools.gnu-tools-for-stm32.7-2018-q2-update.win32_1.4.0.202007081208/tools/bin/../lib/gcc/arm-none-eabi/7.3.1/../../../../arm-none-eabi/lib/thumb/v7e-m/fpv4-sp/hard\libc_nano.a(lib_a-errno.o)
                0x000000000800858c                __errno
 .text.__libc_init_array
                0x0000000008008598       0x48 c:/st/stm32cubeide_1.4.0/stm32cubeide/plugins/com.st.stm32cube.ide.mcu.externaltools.gnu-tools-for-stm32.7-2018-q2-update.win32_1.4.0.202007081208/tools/bin/../lib/gcc/arm-none-eabi/7.3.1/../../../../arm-none-eabi/lib/thumb/v7e-m/fpv4-sp/hard\libc_nano.a(lib_a-init.o)
                0x0000000008008598                __libc_init_array
 .text.memset   0x00000000080085e0       0x10 c:/st/stm32cubeide_1.4.0/stm32cubeide/plugins/com.st.stm32cube.ide.mcu.externaltools.gnu-tools-for-stm32.7-2018-q2-update.win32_1.4.0.202007081208/tools/bin/../lib/gcc/arm-none-eabi/7.3.1/../../../../arm-none-eabi/lib/thumb/v7e-m/fpv4-sp/hard\libc_nano.a(lib_a-memset.o)
                0x00000000080085e0                memset
 .text.sprintf  0x00000000080085f0       0x40 c:/st/stm32cubeide_1.4.0/stm32cubeide/plugins/com.st.stm32cube.ide.mcu.externaltools.gnu-tools-for-stm32.7-2018-q2-update.win32_1.4.0.202007081208/tools/bin/../lib/gcc/arm-none-eabi/7.3.1/../../../../arm-none-eabi/lib/thumb/v7e-m/fpv4-sp/hard\libc_nano.a(lib_a-sprintf.o)
                0x00000000080085f0                siprintf
                0x00000000080085f0                sprintf
 .text.__ssputs_r
                0x0000000008008630       0xb4 c:/st/stm32cubeide_1.4.0/stm32cubeide/plugins/com.st.stm32cube.ide.mcu.externaltools.gnu-tools-for-stm32.7-2018-q2-update.win32_1.4.0.202007081208/tools/bin/../lib/gcc/arm-none-eabi/7.3.1/../../../../arm-none-eabi/lib/thumb/v7e-m/fpv4-sp/hard\libc_nano.a(lib_a-nano-svfprintf.o)
                0x0000000008008630                __ssputs_r
 .text._svfprintf_r
                0x00000000080086e4      0x1f0 c:/st/stm32cubeide_1.4.0/stm32cubeide/plugins/com.st.stm32cube.ide.mcu.externaltools.gnu-tools-for-stm32.7-2018-q2-update.win32_1.4.0.202007081208/tools/bin/../lib/gcc/arm-none-eabi/7.3.1/../../../../arm-none-eabi/lib/thumb/v7e-m/fpv4-sp/hard\libc_nano.a(lib_a-nano-svfprintf.o)
                0x00000000080086e4                _svfiprintf_r
                0x00000000080086e4                _svfprintf_r
 .text._printf_common
                0x00000000080088d4       0xea c:/st/stm32cubeide_1.4.0/stm32cubeide/plugins/com.st.stm32cube.ide.mcu.externaltools.gnu-tools-for-stm32.7-2018-q2-update.win32_1.4.0.202007081208/tools/bin/../lib/gcc/arm-none-eabi/7.3.1/../../../../arm-none-eabi/lib/thumb/v7e-m/fpv4-sp/hard\libc_nano.a(lib_a-nano-vfprintf_i.o)
                0x00000000080088d4                _printf_common
 *fill*         0x00000000080089be        0x2 
 .text._printf_i
                0x00000000080089c0      0x224 c:/st/stm32cubeide_1.4.0/stm32cubeide/plugins/com.st.stm32cube.ide.mcu.externaltools.gnu-tools-for-stm32.7-2018-q2-update.win32_1.4.0.202007081208/tools/bin/../lib/gcc/arm-none-eabi/7.3.1/../../../../arm-none-eabi/lib/thumb/v7e-m/fpv4-sp/hard\libc_nano.a(lib_a-nano-vfprintf_i.o)
                0x00000000080089c0                _printf_i
 .text.memcpy   0x0000000008008be4       0x16 c:/st/stm32cubeide_1.4.0/stm32cubeide/plugins/com.st.stm32cube.ide.mcu.externaltools.gnu-tools-for-stm32.7-2018-q2-update.win32_1.4.0.202007081208/tools/bin/../lib/gcc/arm-none-eabi/7.3.1/../../../../arm-none-eabi/lib/thumb/v7e-m/fpv4-sp/hard\libc_nano.a(lib_a-memcpy-stub.o)
                0x0000000008008be4                memcpy
 .text.memmove  0x0000000008008bfa       0x32 c:/st/stm32cubeide_1.4.0/stm32cubeide/plugins/com.st.stm32cube.ide.mcu.externaltools.gnu-tools-for-stm32.7-2018-q2-update.win32_1.4.0.202007081208/tools/bin/../lib/gcc/arm-none-eabi/7.3.1/../../../../arm-none-eabi/lib/thumb/v7e-m/fpv4-sp/hard\libc_nano.a(lib_a-memmove.o)
                0x0000000008008bfa                memmove
 .text._free_r  0x0000000008008c2c       0x9c c:/st/stm32cubeide_1.4.0/stm32cubeide/plugins/com.st.stm32cube.ide.mcu.externaltools.gnu-tools-for-stm32.7-2018-q2-update.win32_1.4.0.202007081208/tools/bin/../lib/gcc/arm-none-eabi/7.3.1/../../../../arm-none-eabi/lib/thumb/v7e-m/fpv4-sp/hard\libc_nano.a(lib_a-nano-freer.o)
                0x0000000008008c2c                _free_r
 .text._malloc_r
                0x0000000008008cc8       0xb4 c:/st/stm32cubeide_1.4.0/stm32cubeide/plugins/com.st.stm32cube.ide.mcu.externaltools.gnu-tools-for-stm32.7-2018-q2-update.win32_1.4.0.202007081208/tools/bin/../lib/gcc/arm-none-eabi/7.3.1/../../../../arm-none-eabi/lib/thumb/v7e-m/fpv4-sp/hard\libc_nano.a(lib_a-nano-mallocr.o)
                0x0000000008008cc8                _malloc_r
 .text._realloc_r
                0x0000000008008d7c       0x4c c:/st/stm32cubeide_1.4.0/stm32cubeide/plugins/com.st.stm32cube.ide.mcu.externaltools.gnu-tools-for-stm32.7-2018-q2-update.win32_1.4.0.202007081208/tools/bin/../lib/gcc/arm-none-eabi/7.3.1/../../../../arm-none-eabi/lib/thumb/v7e-m/fpv4-sp/hard\libc_nano.a(lib_a-nano-reallocr.o)
                0x0000000008008d7c                _realloc_r
 .text._sbrk_r  0x0000000008008dc8       0x20 c:/st/stm32cubeide_1.4.0/stm32cubeide/plugins/com.st.stm32cube.ide.mcu.externaltools.gnu-tools-for-stm32.7-2018-q2-update.win32_1.4.0.202007081208/tools/bin/../lib/gcc/arm-none-eabi/7.3.1/../../../../arm-none-eabi/lib/thumb/v7e-m/fpv4-sp/hard\libc_nano.a(lib_a-sbrkr.o)
                0x0000000008008dc8                _sbrk_r
 .text.__malloc_lock
                0x0000000008008de8        0x2 c:/st/stm32cubeide_1.4.0/stm32cubeide/plugins/com.st.stm32cube.ide.mcu.externaltools.gnu-tools-for-stm32.7-2018-q2-update.win32_1.4.0.202007081208/tools/bin/../lib/gcc/arm-none-eabi/7.3.1/../../../../arm-none-eabi/lib/thumb/v7e-m/fpv4-sp/hard\libc_nano.a(lib_a-mlock.o)
                0x0000000008008de8                __malloc_lock
 .text.__malloc_unlock
                0x0000000008008dea        0x2 c:/st/stm32cubeide_1.4.0/stm32cubeide/plugins/com.st.stm32cube.ide.mcu.externaltools.gnu-tools-for-stm32.7-2018-q2-update.win32_1.4.0.202007081208/tools/bin/../lib/gcc/arm-none-eabi/7.3.1/../../../../arm-none-eabi/lib/thumb/v7e-m/fpv4-sp/hard\libc_nano.a(lib_a-mlock.o)
                0x0000000008008dea                __malloc_unlock
 .text._malloc_usable_size_r
                0x0000000008008dec       0x10 c:/st/stm32cubeide_1.4.0/stm32cubeide/plugins/com.st.stm32cube.ide.mcu.externaltools.gnu-tools-for-stm32.7-2018-q2-update.win32_1.4.0.202007081208/tools/bin/../lib/gcc/arm-none-eabi/7.3.1/../../../../arm-none-eabi/lib/thumb/v7e-m/fpv4-sp/hard\libc_nano.a(lib_a-nano-msizer.o)
                0x0000000008008dec                _malloc_usable_size_r
 *(.glue_7)
 .glue_7        0x0000000008008dfc        0x0 linker stubs
 *(.glue_7t)
 .glue_7t       0x0000000008008dfc        0x0 linker stubs
 *(.eh_frame)
 .eh_frame      0x0000000008008dfc        0x0 c:/st/stm32cubeide_1.4.0/stm32cubeide/plugins/com.st.stm32cube.ide.mcu.externaltools.gnu-tools-for-stm32.7-2018-q2-update.win32_1.4.0.202007081208/tools/bin/../lib/gcc/arm-none-eabi/7.3.1/thumb/v7e-m/fpv4-sp/hard/crtbegin.o
 *(.init)
 .init          0x0000000008008dfc        0x4 c:/st/stm32cubeide_1.4.0/stm32cubeide/plugins/com.st.stm32cube.ide.mcu.externaltools.gnu-tools-for-stm32.7-2018-q2-update.win32_1.4.0.202007081208/tools/bin/../lib/gcc/arm-none-eabi/7.3.1/thumb/v7e-m/fpv4-sp/hard/crti.o
                0x0000000008008dfc                _init
 .init          0x0000000008008e00        0x8 c:/st/stm32cubeide_1.4.0/stm32cubeide/plugins/com.st.stm32cube.ide.mcu.externaltools.gnu-tools-for-stm32.7-2018-q2-update.win32_1.4.0.202007081208/tools/bin/../lib/gcc/arm-none-eabi/7.3.1/thumb/v7e-m/fpv4-sp/hard/crtn.o
 *(.fini)
 .fini          0x0000000008008e08        0x4 c:/st/stm32cubeide_1.4.0/stm32cubeide/plugins/com.st.stm32cube.ide.mcu.externaltools.gnu-tools-for-stm32.7-2018-q2-update.win32_1.4.0.202007081208/tools/bin/../lib/gcc/arm-none-eabi/7.3.1/thumb/v7e-m/fpv4-sp/hard/crti.o
                0x0000000008008e08                _fini
 .fini          0x0000000008008e0c        0x8 c:/st/stm32cubeide_1.4.0/stm32cubeide/plugins/com.st.stm32cube.ide.mcu.externaltools.gnu-tools-for-stm32.7-2018-q2-update.win32_1.4.0.202007081208/tools/bin/../lib/gcc/arm-none-eabi/7.3.1/thumb/v7e-m/fpv4-sp/hard/crtn.o
                0x0000000008008e14                . = ALIGN (0x4)
                0x0000000008008e14                _etext = .

.vfp11_veneer   0x0000000008008e14        0x0
 .vfp11_veneer  0x0000000008008e14        0x0 linker stubs

.v4_bx          0x0000000008008e14        0x0
 .v4_bx         0x0000000008008e14        0x0 linker stubs

.iplt           0x0000000008008e14        0x0
 .iplt          0x0000000008008e14        0x0 c:/st/stm32cubeide_1.4.0/stm32cubeide/plugins/com.st.stm32cube.ide.mcu.externaltools.gnu-tools-for-stm32.7-2018-q2-update.win32_1.4.0.202007081208/tools/bin/../lib/gcc/arm-none-eabi/7.3.1/thumb/v7e-m/fpv4-sp/hard/crtbegin.o

.rodata         0x0000000008008e14      0x5a8
                0x0000000008008e14                . = ALIGN (0x4)
 *(.rodata)
 .rodata        0x0000000008008e14       0xa2 Core/Src/main.o
 *fill*         0x0000000008008eb6        0x2 
 .rodata        0x0000000008008eb8       0x48 Middlewares/Third_Party/FatFs/src/ff.o
 *(.rodata*)
 .rodata.AHBPrescTable
                0x0000000008008f00       0x10 Core/Src/system_stm32l4xx.o
                0x0000000008008f00                AHBPrescTable
 .rodata.APBPrescTable
                0x0000000008008f10        0x8 Core/Src/system_stm32l4xx.o
                0x0000000008008f10                APBPrescTable
 .rodata.MSIRangeTable
                0x0000000008008f18       0x30 Core/Src/system_stm32l4xx.o
                0x0000000008008f18                MSIRangeTable
 .rodata.ExCvt  0x0000000008008f48       0x80 Middlewares/Third_Party/FatFs/src/ff.o
 .rodata.LfnOfs
                0x0000000008008fc8        0xd Middlewares/Third_Party/FatFs/src/ff.o
 *fill*         0x0000000008008fd5        0x3 
 .rodata.Tbl    0x0000000008008fd8      0x100 Middlewares/Third_Party/FatFs/src/option/ccsbcs.o
 .rodata.cvt1.9235
                0x00000000080090d8      0x1f2 Middlewares/Third_Party/FatFs/src/option/ccsbcs.o
 *fill*         0x00000000080092ca        0x2 
 .rodata.cvt2.9236
                0x00000000080092cc       0xbc Middlewares/Third_Party/FatFs/src/option/ccsbcs.o
 .rodata._svfprintf_r.str1.1
                0x0000000008009388       0x11 c:/st/stm32cubeide_1.4.0/stm32cubeide/plugins/com.st.stm32cube.ide.mcu.externaltools.gnu-tools-for-stm32.7-2018-q2-update.win32_1.4.0.202007081208/tools/bin/../lib/gcc/arm-none-eabi/7.3.1/../../../../arm-none-eabi/lib/thumb/v7e-m/fpv4-sp/hard\libc_nano.a(lib_a-nano-svfprintf.o)
 .rodata._printf_i.str1.1
                0x0000000008009399       0x22 c:/st/stm32cubeide_1.4.0/stm32cubeide/plugins/com.st.stm32cube.ide.mcu.externaltools.gnu-tools-for-stm32.7-2018-q2-update.win32_1.4.0.202007081208/tools/bin/../lib/gcc/arm-none-eabi/7.3.1/../../../../arm-none-eabi/lib/thumb/v7e-m/fpv4-sp/hard\libc_nano.a(lib_a-nano-vfprintf_i.o)
                0x00000000080093bc                . = ALIGN (0x4)
 *fill*         0x00000000080093bb        0x1 

.ARM.extab      0x00000000080093bc        0x0
                0x00000000080093bc                . = ALIGN (0x4)
 *(.ARM.extab* .gnu.linkonce.armextab.*)
                0x00000000080093bc                . = ALIGN (0x4)

.ARM            0x00000000080093bc        0x8
                0x00000000080093bc                . = ALIGN (0x4)
                0x00000000080093bc                __exidx_start = .
 *(.ARM.exidx*)
 .ARM.exidx     0x00000000080093bc        0x8 c:/st/stm32cubeide_1.4.0/stm32cubeide/plugins/com.st.stm32cube.ide.mcu.externaltools.gnu-tools-for-stm32.7-2018-q2-update.win32_1.4.0.202007081208/tools/bin/../lib/gcc/arm-none-eabi/7.3.1/thumb/v7e-m/fpv4-sp/hard\libgcc.a(_udivmoddi4.o)
                0x00000000080093c4                __exidx_end = .
                0x00000000080093c4                . = ALIGN (0x4)

.rel.dyn        0x00000000080093c4        0x0
 .rel.iplt      0x00000000080093c4        0x0 c:/st/stm32cubeide_1.4.0/stm32cubeide/plugins/com.st.stm32cube.ide.mcu.externaltools.gnu-tools-for-stm32.7-2018-q2-update.win32_1.4.0.202007081208/tools/bin/../lib/gcc/arm-none-eabi/7.3.1/thumb/v7e-m/fpv4-sp/hard/crtbegin.o

.preinit_array  0x00000000080093c4        0x0
                0x00000000080093c4                . = ALIGN (0x4)
                0x00000000080093c4                PROVIDE (__preinit_array_start = .)
 *(.preinit_array*)
                0x00000000080093c4                PROVIDE (__preinit_array_end = .)
                0x00000000080093c4                . = ALIGN (0x4)

.init_array     0x00000000080093c4        0x4
                0x00000000080093c4                . = ALIGN (0x4)
                0x00000000080093c4                PROVIDE (__init_array_start = .)
 *(SORT_BY_NAME(.init_array.*))
 *(.init_array*)
 .init_array    0x00000000080093c4        0x4 c:/st/stm32cubeide_1.4.0/stm32cubeide/plugins/com.st.stm32cube.ide.mcu.externaltools.gnu-tools-for-stm32.7-2018-q2-update.win32_1.4.0.202007081208/tools/bin/../lib/gcc/arm-none-eabi/7.3.1/thumb/v7e-m/fpv4-sp/hard/crtbegin.o
                0x00000000080093c8                PROVIDE (__init_array_end = .)
                0x00000000080093c8                . = ALIGN (0x4)

.fini_array     0x00000000080093c8        0x4
                0x00000000080093c8                . = ALIGN (0x4)
                [!provide]                        PROVIDE (__fini_array_start = .)
 *(SORT_BY_NAME(.fini_array.*))
 *(.fini_array*)
 .fini_array    0x00000000080093c8        0x4 c:/st/stm32cubeide_1.4.0/stm32cubeide/plugins/com.st.stm32cube.ide.mcu.externaltools.gnu-tools-for-stm32.7-2018-q2-update.win32_1.4.0.202007081208/tools/bin/../lib/gcc/arm-none-eabi/7.3.1/thumb/v7e-m/fpv4-sp/hard/crtbegin.o
                [!provide]                        PROVIDE (__fini_array_end = .)
                0x00000000080093cc                . = ALIGN (0x4)
                0x00000000080093cc                _sidata = LOADADDR (.data)

.data           0x0000000020000000       0x88 load address 0x00000000080093cc
                0x0000000020000000                . = ALIGN (0x4)
                0x0000000020000000                _sdata = .
 *(.data)
 *(.data*)
 .data.Stat     0x0000000020000000        0x1 Core/Src/fatfs_sd.o
 *fill*         0x0000000020000001        0x3 
 .data.SystemCoreClock
                0x0000000020000004        0x4 Core/Src/system_stm32l4xx.o
                0x0000000020000004                SystemCoreClock
 .data.uwTickPrio
                0x0000000020000008        0x4 Drivers/STM32L4xx_HAL_Driver/Src/stm32l4xx_hal.o
                0x0000000020000008                uwTickPrio
 .data.uwTickFreq
                0x000000002000000c        0x1 Drivers/STM32L4xx_HAL_Driver/Src/stm32l4xx_hal.o
                0x000000002000000c                uwTickFreq
 .data.Stat     0x000000002000000d        0x1 FATFS/Target/user_diskio.o
 *fill*         0x000000002000000e        0x2 
 .data.USER_Driver
                0x0000000020000010       0x14 FATFS/Target/user_diskio.o
                0x0000000020000010                USER_Driver
 .data._impure_ptr
                0x0000000020000024        0x4 c:/st/stm32cubeide_1.4.0/stm32cubeide/plugins/com.st.stm32cube.ide.mcu.externaltools.gnu-tools-for-stm32.7-2018-q2-update.win32_1.4.0.202007081208/tools/bin/../lib/gcc/arm-none-eabi/7.3.1/../../../../arm-none-eabi/lib/thumb/v7e-m/fpv4-sp/hard\libc_nano.a(lib_a-impure.o)
                0x0000000020000024                _impure_ptr
 .data.impure_data
                0x0000000020000028       0x60 c:/st/stm32cubeide_1.4.0/stm32cubeide/plugins/com.st.stm32cube.ide.mcu.externaltools.gnu-tools-for-stm32.7-2018-q2-update.win32_1.4.0.202007081208/tools/bin/../lib/gcc/arm-none-eabi/7.3.1/../../../../arm-none-eabi/lib/thumb/v7e-m/fpv4-sp/hard\libc_nano.a(lib_a-impure.o)
                0x0000000020000088                . = ALIGN (0x4)
                0x0000000020000088                _edata = .

.igot.plt       0x0000000020000088        0x0 load address 0x0000000008009454
 .igot.plt      0x0000000020000088        0x0 c:/st/stm32cubeide_1.4.0/stm32cubeide/plugins/com.st.stm32cube.ide.mcu.externaltools.gnu-tools-for-stm32.7-2018-q2-update.win32_1.4.0.202007081208/tools/bin/../lib/gcc/arm-none-eabi/7.3.1/thumb/v7e-m/fpv4-sp/hard/crtbegin.o
                0x0000000020000088                . = ALIGN (0x4)

.bss            0x0000000020000088     0x4844 load address 0x0000000008009454
                0x0000000020000088                _sbss = .
                0x0000000020000088                __bss_start__ = _sbss
 *(.bss)
 .bss           0x0000000020000088       0x1c c:/st/stm32cubeide_1.4.0/stm32cubeide/plugins/com.st.stm32cube.ide.mcu.externaltools.gnu-tools-for-stm32.7-2018-q2-update.win32_1.4.0.202007081208/tools/bin/../lib/gcc/arm-none-eabi/7.3.1/thumb/v7e-m/fpv4-sp/hard/crtbegin.o
 *(.bss*)
 .bss.CardType  0x00000000200000a4        0x1 Core/Src/fatfs_sd.o
 .bss.PowerFlag
                0x00000000200000a5        0x1 Core/Src/fatfs_sd.o
 .bss.FatFsCnt  0x00000000200000a6        0x1 Core/Src/stm32l4xx_it.o
                0x00000000200000a6                FatFsCnt
 *fill*         0x00000000200000a7        0x1 
 .bss.__sbrk_heap_end
                0x00000000200000a8        0x4 Core/Src/sysmem.o
 .bss.FatFs     0x00000000200000ac        0x4 Middlewares/Third_Party/FatFs/src/ff.o
 .bss.Fsid      0x00000000200000b0        0x2 Middlewares/Third_Party/FatFs/src/ff.o
 *fill*         0x00000000200000b2        0x2 
 .bss.Files     0x00000000200000b4       0x20 Middlewares/Third_Party/FatFs/src/ff.o
 .bss.LfnBuf    0x00000000200000d4      0x200 Middlewares/Third_Party/FatFs/src/ff.o
 .bss.disk      0x00000000200002d4        0xc Middlewares/Third_Party/FatFs/src/ff_gen_drv.o
                0x00000000200002d4                disk
 .bss.__malloc_free_list
                0x00000000200002e0        0x4 c:/st/stm32cubeide_1.4.0/stm32cubeide/plugins/com.st.stm32cube.ide.mcu.externaltools.gnu-tools-for-stm32.7-2018-q2-update.win32_1.4.0.202007081208/tools/bin/../lib/gcc/arm-none-eabi/7.3.1/../../../../arm-none-eabi/lib/thumb/v7e-m/fpv4-sp/hard\libc_nano.a(lib_a-nano-mallocr.o)
                0x00000000200002e0                __malloc_free_list
 .bss.__malloc_sbrk_start
                0x00000000200002e4        0x4 c:/st/stm32cubeide_1.4.0/stm32cubeide/plugins/com.st.stm32cube.ide.mcu.externaltools.gnu-tools-for-stm32.7-2018-q2-update.win32_1.4.0.202007081208/tools/bin/../lib/gcc/arm-none-eabi/7.3.1/../../../../arm-none-eabi/lib/thumb/v7e-m/fpv4-sp/hard\libc_nano.a(lib_a-nano-mallocr.o)
                0x00000000200002e4                __malloc_sbrk_start
 *(COMMON)
 COMMON         0x00000000200002e8     0x2568 Core/Src/main.o
                0x00000000200002e8                fre_clust
                0x00000000200002ec                huart3
                0x000000002000036c                fs
                0x00000000200013a4                br
                0x00000000200013a8                free_space
                0x00000000200013ac                buffer
                0x00000000200017ac                bw
                0x00000000200017b0                pfs
                0x00000000200017b4                fresult
                0x00000000200017b8                hspi1
                0x000000002000181c                total
                0x0000000020001820                fil
 COMMON         0x0000000020002850        0x2 Core/Src/stm32l4xx_it.o
                0x0000000020002850                Timer2
                0x0000000020002851                Timer1
 *fill*         0x0000000020002852        0x2 
 COMMON         0x0000000020002854        0x4 Drivers/STM32L4xx_HAL_Driver/Src/stm32l4xx_hal.o
                0x0000000020002854                uwTick
 COMMON         0x0000000020002858     0x2070 FATFS/App/fatfs.o
                0x0000000020002858                USERPath
                0x000000002000285c                retUSER
                0x0000000020002860                USERFile
                0x0000000020003890                USERFatFS
 COMMON         0x00000000200048c8        0x4 c:/st/stm32cubeide_1.4.0/stm32cubeide/plugins/com.st.stm32cube.ide.mcu.externaltools.gnu-tools-for-stm32.7-2018-q2-update.win32_1.4.0.202007081208/tools/bin/../lib/gcc/arm-none-eabi/7.3.1/../../../../arm-none-eabi/lib/thumb/v7e-m/fpv4-sp/hard\libc_nano.a(lib_a-reent.o)
                0x00000000200048c8                errno
                0x00000000200048cc                . = ALIGN (0x4)
                0x00000000200048cc                _ebss = .
                0x00000000200048cc                __bss_end__ = _ebss

._user_heap_stack
                0x00000000200048cc      0x604 load address 0x0000000008009454
                0x00000000200048d0                . = ALIGN (0x8)
 *fill*         0x00000000200048cc        0x4 
                [!provide]                        PROVIDE (end = .)
                0x00000000200048d0                PROVIDE (_end = .)
                0x0000000020004ad0                . = (. + _Min_Heap_Size)
 *fill*         0x00000000200048d0      0x200 
                0x0000000020004ed0                . = (. + _Min_Stack_Size)
 *fill*         0x0000000020004ad0      0x400 
                0x0000000020004ed0                . = ALIGN (0x8)

/DISCARD/
 libc.a(*)
 libm.a(*)
 libgcc.a(*)

.ARM.attributes
                0x0000000000000000       0x30
 *(.ARM.attributes)
 .ARM.attributes
                0x0000000000000000       0x22 c:/st/stm32cubeide_1.4.0/stm32cubeide/plugins/com.st.stm32cube.ide.mcu.externaltools.gnu-tools-for-stm32.7-2018-q2-update.win32_1.4.0.202007081208/tools/bin/../lib/gcc/arm-none-eabi/7.3.1/thumb/v7e-m/fpv4-sp/hard/crti.o
 .ARM.attributes
                0x0000000000000022       0x34 c:/st/stm32cubeide_1.4.0/stm32cubeide/plugins/com.st.stm32cube.ide.mcu.externaltools.gnu-tools-for-stm32.7-2018-q2-update.win32_1.4.0.202007081208/tools/bin/../lib/gcc/arm-none-eabi/7.3.1/thumb/v7e-m/fpv4-sp/hard/crtbegin.o
 .ARM.attributes
                0x0000000000000056       0x39 Core/Src/fatfs_sd.o
 .ARM.attributes
                0x000000000000008f       0x39 Core/Src/main.o
 .ARM.attributes
                0x00000000000000c8       0x39 Core/Src/stm32l4xx_hal_msp.o
 .ARM.attributes
                0x0000000000000101       0x39 Core/Src/stm32l4xx_it.o
 .ARM.attributes
                0x000000000000013a       0x39 Core/Src/sysmem.o
 .ARM.attributes
                0x0000000000000173       0x39 Core/Src/system_stm32l4xx.o
 .ARM.attributes
                0x00000000000001ac       0x21 Core/Startup/startup_stm32l4a6zgtx.o
 .ARM.attributes
                0x00000000000001cd       0x39 Drivers/STM32L4xx_HAL_Driver/Src/stm32l4xx_hal.o
 .ARM.attributes
                0x0000000000000206       0x39 Drivers/STM32L4xx_HAL_Driver/Src/stm32l4xx_hal_cortex.o
 .ARM.attributes
                0x000000000000023f       0x39 Drivers/STM32L4xx_HAL_Driver/Src/stm32l4xx_hal_gpio.o
 .ARM.attributes
                0x0000000000000278       0x39 Drivers/STM32L4xx_HAL_Driver/Src/stm32l4xx_hal_pwr_ex.o
 .ARM.attributes
                0x00000000000002b1       0x39 Drivers/STM32L4xx_HAL_Driver/Src/stm32l4xx_hal_rcc.o
 .ARM.attributes
                0x00000000000002ea       0x39 Drivers/STM32L4xx_HAL_Driver/Src/stm32l4xx_hal_rcc_ex.o
 .ARM.attributes
                0x0000000000000323       0x39 Drivers/STM32L4xx_HAL_Driver/Src/stm32l4xx_hal_spi.o
 .ARM.attributes
                0x000000000000035c       0x39 Drivers/STM32L4xx_HAL_Driver/Src/stm32l4xx_hal_uart.o
 .ARM.attributes
                0x0000000000000395       0x39 FATFS/App/fatfs.o
 .ARM.attributes
                0x00000000000003ce       0x39 FATFS/Target/user_diskio.o
 .ARM.attributes
                0x0000000000000407       0x39 Middlewares/Third_Party/FatFs/src/diskio.o
 .ARM.attributes
                0x0000000000000440       0x39 Middlewares/Third_Party/FatFs/src/ff.o
 .ARM.attributes
                0x0000000000000479       0x39 Middlewares/Third_Party/FatFs/src/ff_gen_drv.o
 .ARM.attributes
                0x00000000000004b2       0x39 Middlewares/Third_Party/FatFs/src/option/ccsbcs.o
 .ARM.attributes
                0x00000000000004eb       0x34 c:/st/stm32cubeide_1.4.0/stm32cubeide/plugins/com.st.stm32cube.ide.mcu.externaltools.gnu-tools-for-stm32.7-2018-q2-update.win32_1.4.0.202007081208/tools/bin/../lib/gcc/arm-none-eabi/7.3.1/../../../../arm-none-eabi/lib/thumb/v7e-m/fpv4-sp/hard\libc_nano.a(lib_a-errno.o)
 .ARM.attributes
                0x000000000000051f       0x34 c:/st/stm32cubeide_1.4.0/stm32cubeide/plugins/com.st.stm32cube.ide.mcu.externaltools.gnu-tools-for-stm32.7-2018-q2-update.win32_1.4.0.202007081208/tools/bin/../lib/gcc/arm-none-eabi/7.3.1/../../../../arm-none-eabi/lib/thumb/v7e-m/fpv4-sp/hard\libc_nano.a(lib_a-impure.o)
 .ARM.attributes
                0x0000000000000553       0x34 c:/st/stm32cubeide_1.4.0/stm32cubeide/plugins/com.st.stm32cube.ide.mcu.externaltools.gnu-tools-for-stm32.7-2018-q2-update.win32_1.4.0.202007081208/tools/bin/../lib/gcc/arm-none-eabi/7.3.1/../../../../arm-none-eabi/lib/thumb/v7e-m/fpv4-sp/hard\libc_nano.a(lib_a-init.o)
 .ARM.attributes
                0x0000000000000587       0x34 c:/st/stm32cubeide_1.4.0/stm32cubeide/plugins/com.st.stm32cube.ide.mcu.externaltools.gnu-tools-for-stm32.7-2018-q2-update.win32_1.4.0.202007081208/tools/bin/../lib/gcc/arm-none-eabi/7.3.1/../../../../arm-none-eabi/lib/thumb/v7e-m/fpv4-sp/hard\libc_nano.a(lib_a-memset.o)
 .ARM.attributes
                0x00000000000005bb       0x34 c:/st/stm32cubeide_1.4.0/stm32cubeide/plugins/com.st.stm32cube.ide.mcu.externaltools.gnu-tools-for-stm32.7-2018-q2-update.win32_1.4.0.202007081208/tools/bin/../lib/gcc/arm-none-eabi/7.3.1/../../../../arm-none-eabi/lib/thumb/v7e-m/fpv4-sp/hard\libc_nano.a(lib_a-sprintf.o)
 .ARM.attributes
                0x00000000000005ef       0x1b c:/st/stm32cubeide_1.4.0/stm32cubeide/plugins/com.st.stm32cube.ide.mcu.externaltools.gnu-tools-for-stm32.7-2018-q2-update.win32_1.4.0.202007081208/tools/bin/../lib/gcc/arm-none-eabi/7.3.1/../../../../arm-none-eabi/lib/thumb/v7e-m/fpv4-sp/hard\libc_nano.a(lib_a-strlen.o)
 .ARM.attributes
                0x000000000000060a       0x34 c:/st/stm32cubeide_1.4.0/stm32cubeide/plugins/com.st.stm32cube.ide.mcu.externaltools.gnu-tools-for-stm32.7-2018-q2-update.win32_1.4.0.202007081208/tools/bin/../lib/gcc/arm-none-eabi/7.3.1/../../../../arm-none-eabi/lib/thumb/v7e-m/fpv4-sp/hard\libc_nano.a(lib_a-nano-svfprintf.o)
 .ARM.attributes
                0x000000000000063e       0x34 c:/st/stm32cubeide_1.4.0/stm32cubeide/plugins/com.st.stm32cube.ide.mcu.externaltools.gnu-tools-for-stm32.7-2018-q2-update.win32_1.4.0.202007081208/tools/bin/../lib/gcc/arm-none-eabi/7.3.1/../../../../arm-none-eabi/lib/thumb/v7e-m/fpv4-sp/hard\libc_nano.a(lib_a-nano-vfprintf_i.o)
 .ARM.attributes
                0x0000000000000672       0x20 c:/st/stm32cubeide_1.4.0/stm32cubeide/plugins/com.st.stm32cube.ide.mcu.externaltools.gnu-tools-for-stm32.7-2018-q2-update.win32_1.4.0.202007081208/tools/bin/../lib/gcc/arm-none-eabi/7.3.1/../../../../arm-none-eabi/lib/thumb/v7e-m/fpv4-sp/hard\libc_nano.a(lib_a-memchr.o)
 .ARM.attributes
                0x0000000000000692       0x34 c:/st/stm32cubeide_1.4.0/stm32cubeide/plugins/com.st.stm32cube.ide.mcu.externaltools.gnu-tools-for-stm32.7-2018-q2-update.win32_1.4.0.202007081208/tools/bin/../lib/gcc/arm-none-eabi/7.3.1/../../../../arm-none-eabi/lib/thumb/v7e-m/fpv4-sp/hard\libc_nano.a(lib_a-memcpy-stub.o)
 .ARM.attributes
                0x00000000000006c6       0x34 c:/st/stm32cubeide_1.4.0/stm32cubeide/plugins/com.st.stm32cube.ide.mcu.externaltools.gnu-tools-for-stm32.7-2018-q2-update.win32_1.4.0.202007081208/tools/bin/../lib/gcc/arm-none-eabi/7.3.1/../../../../arm-none-eabi/lib/thumb/v7e-m/fpv4-sp/hard\libc_nano.a(lib_a-memmove.o)
 .ARM.attributes
                0x00000000000006fa       0x34 c:/st/stm32cubeide_1.4.0/stm32cubeide/plugins/com.st.stm32cube.ide.mcu.externaltools.gnu-tools-for-stm32.7-2018-q2-update.win32_1.4.0.202007081208/tools/bin/../lib/gcc/arm-none-eabi/7.3.1/../../../../arm-none-eabi/lib/thumb/v7e-m/fpv4-sp/hard\libc_nano.a(lib_a-nano-freer.o)
 .ARM.attributes
                0x000000000000072e       0x34 c:/st/stm32cubeide_1.4.0/stm32cubeide/plugins/com.st.stm32cube.ide.mcu.externaltools.gnu-tools-for-stm32.7-2018-q2-update.win32_1.4.0.202007081208/tools/bin/../lib/gcc/arm-none-eabi/7.3.1/../../../../arm-none-eabi/lib/thumb/v7e-m/fpv4-sp/hard\libc_nano.a(lib_a-nano-mallocr.o)
 .ARM.attributes
                0x0000000000000762       0x34 c:/st/stm32cubeide_1.4.0/stm32cubeide/plugins/com.st.stm32cube.ide.mcu.externaltools.gnu-tools-for-stm32.7-2018-q2-update.win32_1.4.0.202007081208/tools/bin/../lib/gcc/arm-none-eabi/7.3.1/../../../../arm-none-eabi/lib/thumb/v7e-m/fpv4-sp/hard\libc_nano.a(lib_a-nano-reallocr.o)
 .ARM.attributes
                0x0000000000000796       0x34 c:/st/stm32cubeide_1.4.0/stm32cubeide/plugins/com.st.stm32cube.ide.mcu.externaltools.gnu-tools-for-stm32.7-2018-q2-update.win32_1.4.0.202007081208/tools/bin/../lib/gcc/arm-none-eabi/7.3.1/../../../../arm-none-eabi/lib/thumb/v7e-m/fpv4-sp/hard\libc_nano.a(lib_a-sbrkr.o)
 .ARM.attributes
                0x00000000000007ca       0x34 c:/st/stm32cubeide_1.4.0/stm32cubeide/plugins/com.st.stm32cube.ide.mcu.externaltools.gnu-tools-for-stm32.7-2018-q2-update.win32_1.4.0.202007081208/tools/bin/../lib/gcc/arm-none-eabi/7.3.1/../../../../arm-none-eabi/lib/thumb/v7e-m/fpv4-sp/hard\libc_nano.a(lib_a-mlock.o)
 .ARM.attributes
                0x00000000000007fe       0x34 c:/st/stm32cubeide_1.4.0/stm32cubeide/plugins/com.st.stm32cube.ide.mcu.externaltools.gnu-tools-for-stm32.7-2018-q2-update.win32_1.4.0.202007081208/tools/bin/../lib/gcc/arm-none-eabi/7.3.1/../../../../arm-none-eabi/lib/thumb/v7e-m/fpv4-sp/hard\libc_nano.a(lib_a-nano-msizer.o)
 .ARM.attributes
                0x0000000000000832       0x34 c:/st/stm32cubeide_1.4.0/stm32cubeide/plugins/com.st.stm32cube.ide.mcu.externaltools.gnu-tools-for-stm32.7-2018-q2-update.win32_1.4.0.202007081208/tools/bin/../lib/gcc/arm-none-eabi/7.3.1/../../../../arm-none-eabi/lib/thumb/v7e-m/fpv4-sp/hard\libc_nano.a(lib_a-reent.o)
 .ARM.attributes
                0x0000000000000866       0x22 c:/st/stm32cubeide_1.4.0/stm32cubeide/plugins/com.st.stm32cube.ide.mcu.externaltools.gnu-tools-for-stm32.7-2018-q2-update.win32_1.4.0.202007081208/tools/bin/../lib/gcc/arm-none-eabi/7.3.1/thumb/v7e-m/fpv4-sp/hard\libgcc.a(_arm_addsubdf3.o)
 .ARM.attributes
                0x0000000000000888       0x22 c:/st/stm32cubeide_1.4.0/stm32cubeide/plugins/com.st.stm32cube.ide.mcu.externaltools.gnu-tools-for-stm32.7-2018-q2-update.win32_1.4.0.202007081208/tools/bin/../lib/gcc/arm-none-eabi/7.3.1/thumb/v7e-m/fpv4-sp/hard\libgcc.a(_arm_muldivdf3.o)
 .ARM.attributes
                0x00000000000008aa       0x22 c:/st/stm32cubeide_1.4.0/stm32cubeide/plugins/com.st.stm32cube.ide.mcu.externaltools.gnu-tools-for-stm32.7-2018-q2-update.win32_1.4.0.202007081208/tools/bin/../lib/gcc/arm-none-eabi/7.3.1/thumb/v7e-m/fpv4-sp/hard\libgcc.a(_arm_fixunsdfsi.o)
 .ARM.attributes
                0x00000000000008cc       0x22 c:/st/stm32cubeide_1.4.0/stm32cubeide/plugins/com.st.stm32cube.ide.mcu.externaltools.gnu-tools-for-stm32.7-2018-q2-update.win32_1.4.0.202007081208/tools/bin/../lib/gcc/arm-none-eabi/7.3.1/thumb/v7e-m/fpv4-sp/hard\libgcc.a(_aeabi_uldivmod.o)
 .ARM.attributes
                0x00000000000008ee       0x34 c:/st/stm32cubeide_1.4.0/stm32cubeide/plugins/com.st.stm32cube.ide.mcu.externaltools.gnu-tools-for-stm32.7-2018-q2-update.win32_1.4.0.202007081208/tools/bin/../lib/gcc/arm-none-eabi/7.3.1/thumb/v7e-m/fpv4-sp/hard\libgcc.a(_udivmoddi4.o)
 .ARM.attributes
                0x0000000000000922       0x22 c:/st/stm32cubeide_1.4.0/stm32cubeide/plugins/com.st.stm32cube.ide.mcu.externaltools.gnu-tools-for-stm32.7-2018-q2-update.win32_1.4.0.202007081208/tools/bin/../lib/gcc/arm-none-eabi/7.3.1/thumb/v7e-m/fpv4-sp/hard\libgcc.a(_dvmd_tls.o)
 .ARM.attributes
                0x0000000000000944       0x22 c:/st/stm32cubeide_1.4.0/stm32cubeide/plugins/com.st.stm32cube.ide.mcu.externaltools.gnu-tools-for-stm32.7-2018-q2-update.win32_1.4.0.202007081208/tools/bin/../lib/gcc/arm-none-eabi/7.3.1/thumb/v7e-m/fpv4-sp/hard/crtn.o
OUTPUT(SPI_SD_CARD.elf elf32-littlearm)

.debug_info     0x0000000000000000    0x143c5
 .debug_info    0x0000000000000000      0xd12 Core/Src/fatfs_sd.o
 .debug_info    0x0000000000000d12     0x1faa Core/Src/main.o
 .debug_info    0x0000000000002cbc      0xea1 Core/Src/stm32l4xx_hal_msp.o
 .debug_info    0x0000000000003b5d      0x392 Core/Src/stm32l4xx_it.o
 .debug_info    0x0000000000003eef      0x985 Core/Src/sysmem.o
 .debug_info    0x0000000000004874      0x741 Core/Src/system_stm32l4xx.o
 .debug_info    0x0000000000004fb5       0x22 Core/Startup/startup_stm32l4a6zgtx.o
 .debug_info    0x0000000000004fd7      0xc83 Drivers/STM32L4xx_HAL_Driver/Src/stm32l4xx_hal.o
 .debug_info    0x0000000000005c5a      0xfa9 Drivers/STM32L4xx_HAL_Driver/Src/stm32l4xx_hal_cortex.o
 .debug_info    0x0000000000006c03      0x9dc Drivers/STM32L4xx_HAL_Driver/Src/stm32l4xx_hal_gpio.o
 .debug_info    0x00000000000075df      0xb4f Drivers/STM32L4xx_HAL_Driver/Src/stm32l4xx_hal_pwr_ex.o
 .debug_info    0x000000000000812e      0xd56 Drivers/STM32L4xx_HAL_Driver/Src/stm32l4xx_hal_rcc.o
 .debug_info    0x0000000000008e84     0x11cc Drivers/STM32L4xx_HAL_Driver/Src/stm32l4xx_hal_rcc_ex.o
 .debug_info    0x000000000000a050     0x178d Drivers/STM32L4xx_HAL_Driver/Src/stm32l4xx_hal_spi.o
 .debug_info    0x000000000000b7dd     0x184a Drivers/STM32L4xx_HAL_Driver/Src/stm32l4xx_hal_uart.o
 .debug_info    0x000000000000d027      0xee9 FATFS/App/fatfs.o
 .debug_info    0x000000000000df10      0xd68 FATFS/Target/user_diskio.o
 .debug_info    0x000000000000ec78      0xe1b Middlewares/Third_Party/FatFs/src/diskio.o
 .debug_info    0x000000000000fa93     0x2f79 Middlewares/Third_Party/FatFs/src/ff.o
 .debug_info    0x0000000000012a0c      0xdb3 Middlewares/Third_Party/FatFs/src/ff_gen_drv.o
 .debug_info    0x00000000000137bf      0xc06 Middlewares/Third_Party/FatFs/src/option/ccsbcs.o

.debug_abbrev   0x0000000000000000     0x28c6
 .debug_abbrev  0x0000000000000000      0x273 Core/Src/fatfs_sd.o
 .debug_abbrev  0x0000000000000273      0x317 Core/Src/main.o
 .debug_abbrev  0x000000000000058a      0x18c Core/Src/stm32l4xx_hal_msp.o
 .debug_abbrev  0x0000000000000716       0xf3 Core/Src/stm32l4xx_it.o
 .debug_abbrev  0x0000000000000809      0x19b Core/Src/sysmem.o
 .debug_abbrev  0x00000000000009a4      0x150 Core/Src/system_stm32l4xx.o
 .debug_abbrev  0x0000000000000af4       0x12 Core/Startup/startup_stm32l4a6zgtx.o
 .debug_abbrev  0x0000000000000b06      0x1fb Drivers/STM32L4xx_HAL_Driver/Src/stm32l4xx_hal.o
 .debug_abbrev  0x0000000000000d01      0x2fa Drivers/STM32L4xx_HAL_Driver/Src/stm32l4xx_hal_cortex.o
 .debug_abbrev  0x0000000000000ffb      0x1c0 Drivers/STM32L4xx_HAL_Driver/Src/stm32l4xx_hal_gpio.o
 .debug_abbrev  0x00000000000011bb      0x1cb Drivers/STM32L4xx_HAL_Driver/Src/stm32l4xx_hal_pwr_ex.o
 .debug_abbrev  0x0000000000001386      0x245 Drivers/STM32L4xx_HAL_Driver/Src/stm32l4xx_hal_rcc.o
 .debug_abbrev  0x00000000000015cb      0x238 Drivers/STM32L4xx_HAL_Driver/Src/stm32l4xx_hal_rcc_ex.o
 .debug_abbrev  0x0000000000001803      0x228 Drivers/STM32L4xx_HAL_Driver/Src/stm32l4xx_hal_spi.o
 .debug_abbrev  0x0000000000001a2b      0x205 Drivers/STM32L4xx_HAL_Driver/Src/stm32l4xx_hal_uart.o
 .debug_abbrev  0x0000000000001c30      0x1df FATFS/App/fatfs.o
 .debug_abbrev  0x0000000000001e0f      0x1f1 FATFS/Target/user_diskio.o
 .debug_abbrev  0x0000000000002000      0x209 Middlewares/Third_Party/FatFs/src/diskio.o
 .debug_abbrev  0x0000000000002209      0x298 Middlewares/Third_Party/FatFs/src/ff.o
 .debug_abbrev  0x00000000000024a1      0x236 Middlewares/Third_Party/FatFs/src/ff_gen_drv.o
 .debug_abbrev  0x00000000000026d7      0x1ef Middlewares/Third_Party/FatFs/src/option/ccsbcs.o

.debug_aranges  0x0000000000000000      0xed0
 .debug_aranges
                0x0000000000000000       0xa8 Core/Src/fatfs_sd.o
 .debug_aranges
                0x00000000000000a8       0x60 Core/Src/main.o
 .debug_aranges
                0x0000000000000108       0x40 Core/Src/stm32l4xx_hal_msp.o
 .debug_aranges
                0x0000000000000148       0x68 Core/Src/stm32l4xx_it.o
 .debug_aranges
                0x00000000000001b0       0x20 Core/Src/sysmem.o
 .debug_aranges
                0x00000000000001d0       0x28 Core/Src/system_stm32l4xx.o
 .debug_aranges
                0x00000000000001f8       0x28 Core/Startup/startup_stm32l4a6zgtx.o
 .debug_aranges
                0x0000000000000220      0x130 Drivers/STM32L4xx_HAL_Driver/Src/stm32l4xx_hal.o
 .debug_aranges
                0x0000000000000350      0x118 Drivers/STM32L4xx_HAL_Driver/Src/stm32l4xx_hal_cortex.o
 .debug_aranges
                0x0000000000000468       0x58 Drivers/STM32L4xx_HAL_Driver/Src/stm32l4xx_hal_gpio.o
 .debug_aranges
                0x00000000000004c0      0x150 Drivers/STM32L4xx_HAL_Driver/Src/stm32l4xx_hal_pwr_ex.o
 .debug_aranges
                0x0000000000000610       0x88 Drivers/STM32L4xx_HAL_Driver/Src/stm32l4xx_hal_rcc.o
 .debug_aranges
                0x0000000000000698      0x108 Drivers/STM32L4xx_HAL_Driver/Src/stm32l4xx_hal_rcc_ex.o
 .debug_aranges
                0x00000000000007a0      0x1d8 Drivers/STM32L4xx_HAL_Driver/Src/stm32l4xx_hal_spi.o
 .debug_aranges
                0x0000000000000978      0x210 Drivers/STM32L4xx_HAL_Driver/Src/stm32l4xx_hal_uart.o
 .debug_aranges
                0x0000000000000b88       0x28 FATFS/App/fatfs.o
 .debug_aranges
                0x0000000000000bb0       0x40 FATFS/Target/user_diskio.o
 .debug_aranges
                0x0000000000000bf0       0x48 Middlewares/Third_Party/FatFs/src/diskio.o
 .debug_aranges
                0x0000000000000c38      0x230 Middlewares/Third_Party/FatFs/src/ff.o
 .debug_aranges
                0x0000000000000e68       0x40 Middlewares/Third_Party/FatFs/src/ff_gen_drv.o
 .debug_aranges
                0x0000000000000ea8       0x28 Middlewares/Third_Party/FatFs/src/option/ccsbcs.o

.debug_ranges   0x0000000000000000      0xd88
 .debug_ranges  0x0000000000000000       0x98 Core/Src/fatfs_sd.o
 .debug_ranges  0x0000000000000098       0x50 Core/Src/main.o
 .debug_ranges  0x00000000000000e8       0x30 Core/Src/stm32l4xx_hal_msp.o
 .debug_ranges  0x0000000000000118       0x58 Core/Src/stm32l4xx_it.o
 .debug_ranges  0x0000000000000170       0x10 Core/Src/sysmem.o
 .debug_ranges  0x0000000000000180       0x18 Core/Src/system_stm32l4xx.o
 .debug_ranges  0x0000000000000198       0x20 Core/Startup/startup_stm32l4a6zgtx.o
 .debug_ranges  0x00000000000001b8      0x120 Drivers/STM32L4xx_HAL_Driver/Src/stm32l4xx_hal.o
 .debug_ranges  0x00000000000002d8      0x108 Drivers/STM32L4xx_HAL_Driver/Src/stm32l4xx_hal_cortex.o
 .debug_ranges  0x00000000000003e0       0x48 Drivers/STM32L4xx_HAL_Driver/Src/stm32l4xx_hal_gpio.o
 .debug_ranges  0x0000000000000428      0x140 Drivers/STM32L4xx_HAL_Driver/Src/stm32l4xx_hal_pwr_ex.o
 .debug_ranges  0x0000000000000568       0x78 Drivers/STM32L4xx_HAL_Driver/Src/stm32l4xx_hal_rcc.o
 .debug_ranges  0x00000000000005e0       0xf8 Drivers/STM32L4xx_HAL_Driver/Src/stm32l4xx_hal_rcc_ex.o
 .debug_ranges  0x00000000000006d8      0x1c8 Drivers/STM32L4xx_HAL_Driver/Src/stm32l4xx_hal_spi.o
 .debug_ranges  0x00000000000008a0      0x200 Drivers/STM32L4xx_HAL_Driver/Src/stm32l4xx_hal_uart.o
 .debug_ranges  0x0000000000000aa0       0x18 FATFS/App/fatfs.o
 .debug_ranges  0x0000000000000ab8       0x30 FATFS/Target/user_diskio.o
 .debug_ranges  0x0000000000000ae8       0x38 Middlewares/Third_Party/FatFs/src/diskio.o
 .debug_ranges  0x0000000000000b20      0x220 Middlewares/Third_Party/FatFs/src/ff.o
 .debug_ranges  0x0000000000000d40       0x30 Middlewares/Third_Party/FatFs/src/ff_gen_drv.o
 .debug_ranges  0x0000000000000d70       0x18 Middlewares/Third_Party/FatFs/src/option/ccsbcs.o

.debug_macro    0x0000000000000000    0x2ac51
 .debug_macro   0x0000000000000000      0x21f Core/Src/fatfs_sd.o
 .debug_macro   0x000000000000021f      0xa5a Core/Src/fatfs_sd.o
 .debug_macro   0x0000000000000c79      0x1ad Core/Src/fatfs_sd.o
 .debug_macro   0x0000000000000e26       0x2e Core/Src/fatfs_sd.o
 .debug_macro   0x0000000000000e54       0x28 Core/Src/fatfs_sd.o
 .debug_macro   0x0000000000000e7c       0x22 Core/Src/fatfs_sd.o
 .debug_macro   0x0000000000000e9e       0x8e Core/Src/fatfs_sd.o
 .debug_macro   0x0000000000000f2c       0x51 Core/Src/fatfs_sd.o
 .debug_macro   0x0000000000000f7d       0xef Core/Src/fatfs_sd.o
 .debug_macro   0x000000000000106c       0x6a Core/Src/fatfs_sd.o
 .debug_macro   0x00000000000010d6      0x1df Core/Src/fatfs_sd.o
 .debug_macro   0x00000000000012b5       0x1c Core/Src/fatfs_sd.o
 .debug_macro   0x00000000000012d1       0x22 Core/Src/fatfs_sd.o
 .debug_macro   0x00000000000012f3      0x101 Core/Src/fatfs_sd.o
 .debug_macro   0x00000000000013f4     0x1011 Core/Src/fatfs_sd.o
 .debug_macro   0x0000000000002405      0x11f Core/Src/fatfs_sd.o
 .debug_macro   0x0000000000002524    0x1c8b8 Core/Src/fatfs_sd.o
 .debug_macro   0x000000000001eddc       0x43 Core/Src/fatfs_sd.o
 .debug_macro   0x000000000001ee1f     0x3890 Core/Src/fatfs_sd.o
 .debug_macro   0x00000000000226af      0x174 Core/Src/fatfs_sd.o
 .debug_macro   0x0000000000022823       0x5c Core/Src/fatfs_sd.o
 .debug_macro   0x000000000002287f     0x18ca Core/Src/fatfs_sd.o
 .debug_macro   0x0000000000024149      0x76c Core/Src/fatfs_sd.o
 .debug_macro   0x00000000000248b5      0x13d Core/Src/fatfs_sd.o
 .debug_macro   0x00000000000249f2      0x202 Core/Src/fatfs_sd.o
 .debug_macro   0x0000000000024bf4      0x26b Core/Src/fatfs_sd.o
 .debug_macro   0x0000000000024e5f      0x23d Core/Src/fatfs_sd.o
 .debug_macro   0x000000000002509c      0x241 Core/Src/fatfs_sd.o
 .debug_macro   0x00000000000252dd      0x3ad Core/Src/fatfs_sd.o
 .debug_macro   0x000000000002568a       0xe4 Core/Src/fatfs_sd.o
 .debug_macro   0x000000000002576e      0x22c Core/Src/fatfs_sd.o
 .debug_macro   0x000000000002599a       0x61 Core/Src/fatfs_sd.o
 .debug_macro   0x00000000000259fb       0xa5 Core/Src/fatfs_sd.o
 .debug_macro   0x0000000000025aa0      0x122 Core/Src/fatfs_sd.o
 .debug_macro   0x0000000000025bc2      0x3f0 Core/Src/fatfs_sd.o
 .debug_macro   0x0000000000025fb2      0x2fe Core/Src/fatfs_sd.o
 .debug_macro   0x00000000000262b0      0x59e Core/Src/fatfs_sd.o
 .debug_macro   0x000000000002684e       0x44 Core/Src/fatfs_sd.o
 .debug_macro   0x0000000000026892      0x434 Core/Src/fatfs_sd.o
 .debug_macro   0x0000000000026cc6       0x16 Core/Src/fatfs_sd.o
 .debug_macro   0x0000000000026cdc       0x7c Core/Src/fatfs_sd.o
 .debug_macro   0x0000000000026d58       0x88 Core/Src/fatfs_sd.o
 .debug_macro   0x0000000000026de0      0x334 Core/Src/main.o
 .debug_macro   0x0000000000027114       0x10 Core/Src/main.o
 .debug_macro   0x0000000000027124       0xeb Core/Src/main.o
 .debug_macro   0x000000000002720f       0x18 Core/Src/main.o
 .debug_macro   0x0000000000027227       0x46 Core/Src/main.o
 .debug_macro   0x000000000002726d       0x3c Core/Src/main.o
 .debug_macro   0x00000000000272a9       0x34 Core/Src/main.o
 .debug_macro   0x00000000000272dd       0x16 Core/Src/main.o
 .debug_macro   0x00000000000272f3       0x35 Core/Src/main.o
 .debug_macro   0x0000000000027328       0x52 Core/Src/main.o
 .debug_macro   0x000000000002737a       0x1f Core/Src/main.o
 .debug_macro   0x0000000000027399       0x43 Core/Src/main.o
 .debug_macro   0x00000000000273dc       0x20 Core/Src/main.o
 .debug_macro   0x00000000000273fc      0x1a3 Core/Src/main.o
 .debug_macro   0x000000000002759f      0x32a Core/Src/main.o
 .debug_macro   0x00000000000278c9       0x16 Core/Src/main.o
 .debug_macro   0x00000000000278df       0x29 Core/Src/main.o
 .debug_macro   0x0000000000027908       0x12 Core/Src/main.o
 .debug_macro   0x000000000002791a       0xe2 Core/Src/main.o
 .debug_macro   0x00000000000279fc       0x8e Core/Src/main.o
 .debug_macro   0x0000000000027a8a       0x16 Core/Src/main.o
 .debug_macro   0x0000000000027aa0       0x20 Core/Src/main.o
 .debug_macro   0x0000000000027ac0      0x1e9 Core/Src/stm32l4xx_hal_msp.o
 .debug_macro   0x0000000000027ca9      0x1f3 Core/Src/stm32l4xx_it.o
 .debug_macro   0x0000000000027e9c       0xee Core/Src/sysmem.o
 .debug_macro   0x0000000000027f8a      0x23b Core/Src/sysmem.o
 .debug_macro   0x00000000000281c5      0x1e0 Core/Src/system_stm32l4xx.o
 .debug_macro   0x00000000000283a5      0x228 Drivers/STM32L4xx_HAL_Driver/Src/stm32l4xx_hal.o
 .debug_macro   0x00000000000285cd      0x1da Drivers/STM32L4xx_HAL_Driver/Src/stm32l4xx_hal_cortex.o
 .debug_macro   0x00000000000287a7      0x219 Drivers/STM32L4xx_HAL_Driver/Src/stm32l4xx_hal_gpio.o
 .debug_macro   0x00000000000289c0      0x204 Drivers/STM32L4xx_HAL_Driver/Src/stm32l4xx_hal_pwr_ex.o
 .debug_macro   0x0000000000028bc4      0x21c Drivers/STM32L4xx_HAL_Driver/Src/stm32l4xx_hal_rcc.o
 .debug_macro   0x0000000000028de0      0x210 Drivers/STM32L4xx_HAL_Driver/Src/stm32l4xx_hal_rcc_ex.o
 .debug_macro   0x0000000000028ff0      0x1e2 Drivers/STM32L4xx_HAL_Driver/Src/stm32l4xx_hal_spi.o
 .debug_macro   0x00000000000291d2      0x205 Drivers/STM32L4xx_HAL_Driver/Src/stm32l4xx_hal_uart.o
 .debug_macro   0x00000000000293d7      0x301 FATFS/App/fatfs.o
 .debug_macro   0x00000000000296d8       0xe5 FATFS/App/fatfs.o
 .debug_macro   0x00000000000297bd      0x327 FATFS/Target/user_diskio.o
 .debug_macro   0x0000000000029ae4       0x10 FATFS/Target/user_diskio.o
 .debug_macro   0x0000000000029af4       0xfb FATFS/Target/user_diskio.o
 .debug_macro   0x0000000000029bef       0x56 FATFS/Target/user_diskio.o
 .debug_macro   0x0000000000029c45      0x2ee Middlewares/Third_Party/FatFs/src/diskio.o
 .debug_macro   0x0000000000029f33      0x6fc Middlewares/Third_Party/FatFs/src/ff.o
 .debug_macro   0x000000000002a62f       0x58 Middlewares/Third_Party/FatFs/src/ff.o
 .debug_macro   0x000000000002a687      0x2ee Middlewares/Third_Party/FatFs/src/ff_gen_drv.o
 .debug_macro   0x000000000002a975      0x2dc Middlewares/Third_Party/FatFs/src/option/ccsbcs.o

.debug_line     0x0000000000000000     0xe064
 .debug_line    0x0000000000000000      0xad7 Core/Src/fatfs_sd.o
 .debug_line    0x0000000000000ad7      0xa1c Core/Src/main.o
 .debug_line    0x00000000000014f3      0x751 Core/Src/stm32l4xx_hal_msp.o
 .debug_line    0x0000000000001c44      0x7af Core/Src/stm32l4xx_it.o
 .debug_line    0x00000000000023f3      0x4c7 Core/Src/sysmem.o
 .debug_line    0x00000000000028ba      0x71e Core/Src/system_stm32l4xx.o
 .debug_line    0x0000000000002fd8       0x87 Core/Startup/startup_stm32l4a6zgtx.o
 .debug_line    0x000000000000305f      0x994 Drivers/STM32L4xx_HAL_Driver/Src/stm32l4xx_hal.o
 .debug_line    0x00000000000039f3      0xa1c Drivers/STM32L4xx_HAL_Driver/Src/stm32l4xx_hal_cortex.o
 .debug_line    0x000000000000440f      0x8bf Drivers/STM32L4xx_HAL_Driver/Src/stm32l4xx_hal_gpio.o
 .debug_line    0x0000000000004cce      0xab2 Drivers/STM32L4xx_HAL_Driver/Src/stm32l4xx_hal_pwr_ex.o
 .debug_line    0x0000000000005780      0xa1a Drivers/STM32L4xx_HAL_Driver/Src/stm32l4xx_hal_rcc.o
 .debug_line    0x000000000000619a      0xdb9 Drivers/STM32L4xx_HAL_Driver/Src/stm32l4xx_hal_rcc_ex.o
 .debug_line    0x0000000000006f53     0x118e Drivers/STM32L4xx_HAL_Driver/Src/stm32l4xx_hal_spi.o
 .debug_line    0x00000000000080e1     0x12a3 Drivers/STM32L4xx_HAL_Driver/Src/stm32l4xx_hal_uart.o
 .debug_line    0x0000000000009384      0x8cb FATFS/App/fatfs.o
 .debug_line    0x0000000000009c4f      0x921 FATFS/Target/user_diskio.o
 .debug_line    0x000000000000a570      0x8f3 Middlewares/Third_Party/FatFs/src/diskio.o
 .debug_line    0x000000000000ae63     0x1fed Middlewares/Third_Party/FatFs/src/ff.o
 .debug_line    0x000000000000ce50      0x8f3 Middlewares/Third_Party/FatFs/src/ff_gen_drv.o
 .debug_line    0x000000000000d743      0x921 Middlewares/Third_Party/FatFs/src/option/ccsbcs.o

.debug_str      0x0000000000000000    0xfcdd7
 .debug_str     0x0000000000000000    0xf495a Core/Src/fatfs_sd.o
                                      0xf4cb0 (size before relaxing)
 .debug_str     0x00000000000f495a     0x3e72 Core/Src/main.o
                                      0xf8ac4 (size before relaxing)
 .debug_str     0x00000000000f87cc       0x7d Core/Src/stm32l4xx_hal_msp.o
                                      0xf4b94 (size before relaxing)
 .debug_str     0x00000000000f8849       0xd6 Core/Src/stm32l4xx_it.o
                                      0xf4513 (size before relaxing)
 .debug_str     0x00000000000f891f      0x4e9 Core/Src/sysmem.o
                                       0x5f68 (size before relaxing)
 .debug_str     0x00000000000f8e08       0xcd Core/Src/system_stm32l4xx.o
                                      0xf461f (size before relaxing)
 .debug_str     0x00000000000f8ed5       0x36 Core/Startup/startup_stm32l4a6zgtx.o
                                         0x75 (size before relaxing)
 .debug_str     0x00000000000f8f0b      0xa60 Drivers/STM32L4xx_HAL_Driver/Src/stm32l4xx_hal.o
                                      0xf5186 (size before relaxing)
 .debug_str     0x00000000000f996b      0x389 Drivers/STM32L4xx_HAL_Driver/Src/stm32l4xx_hal_cortex.o
                                      0xf4ee3 (size before relaxing)
 .debug_str     0x00000000000f9cf4      0x236 Drivers/STM32L4xx_HAL_Driver/Src/stm32l4xx_hal_gpio.o
                                      0xf489f (size before relaxing)
 .debug_str     0x00000000000f9f2a      0x4f0 Drivers/STM32L4xx_HAL_Driver/Src/stm32l4xx_hal_pwr_ex.o
                                      0xf4b69 (size before relaxing)
 .debug_str     0x00000000000fa41a      0x3b5 Drivers/STM32L4xx_HAL_Driver/Src/stm32l4xx_hal_rcc.o
                                      0xf4be8 (size before relaxing)
 .debug_str     0x00000000000fa7cf      0x581 Drivers/STM32L4xx_HAL_Driver/Src/stm32l4xx_hal_rcc_ex.o
                                      0xf4f9b (size before relaxing)
 .debug_str     0x00000000000fad50      0x586 Drivers/STM32L4xx_HAL_Driver/Src/stm32l4xx_hal_spi.o
                                      0xf4dbe (size before relaxing)
 .debug_str     0x00000000000fb2d6      0x823 Drivers/STM32L4xx_HAL_Driver/Src/stm32l4xx_hal_uart.o
                                      0xf51d6 (size before relaxing)
 .debug_str     0x00000000000fbaf9       0x2f FATFS/App/fatfs.o
                                      0xf7c2c (size before relaxing)
 .debug_str     0x00000000000fbb28       0x6d FATFS/Target/user_diskio.o
                                      0xf7cf8 (size before relaxing)
 .debug_str     0x00000000000fbb95       0x52 Middlewares/Third_Party/FatFs/src/diskio.o
                                      0xf7b39 (size before relaxing)
 .debug_str     0x00000000000fbbe7     0x10ee Middlewares/Third_Party/FatFs/src/ff.o
                                      0xf8deb (size before relaxing)
 .debug_str     0x00000000000fccd5       0xa2 Middlewares/Third_Party/FatFs/src/ff_gen_drv.o
                                      0xf7b8a (size before relaxing)
 .debug_str     0x00000000000fcd77       0x60 Middlewares/Third_Party/FatFs/src/option/ccsbcs.o
                                      0xf7920 (size before relaxing)

.comment        0x0000000000000000       0x7b
 .comment       0x0000000000000000       0x7b Core/Src/fatfs_sd.o
                                         0x7c (size before relaxing)
 .comment       0x000000000000007b       0x7c Core/Src/main.o
 .comment       0x000000000000007b       0x7c Core/Src/stm32l4xx_hal_msp.o
 .comment       0x000000000000007b       0x7c Core/Src/stm32l4xx_it.o
 .comment       0x000000000000007b       0x7c Core/Src/sysmem.o
 .comment       0x000000000000007b       0x7c Core/Src/system_stm32l4xx.o
 .comment       0x000000000000007b       0x7c Drivers/STM32L4xx_HAL_Driver/Src/stm32l4xx_hal.o
 .comment       0x000000000000007b       0x7c Drivers/STM32L4xx_HAL_Driver/Src/stm32l4xx_hal_cortex.o
 .comment       0x000000000000007b       0x7c Drivers/STM32L4xx_HAL_Driver/Src/stm32l4xx_hal_gpio.o
 .comment       0x000000000000007b       0x7c Drivers/STM32L4xx_HAL_Driver/Src/stm32l4xx_hal_pwr_ex.o
 .comment       0x000000000000007b       0x7c Drivers/STM32L4xx_HAL_Driver/Src/stm32l4xx_hal_rcc.o
 .comment       0x000000000000007b       0x7c Drivers/STM32L4xx_HAL_Driver/Src/stm32l4xx_hal_rcc_ex.o
 .comment       0x000000000000007b       0x7c Drivers/STM32L4xx_HAL_Driver/Src/stm32l4xx_hal_spi.o
 .comment       0x000000000000007b       0x7c Drivers/STM32L4xx_HAL_Driver/Src/stm32l4xx_hal_uart.o
 .comment       0x000000000000007b       0x7c FATFS/App/fatfs.o
 .comment       0x000000000000007b       0x7c FATFS/Target/user_diskio.o
 .comment       0x000000000000007b       0x7c Middlewares/Third_Party/FatFs/src/diskio.o
 .comment       0x000000000000007b       0x7c Middlewares/Third_Party/FatFs/src/ff.o
 .comment       0x000000000000007b       0x7c Middlewares/Third_Party/FatFs/src/ff_gen_drv.o
 .comment       0x000000000000007b       0x7c Middlewares/Third_Party/FatFs/src/option/ccsbcs.o

.debug_frame    0x0000000000000000     0x4058
 .debug_frame   0x0000000000000000      0x28c Core/Src/fatfs_sd.o
 .debug_frame   0x000000000000028c      0x148 Core/Src/main.o
 .debug_frame   0x00000000000003d4       0xc8 Core/Src/stm32l4xx_hal_msp.o
 .debug_frame   0x000000000000049c      0x12c Core/Src/stm32l4xx_it.o
 .debug_frame   0x00000000000005c8       0x34 Core/Src/sysmem.o
 .debug_frame   0x00000000000005fc       0x58 Core/Src/system_stm32l4xx.o
 .debug_frame   0x0000000000000654      0x498 Drivers/STM32L4xx_HAL_Driver/Src/stm32l4xx_hal.o
 .debug_frame   0x0000000000000aec      0x498 Drivers/STM32L4xx_HAL_Driver/Src/stm32l4xx_hal_cortex.o
 .debug_frame   0x0000000000000f84      0x14c Drivers/STM32L4xx_HAL_Driver/Src/stm32l4xx_hal_gpio.o
 .debug_frame   0x00000000000010d0      0x544 Drivers/STM32L4xx_HAL_Driver/Src/stm32l4xx_hal_pwr_ex.o
 .debug_frame   0x0000000000001614      0x1f4 Drivers/STM32L4xx_HAL_Driver/Src/stm32l4xx_hal_rcc.o
 .debug_frame   0x0000000000001808      0x43c Drivers/STM32L4xx_HAL_Driver/Src/stm32l4xx_hal_rcc_ex.o
 .debug_frame   0x0000000000001c44      0x860 Drivers/STM32L4xx_HAL_Driver/Src/stm32l4xx_hal_spi.o
 .debug_frame   0x00000000000024a4      0x974 Drivers/STM32L4xx_HAL_Driver/Src/stm32l4xx_hal_uart.o
 .debug_frame   0x0000000000002e18       0x4c FATFS/App/fatfs.o
 .debug_frame   0x0000000000002e64       0xc4 FATFS/Target/user_diskio.o
 .debug_frame   0x0000000000002f28       0xec Middlewares/Third_Party/FatFs/src/diskio.o
 .debug_frame   0x0000000000003014      0xa0c Middlewares/Third_Party/FatFs/src/ff.o
 .debug_frame   0x0000000000003a20       0xc8 Middlewares/Third_Party/FatFs/src/ff_gen_drv.o
 .debug_frame   0x0000000000003ae8       0x60 Middlewares/Third_Party/FatFs/src/option/ccsbcs.o
 .debug_frame   0x0000000000003b48       0x20 c:/st/stm32cubeide_1.4.0/stm32cubeide/plugins/com.st.stm32cube.ide.mcu.externaltools.gnu-tools-for-stm32.7-2018-q2-update.win32_1.4.0.202007081208/tools/bin/../lib/gcc/arm-none-eabi/7.3.1/../../../../arm-none-eabi/lib/thumb/v7e-m/fpv4-sp/hard\libc_nano.a(lib_a-errno.o)
 .debug_frame   0x0000000000003b68       0x2c c:/st/stm32cubeide_1.4.0/stm32cubeide/plugins/com.st.stm32cube.ide.mcu.externaltools.gnu-tools-for-stm32.7-2018-q2-update.win32_1.4.0.202007081208/tools/bin/../lib/gcc/arm-none-eabi/7.3.1/../../../../arm-none-eabi/lib/thumb/v7e-m/fpv4-sp/hard\libc_nano.a(lib_a-init.o)
 .debug_frame   0x0000000000003b94       0x20 c:/st/stm32cubeide_1.4.0/stm32cubeide/plugins/com.st.stm32cube.ide.mcu.externaltools.gnu-tools-for-stm32.7-2018-q2-update.win32_1.4.0.202007081208/tools/bin/../lib/gcc/arm-none-eabi/7.3.1/../../../../arm-none-eabi/lib/thumb/v7e-m/fpv4-sp/hard\libc_nano.a(lib_a-memset.o)
 .debug_frame   0x0000000000003bb4       0x6c c:/st/stm32cubeide_1.4.0/stm32cubeide/plugins/com.st.stm32cube.ide.mcu.externaltools.gnu-tools-for-stm32.7-2018-q2-update.win32_1.4.0.202007081208/tools/bin/../lib/gcc/arm-none-eabi/7.3.1/../../../../arm-none-eabi/lib/thumb/v7e-m/fpv4-sp/hard\libc_nano.a(lib_a-sprintf.o)