Archive member included to satisfy reference by file (symbol)

c:/st/stm32cubeide_1.4.0/stm32cubeide/plugins/com.st.stm32cube.ide.mcu.externaltools.gnu-tools-for-stm32.7-2018-q2-update.win32_1.4.0.202007081208/tools/bin/../lib/gcc/arm-none-eabi/7.3.1/../../../../arm-none-eabi/lib/thumb/v7e-m/fpv4-sp/hard\libc_nano.a(lib_a-errno.o)
                              Core/Src/syscalls.o (__errno)
c:/st/stm32cubeide_1.4.0/stm32cubeide/plugins/com.st.stm32cube.ide.mcu.externaltools.gnu-tools-for-stm32.7-2018-q2-update.win32_1.4.0.202007081208/tools/bin/../lib/gcc/arm-none-eabi/7.3.1/../../../../arm-none-eabi/lib/thumb/v7e-m/fpv4-sp/hard\libc_nano.a(lib_a-exit.o)
                              c:/st/stm32cubeide_1.4.0/stm32cubeide/plugins/com.st.stm32cube.ide.mcu.externaltools.gnu-tools-for-stm32.7-2018-q2-update.win32_1.4.0.202007081208/tools/bin/../lib/gcc/arm-none-eabi/7.3.1/../../../../arm-none-eabi/lib/thumb/v7e-m/fpv4-sp/hard/crt0.o (exit)
c:/st/stm32cubeide_1.4.0/stm32cubeide/plugins/com.st.stm32cube.ide.mcu.externaltools.gnu-tools-for-stm32.7-2018-q2-update.win32_1.4.0.202007081208/tools/bin/../lib/gcc/arm-none-eabi/7.3.1/../../../../arm-none-eabi/lib/thumb/v7e-m/fpv4-sp/hard\libc_nano.a(lib_a-impure.o)
                              c:/st/stm32cubeide_1.4.0/stm32cubeide/plugins/com.st.stm32cube.ide.mcu.externaltools.gnu-tools-for-stm32.7-2018-q2-update.win32_1.4.0.202007081208/tools/bin/../lib/gcc/arm-none-eabi/7.3.1/../../../../arm-none-eabi/lib/thumb/v7e-m/fpv4-sp/hard\libc_nano.a(lib_a-exit.o) (_global_impure_ptr)
c:/st/stm32cubeide_1.4.0/stm32cubeide/plugins/com.st.stm32cube.ide.mcu.externaltools.gnu-tools-for-stm32.7-2018-q2-update.win32_1.4.0.202007081208/tools/bin/../lib/gcc/arm-none-eabi/7.3.1/../../../../arm-none-eabi/lib/thumb/v7e-m/fpv4-sp/hard\libc_nano.a(lib_a-init.o)
                              c:/st/stm32cubeide_1.4.0/stm32cubeide/plugins/com.st.stm32cube.ide.mcu.externaltools.gnu-tools-for-stm32.7-2018-q2-update.win32_1.4.0.202007081208/tools/bin/../lib/gcc/arm-none-eabi/7.3.1/../../../../arm-none-eabi/lib/thumb/v7e-m/fpv4-sp/hard/crt0.o (__libc_init_array)
c:/st/stm32cubeide_1.4.0/stm32cubeide/plugins/com.st.stm32cube.ide.mcu.externaltools.gnu-tools-for-stm32.7-2018-q2-update.win32_1.4.0.202007081208/tools/bin/../lib/gcc/arm-none-eabi/7.3.1/../../../../arm-none-eabi/lib/thumb/v7e-m/fpv4-sp/hard\libc_nano.a(lib_a-memset.o)
                              c:/st/stm32cubeide_1.4.0/stm32cubeide/plugins/com.st.stm32cube.ide.mcu.externaltools.gnu-tools-for-stm32.7-2018-q2-update.win32_1.4.0.202007081208/tools/bin/../lib/gcc/arm-none-eabi/7.3.1/../../../../arm-none-eabi/lib/thumb/v7e-m/fpv4-sp/hard/crt0.o (memset)
c:/st/stm32cubeide_1.4.0/stm32cubeide/plugins/com.st.stm32cube.ide.mcu.externaltools.gnu-tools-for-stm32.7-2018-q2-update.win32_1.4.0.202007081208/tools/bin/../lib/gcc/arm-none-eabi/7.3.1/../../../../arm-none-eabi/lib/thumb/v7e-m/fpv4-sp/hard\libc_nano.a(lib_a-sprintf.o)
                              Core/Src/main.o (sprintf)
c:/st/stm32cubeide_1.4.0/stm32cubeide/plugins/com.st.stm32cube.ide.mcu.externaltools.gnu-tools-for-stm32.7-2018-q2-update.win32_1.4.0.202007081208/tools/bin/../lib/gcc/arm-none-eabi/7.3.1/../../../../arm-none-eabi/lib/thumb/v7e-m/fpv4-sp/hard\libc_nano.a(lib_a-strlen.o)
                              Core/Src/main.o (strlen)
c:/st/stm32cubeide_1.4.0/stm32cubeide/plugins/com.st.stm32cube.ide.mcu.externaltools.gnu-tools-for-stm32.7-2018-q2-update.win32_1.4.0.202007081208/tools/bin/../lib/gcc/arm-none-eabi/7.3.1/../../../../arm-none-eabi/lib/thumb/v7e-m/fpv4-sp/hard\libc_nano.a(lib_a-nano-svfprintf.o)
                              c:/st/stm32cubeide_1.4.0/stm32cubeide/plugins/com.st.stm32cube.ide.mcu.externaltools.gnu-tools-for-stm32.7-2018-q2-update.win32_1.4.0.202007081208/tools/bin/../lib/gcc/arm-none-eabi/7.3.1/../../../../arm-none-eabi/lib/thumb/v7e-m/fpv4-sp/hard\libc_nano.a(lib_a-sprintf.o) (_svfprintf_r)
c:/st/stm32cubeide_1.4.0/stm32cubeide/plugins/com.st.stm32cube.ide.mcu.externaltools.gnu-tools-for-stm32.7-2018-q2-update.win32_1.4.0.202007081208/tools/bin/../lib/gcc/arm-none-eabi/7.3.1/../../../../arm-none-eabi/lib/thumb/v7e-m/fpv4-sp/hard\libc_nano.a(lib_a-nano-vfprintf_i.o)
                              c:/st/stm32cubeide_1.4.0/stm32cubeide/plugins/com.st.stm32cube.ide.mcu.externaltools.gnu-tools-for-stm32.7-2018-q2-update.win32_1.4.0.202007081208/tools/bin/../lib/gcc/arm-none-eabi/7.3.1/../../../../arm-none-eabi/lib/thumb/v7e-m/fpv4-sp/hard\libc_nano.a(lib_a-nano-svfprintf.o) (_printf_i)
c:/st/stm32cubeide_1.4.0/stm32cubeide/plugins/com.st.stm32cube.ide.mcu.externaltools.gnu-tools-for-stm32.7-2018-q2-update.win32_1.4.0.202007081208/tools/bin/../lib/gcc/arm-none-eabi/7.3.1/../../../../arm-none-eabi/lib/thumb/v7e-m/fpv4-sp/hard\libc_nano.a(lib_a-memchr.o)
[...]
Memory Configuration

Name             Origin             Length             Attributes
RAM              0x0000000020000000 0x0000000000050000 xrw
FLASH            0x0000000008000000 0x0000000000100000 xr
*default*        0x0000000000000000 0xffffffffffffffff

Linker script and memory map

LOAD c:/st/stm32cubeide_1.4.0/stm32cubeide/plugins/com.st.stm32cube.ide.mcu.externaltools.gnu-tools-for-stm32.7-2018-q2-update.win32_1.4.0.202007081208/tools/bin/../lib/gcc/arm-none-eabi/7.3.1/thumb/v7e-m/fpv4-sp/hard/crti.o
LOAD c:/st/stm32cubeide_1.4.0/stm32cubeide/plugins/com.st.stm32cube.ide.mcu.externaltools.gnu-tools-for-stm32.7-2018-q2-update.win32_1.4.0.202007081208/tools/bin/../lib/gcc/arm-none-eabi/7.3.1/thumb/v7e-m/fpv4-sp/hard/crtbegin.o
LOAD c:/st/stm32cubeide_1.4.0/stm32cubeide/plugins/com.st.stm32cube.ide.mcu.externaltools.gnu-tools-for-stm32.7-2018-q2-update.win32_1.4.0.202007081208/tools/bin/../lib/gcc/arm-none-eabi/7.3.1/../../../../arm-none-eabi/lib/thumb/v7e-m/fpv4-sp/hard/crt0.o
LOAD Core/Src/fatfs_sd.o
LOAD Core/Src/main.o
LOAD Core/Src/sd.o
LOAD Core/Src/stm32l4xx_hal_msp.o
LOAD Core/Src/stm32l4xx_it.o
LOAD Core/Src/syscalls.o
LOAD Core/Src/sysmem.o
LOAD Core/Src/system_stm32l4xx.o
LOAD Core/Startup/startup_stm32l4a6zgtx.o
LOAD Drivers/STM32L4xx_HAL_Driver/Src/stm32l4xx_hal.o
LOAD Drivers/STM32L4xx_HAL_Driver/Src/stm32l4xx_hal_cortex.o
LOAD Drivers/STM32L4xx_HAL_Driver/Src/stm32l4xx_hal_dma.o
LOAD Drivers/STM32L4xx_HAL_Driver/Src/stm32l4xx_hal_dma_ex.o
LOAD Drivers/STM32L4xx_HAL_Driver/Src/stm32l4xx_hal_exti.o
LOAD Drivers/STM32L4xx_HAL_Driver/Src/stm32l4xx_hal_flash.o
LOAD Drivers/STM32L4xx_HAL_Driver/Src/stm32l4xx_hal_flash_ex.o
LOAD Drivers/STM32L4xx_HAL_Driver/Src/stm32l4xx_hal_flash_ramfunc.o
LOAD Drivers/STM32L4xx_HAL_Driver/Src/stm32l4xx_hal_gpio.o
LOAD Drivers/STM32L4xx_HAL_Driver/Src/stm32l4xx_hal_i2c.o
LOAD Drivers/STM32L4xx_HAL_Driver/Src/stm32l4xx_hal_i2c_ex.o
LOAD Drivers/STM32L4xx_HAL_Driver/Src/stm32l4xx_hal_pwr.o
LOAD Drivers/STM32L4xx_HAL_Driver/Src/stm32l4xx_hal_pwr_ex.o
LOAD Drivers/STM32L4xx_HAL_Driver/Src/stm32l4xx_hal_rcc.o
LOAD Drivers/STM32L4xx_HAL_Driver/Src/stm32l4xx_hal_rcc_ex.o
LOAD Drivers/STM32L4xx_HAL_Driver/Src/stm32l4xx_hal_spi.o
LOAD Drivers/STM32L4xx_HAL_Driver/Src/stm32l4xx_hal_spi_ex.o
LOAD Drivers/STM32L4xx_HAL_Driver/Src/stm32l4xx_hal_tim.o
LOAD Drivers/STM32L4xx_HAL_Driver/Src/stm32l4xx_hal_tim_ex.o
LOAD Drivers/STM32L4xx_HAL_Driver/Src/stm32l4xx_hal_uart.o
LOAD Drivers/STM32L4xx_HAL_Driver/Src/stm32l4xx_hal_uart_ex.o
LOAD FATFS/App/fatfs.o
LOAD FATFS/Target/user_diskio.o
LOAD Middlewares/Third_Party/FatFs/src/diskio.o
LOAD Middlewares/Third_Party/FatFs/src/ff.o
LOAD Middlewares/Third_Party/FatFs/src/ff_gen_drv.o
LOAD Middlewares/Third_Party/FatFs/src/option/ccsbcs.o
LOAD Middlewares/Third_Party/FatFs/src/option/syscall.o
START GROUP
LOAD c:/st/stm32cubeide_1.4.0/stm32cubeide/plugins/com.st.stm32cube.ide.mcu.externaltools.gnu-tools-for-stm32.7-2018-q2-update.win32_1.4.0.202007081208/tools/bin/../lib/gcc/arm-none-eabi/7.3.1/../../../../arm-none-eabi/lib/thumb/v7e-m/fpv4-sp/hard\libc_nano.a
LOAD c:/st/stm32cubeide_1.4.0/stm32cubeide/plugins/com.st.stm32cube.ide.mcu.externaltools.gnu-tools-for-stm32.7-2018-q2-update.win32_1.4.0.202007081208/tools/bin/../lib/gcc/arm-none-eabi/7.3.1/../../../../arm-none-eabi/lib/thumb/v7e-m/fpv4-sp/hard\libm.a
END GROUP
START GROUP
LOAD c:/st/stm32cubeide_1.4.0/stm32cubeide/plugins/com.st.stm32cube.ide.mcu.externaltools.gnu-tools-for-stm32.7-2018-q2-update.win32_1.4.0.202007081208/tools/bin/../lib/gcc/arm-none-eabi/7.3.1/thumb/v7e-m/fpv4-sp/hard\libgcc.a
LOAD c:/st/stm32cubeide_1.4.0/stm32cubeide/plugins/com.st.stm32cube.ide.mcu.externaltools.gnu-tools-for-stm32.7-2018-q2-update.win32_1.4.0.202007081208/tools/bin/../lib/gcc/arm-none-eabi/7.3.1/../../../../arm-none-eabi/lib/thumb/v7e-m/fpv4-sp/hard\libc_nano.a
END GROUP
START GROUP
LOAD c:/st/stm32cubeide_1.4.0/stm32cubeide/plugins/com.st.stm32cube.ide.mcu.externaltools.gnu-tools-for-stm32.7-2018-q2-update.win32_1.4.0.202007081208/tools/bin/../lib/gcc/arm-none-eabi/7.3.1/thumb/v7e-m/fpv4-sp/hard\libgcc.a
LOAD c:/st/stm32cubeide_1.4.0/stm32cubeide/plugins/com.st.stm32cube.ide.mcu.externaltools.gnu-tools-for-stm32.7-2018-q2-update.win32_1.4.0.202007081208/tools/bin/../lib/gcc/arm-none-eabi/7.3.1/../../../../arm-none-eabi/lib/thumb/v7e-m/fpv4-sp/hard\libc_nano.a
LOAD c:/st/stm32cubeide_1.4.0/stm32cubeide/plugins/com.st.stm32cube.ide.mcu.externaltools.gnu-tools-for-stm32.7-2018-q2-update.win32_1.4.0.202007081208/tools/bin/../lib/gcc/arm-none-eabi/7.3.1/../../../../arm-none-eabi/lib/thumb/v7e-m/fpv4-sp/hard\libnosys.a
END GROUP
START GROUP
LOAD c:/st/stm32cubeide_1.4.0/stm32cubeide/plugins/com.st.stm32cube.ide.mcu.externaltools.gnu-tools-for-stm32.7-2018-q2-update.win32_1.4.0.202007081208/tools/bin/../lib/gcc/arm-none-eabi/7.3.1/thumb/v7e-m/fpv4-sp/hard\libgcc.a
LOAD c:/st/stm32cubeide_1.4.0/stm32cubeide/plugins/com.st.stm32cube.ide.mcu.externaltools.gnu-tools-for-stm32.7-2018-q2-update.win32_1.4.0.202007081208/tools/bin/../lib/gcc/arm-none-eabi/7.3.1/../../../../arm-none-eabi/lib/thumb/v7e-m/fpv4-sp/hard\libc_nano.a
LOAD c:/st/stm32cubeide_1.4.0/stm32cubeide/plugins/com.st.stm32cube.ide.mcu.externaltools.gnu-tools-for-stm32.7-2018-q2-update.win32_1.4.0.202007081208/tools/bin/../lib/gcc/arm-none-eabi/7.3.1/../../../../arm-none-eabi/lib/thumb/v7e-m/fpv4-sp/hard\libnosys.a
END GROUP
LOAD c:/st/stm32cubeide_1.4.0/stm32cubeide/plugins/com.st.stm32cube.ide.mcu.externaltools.gnu-tools-for-stm32.7-2018-q2-update.win32_1.4.0.202007081208/tools/bin/../lib/gcc/arm-none-eabi/7.3.1/thumb/v7e-m/fpv4-sp/hard/crtend.o
LOAD c:/st/stm32cubeide_1.4.0/stm32cubeide/plugins/com.st.stm32cube.ide.mcu.externaltools.gnu-tools-for-stm32.7-2018-q2-update.win32_1.4.0.202007081208/tools/bin/../lib/gcc/arm-none-eabi/7.3.1/thumb/v7e-m/fpv4-sp/hard/crtn.o
                0x0000000020050000                _estack = (ORIGIN (RAM) + LENGTH (RAM))
                0x0000000000000200                _Min_Heap_Size = 0x200
                0x0000000000000400                _Min_Stack_Size = 0x400

.isr_vector     0x0000000008000000      0x1ac
                0x0000000008000000                . = ALIGN (0x4)
 *(.isr_vector)
 .isr_vector    0x0000000008000000      0x1ac Core/Startup/startup_stm32l4a6zgtx.o
                0x0000000008000000                g_pfnVectors
                0x00000000080001ac                . = ALIGN (0x4)

.text           0x00000000080001b0     0x99fc
                0x00000000080001b0                . = ALIGN (0x4)
 *(.text)
 .text          0x00000000080001b0       0x40 c:/st/stm32cubeide_1.4.0/stm32cubeide/plugins/com.st.stm32cube.ide.mcu.externaltools.gnu-tools-for-stm32.7-2018-q2-update.win32_1.4.0.202007081208/tools/bin/../lib/gcc/arm-none-eabi/7.3.1/thumb/v7e-m/fpv4-sp/hard/crtbegin.o
 .text          0x00000000080001f0       0x10 c:/st/stm32cubeide_1.4.0/stm32cubeide/plugins/com.st.stm32cube.ide.mcu.externaltools.gnu-tools-for-stm32.7-2018-q2-update.win32_1.4.0.202007081208/tools/bin/../lib/gcc/arm-none-eabi/7.3.1/../../../../arm-none-eabi/lib/thumb/v7e-m/fpv4-sp/hard\libc_nano.a(lib_a-strlen.o)
                0x00000000080001f0                strlen
 .text          0x0000000008000200       0xa0 c:/st/stm32cubeide_1.4.0/stm32cubeide/plugins/com.st.stm32cube.ide.mcu.externaltools.gnu-tools-for-stm32.7-2018-q2-update.win32_1.4.0.202007081208/tools/bin/../lib/gcc/arm-none-eabi/7.3.1/../../../../arm-none-eabi/lib/thumb/v7e-m/fpv4-sp/hard\libc_nano.a(lib_a-memchr.o)
                0x0000000008000200                memchr
 .text          0x00000000080002a0      0x378 c:/st/stm32cubeide_1.4.0/stm32cubeide/plugins/com.st.stm32cube.ide.mcu.externaltools.gnu-tools-for-stm32.7-2018-q2-update.win32_1.4.0.202007081208/tools/bin/../lib/gcc/arm-none-eabi/7.3.1/thumb/v7e-m/fpv4-sp/hard\libgcc.a(_arm_addsubdf3.o)
                0x00000000080002a0                __aeabi_drsub
                0x00000000080002a8                __aeabi_dsub
                0x00000000080002a8                __subdf3
                0x00000000080002ac                __aeabi_dadd
                0x00000000080002ac                __adddf3
                0x0000000008000524                __floatunsidf
                0x0000000008000524                __aeabi_ui2d
                0x0000000008000544                __floatsidf
                0x0000000008000544                __aeabi_i2d
                0x0000000008000568                __aeabi_f2d
                0x0000000008000568                __extendsfdf2
                0x00000000080005ac                __floatundidf
                0x00000000080005ac                __aeabi_ul2d
                0x00000000080005bc                __floatdidf
                0x00000000080005bc                __aeabi_l2d
 .text          0x0000000008000618      0x424 c:/st/stm32cubeide_1.4.0/stm32cubeide/plugins/com.st.stm32cube.ide.mcu.externaltools.gnu-tools-for-stm32.7-2018-q2-update.win32_1.4.0.202007081208/tools/bin/../lib/gcc/arm-none-eabi/7.3.1/thumb/v7e-m/fpv4-sp/hard\libgcc.a(_arm_muldivdf3.o)
                0x0000000008000618                __aeabi_dmul
                0x0000000008000618                __muldf3
                0x000000000800086c                __divdf3
                0x000000000800086c                __aeabi_ddiv
 .text          0x0000000008000a3c       0x40 c:/st/stm32cubeide_1.4.0/stm32cubeide/plugins/com.st.stm32cube.ide.mcu.externaltools.gnu-tools-for-stm32.7-2018-q2-update.win32_1.4.0.202007081208/tools/bin/../lib/gcc/arm-none-eabi/7.3.1/thumb/v7e-m/fpv4-sp/hard\libgcc.a(_arm_fixunsdfsi.o)
                0x0000000008000a3c                __aeabi_d2uiz
                0x0000000008000a3c                __fixunsdfsi
 .text          0x0000000008000a7c       0x30 c:/st/stm32cubeide_1.4.0/stm32cubeide/plugins/com.st.stm32cube.ide.mcu.externaltools.gnu-tools-for-stm32.7-2018-q2-update.win32_1.4.0.202007081208/tools/bin/../lib/gcc/arm-none-eabi/7.3.1/thumb/v7e-m/fpv4-sp/hard\libgcc.a(_aeabi_uldivmod.o)
                0x0000000008000a7c                __aeabi_uldivmod
 .text          0x0000000008000aac      0x2cc c:/st/stm32cubeide_1.4.0/stm32cubeide/plugins/com.st.stm32cube.ide.mcu.externaltools.gnu-tools-for-stm32.7-2018-q2-update.win32_1.4.0.202007081208/tools/bin/../lib/gcc/arm-none-eabi/7.3.1/thumb/v7e-m/fpv4-sp/hard\libgcc.a(_udivmoddi4.o)
                0x0000000008000aac                __udivmoddi4
 .text          0x0000000008000d78        0x4 c:/st/stm32cubeide_1.4.0/stm32cubeide/plugins/com.st.stm32cube.ide.mcu.externaltools.gnu-tools-for-stm32.7-2018-q2-update.win32_1.4.0.202007081208/tools/bin/../lib/gcc/arm-none-eabi/7.3.1/thumb/v7e-m/fpv4-sp/hard\libgcc.a(_dvmd_tls.o)
                0x0000000008000d78                __aeabi_idiv0
                0x0000000008000d78                __aeabi_ldiv0
 *(.text*)
 .text.SELECT   0x0000000008000d7c       0x1a Core/Src/fatfs_sd.o
 .text.DESELECT
                0x0000000008000d96       0x1a Core/Src/fatfs_sd.o
 .text.SPI_TxByte
                0x0000000008000db0       0x34 Core/Src/fatfs_sd.o
 .text.SPI_TxBuffer
                0x0000000008000de4       0x34 Core/Src/fatfs_sd.o
 .text.SPI_RxByte
                0x0000000008000e18       0x38 Core/Src/fatfs_sd.o
 .text.SPI_RxBytePtr
                0x0000000008000e50       0x1c Core/Src/fatfs_sd.o
 .text.SD_ReadyWait
                0x0000000008000e6c       0x34 Core/Src/fatfs_sd.o
 .text.SD_PowerOn
                0x0000000008000ea0       0x84 Core/Src/fatfs_sd.o
 .text.SD_PowerOff
                0x0000000008000f24       0x18 Core/Src/fatfs_sd.o
 .text.SD_CheckPower
                0x0000000008000f3c       0x18 Core/Src/fatfs_sd.o
 .text.SD_RxDataBlock
                0x0000000008000f54       0x60 Core/Src/fatfs_sd.o
 .text.SD_TxDataBlock
                0x0000000008000fb4       0x86 Core/Src/fatfs_sd.o
 .text.SD_SendCmd
                0x000000000800103a       0xa8 Core/Src/fatfs_sd.o
 *fill*         0x00000000080010e2        0x2 
 .text.SD_disk_initialize
                0x00000000080010e4      0x1d8 Core/Src/fatfs_sd.o
                0x00000000080010e4                SD_disk_initialize
 .text.SD_disk_status
                0x00000000080012bc       0x2c Core/Src/fatfs_sd.o
                0x00000000080012bc                SD_disk_status
 .text.SD_disk_read
                0x00000000080012e8       0xd4 Core/Src/fatfs_sd.o
                0x00000000080012e8                SD_disk_read
 .text.SD_disk_write
                0x00000000080013bc      0x108 Core/Src/fatfs_sd.o
                0x00000000080013bc                SD_disk_write
 .text.SD_disk_ioctl
                0x00000000080014c4      0x254 Core/Src/fatfs_sd.o
                0x00000000080014c4                SD_disk_ioctl
 .text.send_uart
                0x0000000008001718       0x30 Core/Src/main.o
                0x0000000008001718                send_uart
 .text.bufclear
                0x0000000008001748       0x34 Core/Src/main.o
                0x0000000008001748                bufclear
 .text.main     0x000000000800177c      0x19c Core/Src/main.o
                0x000000000800177c                main
 .text.SystemClock_Config
                0x0000000008001918       0xee Core/Src/main.o
                0x0000000008001918                SystemClock_Config
 *fill*         0x0000000008001a06        0x2 
 .text.MX_SPI1_Init
                0x0000000008001a08       0x7c Core/Src/main.o
 .text.MX_USART3_UART_Init
                0x0000000008001a84       0x60 Core/Src/main.o
 .text.MX_GPIO_Init
                0x0000000008001ae4      0x134 Core/Src/main.o
 .text.HAL_GPIO_EXTI_Callback
                0x0000000008001c18       0x54 Core/Src/main.o
                0x0000000008001c18                HAL_GPIO_EXTI_Callback
 .text.Error_Handler
                0x0000000008001c6c        0xe Core/Src/main.o
                0x0000000008001c6c                Error_Handler
 *fill*         0x0000000008001c7a        0x2 
 .text.ConDetect
                0x0000000008001c7c      0x138 Core/Src/sd.o
                0x0000000008001c7c                ConDetect
 .text.HAL_MspInit
                0x0000000008001db4       0x84 Core/Src/stm32l4xx_hal_msp.o
                0x0000000008001db4                HAL_MspInit
 .text.HAL_SPI_MspInit
                0x0000000008001e38       0x94 Core/Src/stm32l4xx_hal_msp.o
                0x0000000008001e38                HAL_SPI_MspInit
 .text.HAL_UART_MspInit
                0x0000000008001ecc       0x98 Core/Src/stm32l4xx_hal_msp.o
                0x0000000008001ecc                HAL_UART_MspInit
 .text.SDTimer_Handler
                0x0000000008001f64       0x48 Core/Src/stm32l4xx_it.o
                0x0000000008001f64                SDTimer_Handler
 .text.NMI_Handler
                0x0000000008001fac        0xe Core/Src/stm32l4xx_it.o
                0x0000000008001fac                NMI_Handler
 .text.HardFault_Handler
                0x0000000008001fba        0x6 Core/Src/stm32l4xx_it.o
                0x0000000008001fba                HardFault_Handler
 .text.MemManage_Handler
                0x0000000008001fc0        0x6 Core/Src/stm32l4xx_it.o
                0x0000000008001fc0                MemManage_Handler
 .text.BusFault_Handler
                0x0000000008001fc6        0x6 Core/Src/stm32l4xx_it.o
                0x0000000008001fc6                BusFault_Handler
 .text.UsageFault_Handler
                0x0000000008001fcc        0x6 Core/Src/stm32l4xx_it.o
                0x0000000008001fcc                UsageFault_Handler
 .text.SVC_Handler
                0x0000000008001fd2        0xe Core/Src/stm32l4xx_it.o
                0x0000000008001fd2                SVC_Handler
 .text.DebugMon_Handler
                0x0000000008001fe0        0xe Core/Src/stm32l4xx_it.o
                0x0000000008001fe0                DebugMon_Handler
 .text.PendSV_Handler
                0x0000000008001fee        0xe Core/Src/stm32l4xx_it.o
                0x0000000008001fee                PendSV_Handler
 .text.SysTick_Handler
                0x0000000008001ffc       0x34 Core/Src/stm32l4xx_it.o
                0x0000000008001ffc                SysTick_Handler
 .text.PVD_PVM_IRQHandler
                0x0000000008002030        0xc Core/Src/stm32l4xx_it.o
                0x0000000008002030                PVD_PVM_IRQHandler
 .text.FLASH_IRQHandler
                0x000000000800203c        0xc Core/Src/stm32l4xx_it.o
                0x000000000800203c                FLASH_IRQHandler
 .text.RCC_IRQHandler
                0x0000000008002048        0xe Core/Src/stm32l4xx_it.o
                0x0000000008002048                RCC_IRQHandler
 .text.EXTI0_IRQHandler
                0x0000000008002056        0xe Core/Src/stm32l4xx_it.o
                0x0000000008002056                EXTI0_IRQHandler
 .text.EXTI1_IRQHandler
                0x0000000008002064        0xe Core/Src/stm32l4xx_it.o
                0x0000000008002064                EXTI1_IRQHandler
 *fill*         0x0000000008002072        0x2 
 .text.SPI1_IRQHandler
                0x0000000008002074       0x14 Core/Src/stm32l4xx_it.o
                0x0000000008002074                SPI1_IRQHandler
 .text.USART3_IRQHandler
                0x0000000008002088       0x14 Core/Src/stm32l4xx_it.o
                0x0000000008002088                USART3_IRQHandler
 .text.FPU_IRQHandler
                0x000000000800209c        0xe Core/Src/stm32l4xx_it.o
                0x000000000800209c                FPU_IRQHandler
 *fill*         0x00000000080020aa        0x2 
 .text._sbrk    0x00000000080020ac       0x6c Core/Src/sysmem.o
                0x00000000080020ac                _sbrk
 .text.SystemInit
                0x0000000008002118       0x6c Core/Src/system_stm32l4xx.o
                0x0000000008002118                SystemInit
 .text.Reset_Handler
                0x0000000008002184       0x50 Core/Startup/startup_stm32l4a6zgtx.o
                0x0000000008002184                Reset_Handler
 .text.Default_Handler
                0x00000000080021d4        0x2 Core/Startup/startup_stm32l4a6zgtx.o
                0x00000000080021d4                RTC_Alarm_IRQHandler
                0x00000000080021d4                HASH_RNG_IRQHandler
                0x00000000080021d4                EXTI2_IRQHandler
                0x00000000080021d4                TIM8_TRG_COM_IRQHandler
                0x00000000080021d4                TIM8_CC_IRQHandler
                0x00000000080021d4                TIM1_CC_IRQHandler
                0x00000000080021d4                TSC_IRQHandler
                0x00000000080021d4                TAMP_STAMP_IRQHandler
                0x00000000080021d4                CAN2_RX1_IRQHandler
                0x00000000080021d4                EXTI3_IRQHandler
                0x00000000080021d4                LPTIM2_IRQHandler
                0x00000000080021d4                DFSDM1_FLT1_IRQHandler
                0x00000000080021d4                I2C3_ER_IRQHandler
                0x00000000080021d4                DFSDM1_FLT2_IRQHandler
                0x00000000080021d4                I2C2_EV_IRQHandler
                0x00000000080021d4                CAN1_RX0_IRQHandler
                0x00000000080021d4                TIM1_UP_TIM16_IRQHandler
                0x00000000080021d4                CAN2_SCE_IRQHandler
                0x00000000080021d4                ADC1_2_IRQHandler
                0x00000000080021d4                TIM6_DAC_IRQHandler
                0x00000000080021d4                DCMI_IRQHandler
                0x00000000080021d4                CAN2_RX0_IRQHandler
                0x00000000080021d4                TIM8_UP_IRQHandler
                0x00000000080021d4                DMA2_Channel2_IRQHandler
                0x00000000080021d4                DMA1_Channel4_IRQHandler
                0x00000000080021d4                SAI2_IRQHandler
                0x00000000080021d4                DFSDM1_FLT3_IRQHandler
                0x00000000080021d4                DMA1_Channel7_IRQHandler
                0x00000000080021d4                CAN1_RX1_IRQHandler
                0x00000000080021d4                LCD_IRQHandler
                0x00000000080021d4                UART5_IRQHandler
                0x00000000080021d4                ADC3_IRQHandler
                0x00000000080021d4                TIM4_IRQHandler
                0x00000000080021d4                DMA2_Channel1_IRQHandler
                0x00000000080021d4                QUADSPI_IRQHandler
                0x00000000080021d4                I2C1_EV_IRQHandler
                0x00000000080021d4                DMA1_Channel6_IRQHandler
                0x00000000080021d4                UART4_IRQHandler
                0x00000000080021d4                DMA2_Channel4_IRQHandler
                0x00000000080021d4                TIM3_IRQHandler
                0x00000000080021d4                DMA1_Channel1_IRQHandler
                0x00000000080021d4                Default_Handler
                0x00000000080021d4                DMA2_Channel7_IRQHandler
                0x00000000080021d4                EXTI15_10_IRQHandler
                0x00000000080021d4                TIM7_IRQHandler
                0x00000000080021d4                SDMMC1_IRQHandler
                0x00000000080021d4                CAN2_TX_IRQHandler
                0x00000000080021d4                TIM5_IRQHandler
                0x00000000080021d4                I2C3_EV_IRQHandler
                0x00000000080021d4                EXTI9_5_IRQHandler
                0x00000000080021d4                RTC_WKUP_IRQHandler
                0x00000000080021d4                SPI2_IRQHandler
                0x00000000080021d4                CAN1_TX_IRQHandler
                0x00000000080021d4                DMA2_Channel5_IRQHandler
                0x00000000080021d4                CRS_IRQHandler
                0x00000000080021d4                DMA1_Channel5_IRQHandler
                0x00000000080021d4                EXTI4_IRQHandler
                0x00000000080021d4                TIM1_TRG_COM_TIM17_IRQHandler
                0x00000000080021d4                DMA1_Channel3_IRQHandler
                0x00000000080021d4                COMP_IRQHandler
                0x00000000080021d4                WWDG_IRQHandler
                0x00000000080021d4                I2C4_EV_IRQHandler
                0x00000000080021d4                LPUART1_IRQHandler
                0x00000000080021d4                DMA2_Channel6_IRQHandler
                0x00000000080021d4                TIM2_IRQHandler
                0x00000000080021d4                DMA2D_IRQHandler
                0x00000000080021d4                AES_IRQHandler
                0x00000000080021d4                USART2_IRQHandler
                0x00000000080021d4                DFSDM1_FLT0_IRQHandler
                0x00000000080021d4                I2C2_ER_IRQHandler
                0x00000000080021d4                DMA1_Channel2_IRQHandler
                0x00000000080021d4                TIM8_BRK_IRQHandler
                0x00000000080021d4                CAN1_SCE_IRQHandler
                0x00000000080021d4                USART1_IRQHandler
                0x00000000080021d4                OTG_FS_IRQHandler
                0x00000000080021d4                SPI3_IRQHandler
                0x00000000080021d4                I2C1_ER_IRQHandler
                0x00000000080021d4                FMC_IRQHandler
                0x00000000080021d4                SWPMI1_IRQHandler
                0x00000000080021d4                LPTIM1_IRQHandler
                0x00000000080021d4                I2C4_ER_IRQHandler
                0x00000000080021d4                SAI1_IRQHandler
                0x00000000080021d4                DMA2_Channel3_IRQHandler
                0x00000000080021d4                TIM1_BRK_TIM15_IRQHandler
 .text.HAL_Init
                0x00000000080021d6       0x30 Drivers/STM32L4xx_HAL_Driver/Src/stm32l4xx_hal.o
                0x00000000080021d6                HAL_Init
 *fill*         0x0000000008002206        0x2 
 .text.HAL_InitTick
                0x0000000008002208       0x78 Drivers/STM32L4xx_HAL_Driver/Src/stm32l4xx_hal.o
                0x0000000008002208                HAL_InitTick
 .text.HAL_IncTick
                0x0000000008002280       0x28 Drivers/STM32L4xx_HAL_Driver/Src/stm32l4xx_hal.o
                0x0000000008002280                HAL_IncTick
 .text.HAL_GetTick
                0x00000000080022a8       0x18 Drivers/STM32L4xx_HAL_Driver/Src/stm32l4xx_hal.o
                0x00000000080022a8                HAL_GetTick
 .text.HAL_Delay
                0x00000000080022c0       0x44 Drivers/STM32L4xx_HAL_Driver/Src/stm32l4xx_hal.o
                0x00000000080022c0                HAL_Delay
 .text.__NVIC_SetPriorityGrouping
                0x0000000008002304       0x48 Drivers/STM32L4xx_HAL_Driver/Src/stm32l4xx_hal_cortex.o
 .text.__NVIC_GetPriorityGrouping
                0x000000000800234c       0x1c Drivers/STM32L4xx_HAL_Driver/Src/stm32l4xx_hal_cortex.o
 .text.__NVIC_EnableIRQ
                0x0000000008002368       0x3c Drivers/STM32L4xx_HAL_Driver/Src/stm32l4xx_hal_cortex.o
 .text.__NVIC_SetPriority
                0x00000000080023a4       0x54 Drivers/STM32L4xx_HAL_Driver/Src/stm32l4xx_hal_cortex.o
 .text.NVIC_EncodePriority
                0x00000000080023f8       0x66 Drivers/STM32L4xx_HAL_Driver/Src/stm32l4xx_hal_cortex.o
 *fill*         0x000000000800245e        0x2 
 .text.SysTick_Config
                0x0000000008002460       0x44 Drivers/STM32L4xx_HAL_Driver/Src/stm32l4xx_hal_cortex.o
 .text.HAL_NVIC_SetPriorityGrouping
                0x00000000080024a4       0x16 Drivers/STM32L4xx_HAL_Driver/Src/stm32l4xx_hal_cortex.o
                0x00000000080024a4                HAL_NVIC_SetPriorityGrouping
 .text.HAL_NVIC_SetPriority
                0x00000000080024ba       0x38 Drivers/STM32L4xx_HAL_Driver/Src/stm32l4xx_hal_cortex.o
                0x00000000080024ba                HAL_NVIC_SetPriority
 .text.HAL_NVIC_EnableIRQ
                0x00000000080024f2       0x1c Drivers/STM32L4xx_HAL_Driver/Src/stm32l4xx_hal_cortex.o
                0x00000000080024f2                HAL_NVIC_EnableIRQ
 .text.HAL_SYSTICK_Config
                0x000000000800250e       0x18 Drivers/STM32L4xx_HAL_Driver/Src/stm32l4xx_hal_cortex.o
                0x000000000800250e                HAL_SYSTICK_Config
 .text.HAL_DMA_Abort_IT
                0x0000000008002526       0x82 Drivers/STM32L4xx_HAL_Driver/Src/stm32l4xx_hal_dma.o
                0x0000000008002526                HAL_DMA_Abort_IT
 .text.HAL_FLASH_IRQHandler
                0x00000000080025a8      0x1b0 Drivers/STM32L4xx_HAL_Driver/Src/stm32l4xx_hal_flash.o
                0x00000000080025a8                HAL_FLASH_IRQHandler
 .text.HAL_FLASH_EndOfOperationCallback
                0x0000000008002758       0x14 Drivers/STM32L4xx_HAL_Driver/Src/stm32l4xx_hal_flash.o
                0x0000000008002758                HAL_FLASH_EndOfOperationCallback
 .text.HAL_FLASH_OperationErrorCallback
                0x000000000800276c       0x14 Drivers/STM32L4xx_HAL_Driver/Src/stm32l4xx_hal_flash.o
                0x000000000800276c                HAL_FLASH_OperationErrorCallback
 .text.FLASH_PageErase
                0x0000000008002780       0x6c Drivers/STM32L4xx_HAL_Driver/Src/stm32l4xx_hal_flash_ex.o
                0x0000000008002780                FLASH_PageErase
 .text.FLASH_FlushCaches
                0x00000000080027ec       0x88 Drivers/STM32L4xx_HAL_Driver/Src/stm32l4xx_hal_flash_ex.o
                0x00000000080027ec                FLASH_FlushCaches
 .text.HAL_GPIO_Init
                0x0000000008002874      0x324 Drivers/STM32L4xx_HAL_Driver/Src/stm32l4xx_hal_gpio.o
                0x0000000008002874                HAL_GPIO_Init
 .text.HAL_GPIO_ReadPin
                0x0000000008002b98       0x30 Drivers/STM32L4xx_HAL_Driver/Src/stm32l4xx_hal_gpio.o
                0x0000000008002b98                HAL_GPIO_ReadPin
 .text.HAL_GPIO_WritePin
                0x0000000008002bc8       0x30 Drivers/STM32L4xx_HAL_Driver/Src/stm32l4xx_hal_gpio.o
                0x0000000008002bc8                HAL_GPIO_WritePin
 .text.HAL_GPIO_EXTI_IRQHandler
                0x0000000008002bf8       0x30 Drivers/STM32L4xx_HAL_Driver/Src/stm32l4xx_hal_gpio.o
                0x0000000008002bf8                HAL_GPIO_EXTI_IRQHandler
 .text.HAL_PWR_PVDCallback
                0x0000000008002c28        0xe Drivers/STM32L4xx_HAL_Driver/Src/stm32l4xx_hal_pwr.o
                0x0000000008002c28                HAL_PWR_PVDCallback
 *fill*         0x0000000008002c36        0x2 
 .text.HAL_PWREx_GetVoltageRange
                0x0000000008002c38       0x1c Drivers/STM32L4xx_HAL_Driver/Src/stm32l4xx_hal_pwr_ex.o
                0x0000000008002c38                HAL_PWREx_GetVoltageRange
 .text.HAL_PWREx_ControlVoltageScaling
                0x0000000008002c54       0xac Drivers/STM32L4xx_HAL_Driver/Src/stm32l4xx_hal_pwr_ex.o
                0x0000000008002c54                HAL_PWREx_ControlVoltageScaling
 .text.HAL_PWREx_PVD_PVM_IRQHandler
                0x0000000008002d00       0x7c Drivers/STM32L4xx_HAL_Driver/Src/stm32l4xx_hal_pwr_ex.o
                0x0000000008002d00                HAL_PWREx_PVD_PVM_IRQHandler
 .text.HAL_PWREx_PVM1Callback
                0x0000000008002d7c        0xe Drivers/STM32L4xx_HAL_Driver/Src/stm32l4xx_hal_pwr_ex.o
                0x0000000008002d7c                HAL_PWREx_PVM1Callback
 .text.HAL_PWREx_PVM2Callback
                0x0000000008002d8a        0xe Drivers/STM32L4xx_HAL_Driver/Src/stm32l4xx_hal_pwr_ex.o
                0x0000000008002d8a                HAL_PWREx_PVM2Callback
 .text.HAL_PWREx_PVM3Callback
                0x0000000008002d98        0xe Drivers/STM32L4xx_HAL_Driver/Src/stm32l4xx_hal_pwr_ex.o
                0x0000000008002d98                HAL_PWREx_PVM3Callback
 .text.HAL_PWREx_PVM4Callback
                0x0000000008002da6        0xe Drivers/STM32L4xx_HAL_Driver/Src/stm32l4xx_hal_pwr_ex.o
                0x0000000008002da6                HAL_PWREx_PVM4Callback
 .text.HAL_RCC_OscConfig
                0x0000000008002db4      0x84c Drivers/STM32L4xx_HAL_Driver/Src/stm32l4xx_hal_rcc.o
                0x0000000008002db4                HAL_RCC_OscConfig
 .text.HAL_RCC_ClockConfig
                0x0000000008003600      0x1c4 Drivers/STM32L4xx_HAL_Driver/Src/stm32l4xx_hal_rcc.o
                0x0000000008003600                HAL_RCC_ClockConfig
 .text.HAL_RCC_GetSysClockFreq
                0x00000000080037c4      0x114 Drivers/STM32L4xx_HAL_Driver/Src/stm32l4xx_hal_rcc.o
                0x00000000080037c4                HAL_RCC_GetSysClockFreq
 .text.HAL_RCC_GetHCLKFreq
                0x00000000080038d8       0x18 Drivers/STM32L4xx_HAL_Driver/Src/stm32l4xx_hal_rcc.o
                0x00000000080038d8                HAL_RCC_GetHCLKFreq
 .text.HAL_RCC_GetPCLK1Freq
                0x00000000080038f0       0x2c Drivers/STM32L4xx_HAL_Driver/Src/stm32l4xx_hal_rcc.o
                0x00000000080038f0                HAL_RCC_GetPCLK1Freq
 .text.HAL_RCC_GetPCLK2Freq
                0x000000000800391c       0x2c Drivers/STM32L4xx_HAL_Driver/Src/stm32l4xx_hal_rcc.o
                0x000000000800391c                HAL_RCC_GetPCLK2Freq
 .text.RCC_SetFlashLatencyFromMSIRange
                0x0000000008003948       0xc0 Drivers/STM32L4xx_HAL_Driver/Src/stm32l4xx_hal_rcc.o
 .text.HAL_RCCEx_PeriphCLKConfig
                0x0000000008003a08      0x5f0 Drivers/STM32L4xx_HAL_Driver/Src/stm32l4xx_hal_rcc_ex.o
                0x0000000008003a08                HAL_RCCEx_PeriphCLKConfig
 .text.RCCEx_PLLSAI1_Config
                0x0000000008003ff8      0x1e0 Drivers/STM32L4xx_HAL_Driver/Src/stm32l4xx_hal_rcc_ex.o
 .text.RCCEx_PLLSAI2_Config
                0x00000000080041d8      0x1b4 Drivers/STM32L4xx_HAL_Driver/Src/stm32l4xx_hal_rcc_ex.o
 .text.HAL_SPI_Init
                0x000000000800438c      0x146 Drivers/STM32L4xx_HAL_Driver/Src/stm32l4xx_hal_spi.o
                0x000000000800438c                HAL_SPI_Init
 .text.HAL_SPI_Transmit
                0x00000000080044d2      0x2dc Drivers/STM32L4xx_HAL_Driver/Src/stm32l4xx_hal_spi.o
                0x00000000080044d2                HAL_SPI_Transmit
 .text.HAL_SPI_TransmitReceive
                0x00000000080047ae      0x426 Drivers/STM32L4xx_HAL_Driver/Src/stm32l4xx_hal_spi.o
                0x00000000080047ae                HAL_SPI_TransmitReceive
 .text.HAL_SPI_IRQHandler
                0x0000000008004bd4      0x200 Drivers/STM32L4xx_HAL_Driver/Src/stm32l4xx_hal_spi.o
                0x0000000008004bd4                HAL_SPI_IRQHandler
 .text.HAL_SPI_ErrorCallback
                0x0000000008004dd4       0x14 Drivers/STM32L4xx_HAL_Driver/Src/stm32l4xx_hal_spi.o
                0x0000000008004dd4                HAL_SPI_ErrorCallback
 .text.SPI_DMAAbortOnError
                0x0000000008004de8       0x2a Drivers/STM32L4xx_HAL_Driver/Src/stm32l4xx_hal_spi.o
 *fill*         0x0000000008004e12        0x2 
 .text.SPI_WaitFlagStateUntilTimeout
                0x0000000008004e14      0x110 Drivers/STM32L4xx_HAL_Driver/Src/stm32l4xx_hal_spi.o
 .text.SPI_WaitFifoStateUntilTimeout
                0x0000000008004f24      0x11c Drivers/STM32L4xx_HAL_Driver/Src/stm32l4xx_hal_spi.o
 .text.SPI_EndRxTxTransaction
                0x0000000008005040       0x8c Drivers/STM32L4xx_HAL_Driver/Src/stm32l4xx_hal_spi.o
 .text.HAL_UART_Init
                0x00000000080050cc       0x9c Drivers/STM32L4xx_HAL_Driver/Src/stm32l4xx_hal_uart.o
                0x00000000080050cc                HAL_UART_Init
 .text.HAL_UART_Transmit
                0x0000000008005168      0x126 Drivers/STM32L4xx_HAL_Driver/Src/stm32l4xx_hal_uart.o
                0x0000000008005168                HAL_UART_Transmit
 *fill*         0x000000000800528e        0x2 
 .text.HAL_UART_IRQHandler
                0x0000000008005290      0x290 Drivers/STM32L4xx_HAL_Driver/Src/stm32l4xx_hal_uart.o
                0x0000000008005290                HAL_UART_IRQHandler
 .text.HAL_UART_TxCpltCallback
                0x0000000008005520       0x14 Drivers/STM32L4xx_HAL_Driver/Src/stm32l4xx_hal_uart.o
                0x0000000008005520                HAL_UART_TxCpltCallback
 .text.HAL_UART_ErrorCallback
                0x0000000008005534       0x14 Drivers/STM32L4xx_HAL_Driver/Src/stm32l4xx_hal_uart.o
                0x0000000008005534                HAL_UART_ErrorCallback
 .text.UART_SetConfig
                0x0000000008005548      0x514 Drivers/STM32L4xx_HAL_Driver/Src/stm32l4xx_hal_uart.o
                0x0000000008005548                UART_SetConfig
 .text.UART_AdvFeatureConfig
                0x0000000008005a5c      0x144 Drivers/STM32L4xx_HAL_Driver/Src/stm32l4xx_hal_uart.o
                0x0000000008005a5c                UART_AdvFeatureConfig
 .text.UART_CheckIdleState
                0x0000000008005ba0       0x8a Drivers/STM32L4xx_HAL_Driver/Src/stm32l4xx_hal_uart.o
                0x0000000008005ba0                UART_CheckIdleState
 .text.UART_WaitOnFlagUntilTimeout
                0x0000000008005c2a       0xf6 Drivers/STM32L4xx_HAL_Driver/Src/stm32l4xx_hal_uart.o
                0x0000000008005c2a                UART_WaitOnFlagUntilTimeout
 .text.UART_EndRxTransfer
                0x0000000008005d20       0x40 Drivers/STM32L4xx_HAL_Driver/Src/stm32l4xx_hal_uart.o
 .text.UART_DMAAbortOnError
                0x0000000008005d60       0x2c Drivers/STM32L4xx_HAL_Driver/Src/stm32l4xx_hal_uart.o
 .text.UART_EndTransmit_IT
                0x0000000008005d8c       0x32 Drivers/STM32L4xx_HAL_Driver/Src/stm32l4xx_hal_uart.o
 .text.HAL_UARTEx_WakeupCallback
                0x0000000008005dbe       0x14 Drivers/STM32L4xx_HAL_Driver/Src/stm32l4xx_hal_uart_ex.o
                0x0000000008005dbe                HAL_UARTEx_WakeupCallback
 *fill*         0x0000000008005dd2        0x2 
 .text.MX_FATFS_Init
                0x0000000008005dd4       0x24 FATFS/App/fatfs.o
                0x0000000008005dd4                MX_FATFS_Init
 .text.get_fattime
                0x0000000008005df8       0x10 FATFS/App/fatfs.o
                0x0000000008005df8                get_fattime
 .text.USER_initialize
                0x0000000008005e08       0x2c FATFS/Target/user_diskio.o
                0x0000000008005e08                USER_initialize
 .text.USER_status
                0x0000000008005e34       0x1c FATFS/Target/user_diskio.o
                0x0000000008005e34                USER_status
 .text.USER_read
                0x0000000008005e50       0x26 FATFS/Target/user_diskio.o
                0x0000000008005e50                USER_read
 .text.USER_write
                0x0000000008005e76       0x26 FATFS/Target/user_diskio.o
                0x0000000008005e76                USER_write
 .text.USER_ioctl
                0x0000000008005e9c       0x26 FATFS/Target/user_diskio.o
                0x0000000008005e9c                USER_ioctl
 *fill*         0x0000000008005ec2        0x2 
 .text.disk_status
                0x0000000008005ec4       0x34 Middlewares/Third_Party/FatFs/src/diskio.o
                0x0000000008005ec4                disk_status
 .text.disk_initialize
                0x0000000008005ef8       0x4c Middlewares/Third_Party/FatFs/src/diskio.o
                0x0000000008005ef8                disk_initialize
 .text.disk_read
                0x0000000008005f44       0x40 Middlewares/Third_Party/FatFs/src/diskio.o
                0x0000000008005f44                disk_read
 .text.disk_write
                0x0000000008005f84       0x40 Middlewares/Third_Party/FatFs/src/diskio.o
                0x0000000008005f84                disk_write
 .text.disk_ioctl
                0x0000000008005fc4       0x3c Middlewares/Third_Party/FatFs/src/diskio.o
                0x0000000008005fc4                disk_ioctl
 .text.ld_word  0x0000000008006000       0x30 Middlewares/Third_Party/FatFs/src/ff.o
 .text.ld_dword
                0x0000000008006030       0x46 Middlewares/Third_Party/FatFs/src/ff.o
 .text.st_word  0x0000000008006076       0x36 Middlewares/Third_Party/FatFs/src/ff.o
 .text.st_dword
                0x00000000080060ac       0x58 Middlewares/Third_Party/FatFs/src/ff.o
 .text.mem_cpy  0x0000000008006104       0x42 Middlewares/Third_Party/FatFs/src/ff.o
 .text.mem_set  0x0000000008006146       0x34 Middlewares/Third_Party/FatFs/src/ff.o
 .text.mem_cmp  0x000000000800617a       0x4e Middlewares/Third_Party/FatFs/src/ff.o
 .text.chk_chr  0x00000000080061c8       0x36 Middlewares/Third_Party/FatFs/src/ff.o
 *fill*         0x00000000080061fe        0x2 
 .text.chk_lock
                0x0000000008006200       0xb8 Middlewares/Third_Party/FatFs/src/ff.o
 .text.enq_lock
                0x00000000080062b8       0x44 Middlewares/Third_Party/FatFs/src/ff.o
 .text.inc_lock
                0x00000000080062fc      0x11c Middlewares/Third_Party/FatFs/src/ff.o
 .text.dec_lock
                0x0000000008006418       0x78 Middlewares/Third_Party/FatFs/src/ff.o
 .text.clear_lock
                0x0000000008006490       0x48 Middlewares/Third_Party/FatFs/src/ff.o
 .text.sync_window
                0x00000000080064d8       0x88 Middlewares/Third_Party/FatFs/src/ff.o
 .text.move_window
                0x0000000008006560       0x5a Middlewares/Third_Party/FatFs/src/ff.o
 *fill*         0x00000000080065ba        0x2 
 .text.sync_fs  0x00000000080065bc       0xe0 Middlewares/Third_Party/FatFs/src/ff.o
 .text.clust2sect
                0x000000000800669c       0x3e Middlewares/Third_Party/FatFs/src/ff.o
 .text.get_fat  0x00000000080066da      0x1a0 Middlewares/Third_Party/FatFs/src/ff.o
 .text.put_fat  0x000000000800687a      0x22e Middlewares/Third_Party/FatFs/src/ff.o
 .text.remove_chain
                0x0000000008006aa8       0xca Middlewares/Third_Party/FatFs/src/ff.o
 .text.create_chain
                0x0000000008006b72      0x130 Middlewares/Third_Party/FatFs/src/ff.o
 .text.clmt_clust
                0x0000000008006ca2       0x70 Middlewares/Third_Party/FatFs/src/ff.o
 .text.dir_sdi  0x0000000008006d12      0x112 Middlewares/Third_Party/FatFs/src/ff.o
 .text.dir_next
                0x0000000008006e24      0x1ac Middlewares/Third_Party/FatFs/src/ff.o
 .text.dir_alloc
                0x0000000008006fd0       0x8e Middlewares/Third_Party/FatFs/src/ff.o
 .text.ld_clust
                0x000000000800705e       0x3e Middlewares/Third_Party/FatFs/src/ff.o
 .text.st_clust
                0x000000000800709c       0x40 Middlewares/Third_Party/FatFs/src/ff.o
 .text.cmp_lfn  0x00000000080070dc       0xe0 Middlewares/Third_Party/FatFs/src/ff.o
 .text.put_lfn  0x00000000080071bc       0xd0 Middlewares/Third_Party/FatFs/src/ff.o
 .text.gen_numname
                0x000000000800728c      0x11e Middlewares/Third_Party/FatFs/src/ff.o
 .text.sum_sfn  0x00000000080073aa       0x42 Middlewares/Third_Party/FatFs/src/ff.o
 .text.dir_find
                0x00000000080073ec      0x180 Middlewares/Third_Party/FatFs/src/ff.o
 .text.dir_register
                0x000000000800756c      0x1f0 Middlewares/Third_Party/FatFs/src/ff.o
 .text.create_name
                0x000000000800775c      0x370 Middlewares/Third_Party/FatFs/src/ff.o
 .text.follow_path
                0x0000000008007acc       0xec Middlewares/Third_Party/FatFs/src/ff.o
 .text.get_ldnumber
                0x0000000008007bb8       0x88 Middlewares/Third_Party/FatFs/src/ff.o
 .text.check_fs
                0x0000000008007c40       0xac Middlewares/Third_Party/FatFs/src/ff.o
 .text.find_volume
                0x0000000008007cec      0x510 Middlewares/Third_Party/FatFs/src/ff.o
 .text.validate
                0x00000000080081fc       0x6a Middlewares/Third_Party/FatFs/src/ff.o
 *fill*         0x0000000008008266        0x2 
 .text.f_mount  0x0000000008008268       0x8c Middlewares/Third_Party/FatFs/src/ff.o
                0x0000000008008268                f_mount
 .text.f_open   0x00000000080082f4      0x398 Middlewares/Third_Party/FatFs/src/ff.o
                0x00000000080082f4                f_open
 .text.f_read   0x000000000800868c      0x2be Middlewares/Third_Party/FatFs/src/ff.o
                0x000000000800868c                f_read
 .text.f_write  0x000000000800894a      0x328 Middlewares/Third_Party/FatFs/src/ff.o
                0x000000000800894a                f_write
 .text.f_sync   0x0000000008008c72       0xfc Middlewares/Third_Party/FatFs/src/ff.o
                0x0000000008008c72                f_sync
 .text.f_close  0x0000000008008d6e       0x54 Middlewares/Third_Party/FatFs/src/ff.o
                0x0000000008008d6e                f_close
 .text.f_getfree
                0x0000000008008dc2      0x16a Middlewares/Third_Party/FatFs/src/ff.o
                0x0000000008008dc2                f_getfree
 .text.f_gets   0x0000000008008f2c       0x7a Middlewares/Third_Party/FatFs/src/ff.o
                0x0000000008008f2c                f_gets
 .text.putc_bfd
                0x0000000008008fa6       0x7a Middlewares/Third_Party/FatFs/src/ff.o
 .text.putc_flush
                0x0000000008009020       0x4c Middlewares/Third_Party/FatFs/src/ff.o
 .text.putc_init
                0x000000000800906c       0x2a Middlewares/Third_Party/FatFs/src/ff.o
 .text.f_puts   0x0000000008009096       0x48 Middlewares/Third_Party/FatFs/src/ff.o
                0x0000000008009096                f_puts
 *fill*         0x00000000080090de        0x2 
 .text.FATFS_LinkDriverEx
                0x00000000080090e0       0x98 Middlewares/Third_Party/FatFs/src/ff_gen_drv.o
                0x00000000080090e0                FATFS_LinkDriverEx
 .text.FATFS_LinkDriver
                0x0000000008009178       0x1e Middlewares/Third_Party/FatFs/src/ff_gen_drv.o
                0x0000000008009178                FATFS_LinkDriver
 *fill*         0x0000000008009196        0x2 
 .text.ff_convert
                0x0000000008009198       0x78 Middlewares/Third_Party/FatFs/src/option/ccsbcs.o
                0x0000000008009198                ff_convert
 .text.ff_wtoupper
                0x0000000008009210      0x114 Middlewares/Third_Party/FatFs/src/option/ccsbcs.o
                0x0000000008009210                ff_wtoupper
 .text.__errno  0x0000000008009324        0xc c:/st/stm32cubeide_1.4.0/stm32cubeide/plugins/com.st.stm32cube.ide.mcu.externaltools.gnu-tools-for-stm32.7-2018-q2-update.win32_1.4.0.202007081208/tools/bin/../lib/gcc/arm-none-eabi/7.3.1/../../../../arm-none-eabi/lib/thumb/v7e-m/fpv4-sp/hard\libc_nano.a(lib_a-errno.o)
                0x0000000008009324                __errno
 .text.__libc_init_array
                0x0000000008009330       0x48 c:/st/stm32cubeide_1.4.0/stm32cubeide/plugins/com.st.stm32cube.ide.mcu.externaltools.gnu-tools-for-stm32.7-2018-q2-update.win32_1.4.0.202007081208/tools/bin/../lib/gcc/arm-none-eabi/7.3.1/../../../../arm-none-eabi/lib/thumb/v7e-m/fpv4-sp/hard\libc_nano.a(lib_a-init.o)
                0x0000000008009330                __libc_init_array
 .text.memset   0x0000000008009378       0x10 c:/st/stm32cubeide_1.4.0/stm32cubeide/plugins/com.st.stm32cube.ide.mcu.externaltools.gnu-tools-for-stm32.7-2018-q2-update.win32_1.4.0.202007081208/tools/bin/../lib/gcc/arm-none-eabi/7.3.1/../../../../arm-none-eabi/lib/thumb/v7e-m/fpv4-sp/hard\libc_nano.a(lib_a-memset.o)
                0x0000000008009378                memset
 .text.sprintf  0x0000000008009388       0x40 c:/st/stm32cubeide_1.4.0/stm32cubeide/plugins/com.st.stm32cube.ide.mcu.externaltools.gnu-tools-for-stm32.7-2018-q2-update.win32_1.4.0.202007081208/tools/bin/../lib/gcc/arm-none-eabi/7.3.1/../../../../arm-none-eabi/lib/thumb/v7e-m/fpv4-sp/hard\libc_nano.a(lib_a-sprintf.o)
                0x0000000008009388                siprintf
                0x0000000008009388                sprintf
 .text.__ssputs_r
                0x00000000080093c8       0xb4 c:/st/stm32cubeide_1.4.0/stm32cubeide/plugins/com.st.stm32cube.ide.mcu.externaltools.gnu-tools-for-stm32.7-2018-q2-update.win32_1.4.0.202007081208/tools/bin/../lib/gcc/arm-none-eabi/7.3.1/../../../../arm-none-eabi/lib/thumb/v7e-m/fpv4-sp/hard\libc_nano.a(lib_a-nano-svfprintf.o)
                0x00000000080093c8                __ssputs_r
 .text._svfprintf_r
                0x000000000800947c      0x1f0 c:/st/stm32cubeide_1.4.0/stm32cubeide/plugins/com.st.stm32cube.ide.mcu.externaltools.gnu-tools-for-stm32.7-2018-q2-update.win32_1.4.0.202007081208/tools/bin/../lib/gcc/arm-none-eabi/7.3.1/../../../../arm-none-eabi/lib/thumb/v7e-m/fpv4-sp/hard\libc_nano.a(lib_a-nano-svfprintf.o)
                0x000000000800947c                _svfiprintf_r
                0x000000000800947c                _svfprintf_r
 .text._printf_common
                0x000000000800966c       0xea c:/st/stm32cubeide_1.4.0/stm32cubeide/plugins/com.st.stm32cube.ide.mcu.externaltools.gnu-tools-for-stm32.7-2018-q2-update.win32_1.4.0.202007081208/tools/bin/../lib/gcc/arm-none-eabi/7.3.1/../../../../arm-none-eabi/lib/thumb/v7e-m/fpv4-sp/hard\libc_nano.a(lib_a-nano-vfprintf_i.o)
                0x000000000800966c                _printf_common
 *fill*         0x0000000008009756        0x2 
 .text._printf_i
                0x0000000008009758      0x224 c:/st/stm32cubeide_1.4.0/stm32cubeide/plugins/com.st.stm32cube.ide.mcu.externaltools.gnu-tools-for-stm32.7-2018-q2-update.win32_1.4.0.202007081208/tools/bin/../lib/gcc/arm-none-eabi/7.3.1/../../../../arm-none-eabi/lib/thumb/v7e-m/fpv4-sp/hard\libc_nano.a(lib_a-nano-vfprintf_i.o)
                0x0000000008009758                _printf_i
 .text.memcpy   0x000000000800997c       0x16 c:/st/stm32cubeide_1.4.0/stm32cubeide/plugins/com.st.stm32cube.ide.mcu.externaltools.gnu-tools-for-stm32.7-2018-q2-update.win32_1.4.0.202007081208/tools/bin/../lib/gcc/arm-none-eabi/7.3.1/../../../../arm-none-eabi/lib/thumb/v7e-m/fpv4-sp/hard\libc_nano.a(lib_a-memcpy-stub.o)
                0x000000000800997c                memcpy
 .text.memmove  0x0000000008009992       0x32 c:/st/stm32cubeide_1.4.0/stm32cubeide/plugins/com.st.stm32cube.ide.mcu.externaltools.gnu-tools-for-stm32.7-2018-q2-update.win32_1.4.0.202007081208/tools/bin/../lib/gcc/arm-none-eabi/7.3.1/../../../../arm-none-eabi/lib/thumb/v7e-m/fpv4-sp/hard\libc_nano.a(lib_a-memmove.o)
                0x0000000008009992                memmove
 .text._free_r  0x00000000080099c4       0x9c c:/st/stm32cubeide_1.4.0/stm32cubeide/plugins/com.st.stm32cube.ide.mcu.externaltools.gnu-tools-for-stm32.7-2018-q2-update.win32_1.4.0.202007081208/tools/bin/../lib/gcc/arm-none-eabi/7.3.1/../../../../arm-none-eabi/lib/thumb/v7e-m/fpv4-sp/hard\libc_nano.a(lib_a-nano-freer.o)
                0x00000000080099c4                _free_r
 .text._malloc_r
                0x0000000008009a60       0xb4 c:/st/stm32cubeide_1.4.0/stm32cubeide/plugins/com.st.stm32cube.ide.mcu.externaltools.gnu-tools-for-stm32.7-2018-q2-update.win32_1.4.0.202007081208/tools/bin/../lib/gcc/arm-none-eabi/7.3.1/../../../../arm-none-eabi/lib/thumb/v7e-m/fpv4-sp/hard\libc_nano.a(lib_a-nano-mallocr.o)
                0x0000000008009a60                _malloc_r
 .text._realloc_r
                0x0000000008009b14       0x4c c:/st/stm32cubeide_1.4.0/stm32cubeide/plugins/com.st.stm32cube.ide.mcu.externaltools.gnu-tools-for-stm32.7-2018-q2-update.win32_1.4.0.202007081208/tools/bin/../lib/gcc/arm-none-eabi/7.3.1/../../../../arm-none-eabi/lib/thumb/v7e-m/fpv4-sp/hard\libc_nano.a(lib_a-nano-reallocr.o)
                0x0000000008009b14                _realloc_r
 .text._sbrk_r  0x0000000008009b60       0x20 c:/st/stm32cubeide_1.4.0/stm32cubeide/plugins/com.st.stm32cube.ide.mcu.externaltools.gnu-tools-for-stm32.7-2018-q2-update.win32_1.4.0.202007081208/tools/bin/../lib/gcc/arm-none-eabi/7.3.1/../../../../arm-none-eabi/lib/thumb/v7e-m/fpv4-sp/hard\libc_nano.a(lib_a-sbrkr.o)
                0x0000000008009b60                _sbrk_r
 .text.__malloc_lock
                0x0000000008009b80        0x2 c:/st/stm32cubeide_1.4.0/stm32cubeide/plugins/com.st.stm32cube.ide.mcu.externaltools.gnu-tools-for-stm32.7-2018-q2-update.win32_1.4.0.202007081208/tools/bin/../lib/gcc/arm-none-eabi/7.3.1/../../../../arm-none-eabi/lib/thumb/v7e-m/fpv4-sp/hard\libc_nano.a(lib_a-mlock.o)
                0x0000000008009b80                __malloc_lock
 .text.__malloc_unlock
                0x0000000008009b82        0x2 c:/st/stm32cubeide_1.4.0/stm32cubeide/plugins/com.st.stm32cube.ide.mcu.externaltools.gnu-tools-for-stm32.7-2018-q2-update.win32_1.4.0.202007081208/tools/bin/../lib/gcc/arm-none-eabi/7.3.1/../../../../arm-none-eabi/lib/thumb/v7e-m/fpv4-sp/hard\libc_nano.a(lib_a-mlock.o)
                0x0000000008009b82                __malloc_unlock
 .text._malloc_usable_size_r
                0x0000000008009b84       0x10 c:/st/stm32cubeide_1.4.0/stm32cubeide/plugins/com.st.stm32cube.ide.mcu.externaltools.gnu-tools-for-stm32.7-2018-q2-update.win32_1.4.0.202007081208/tools/bin/../lib/gcc/arm-none-eabi/7.3.1/../../../../arm-none-eabi/lib/thumb/v7e-m/fpv4-sp/hard\libc_nano.a(lib_a-nano-msizer.o)
                0x0000000008009b84                _malloc_usable_size_r
 *(.glue_7)
 .glue_7        0x0000000008009b94        0x0 linker stubs
 *(.glue_7t)
 .glue_7t       0x0000000008009b94        0x0 linker stubs
 *(.eh_frame)
 .eh_frame      0x0000000008009b94        0x0 c:/st/stm32cubeide_1.4.0/stm32cubeide/plugins/com.st.stm32cube.ide.mcu.externaltools.gnu-tools-for-stm32.7-2018-q2-update.win32_1.4.0.202007081208/tools/bin/../lib/gcc/arm-none-eabi/7.3.1/thumb/v7e-m/fpv4-sp/hard/crtbegin.o
 *(.init)
 .init          0x0000000008009b94        0x4 c:/st/stm32cubeide_1.4.0/stm32cubeide/plugins/com.st.stm32cube.ide.mcu.externaltools.gnu-tools-for-stm32.7-2018-q2-update.win32_1.4.0.202007081208/tools/bin/../lib/gcc/arm-none-eabi/7.3.1/thumb/v7e-m/fpv4-sp/hard/crti.o
                0x0000000008009b94                _init
 .init          0x0000000008009b98        0x8 c:/st/stm32cubeide_1.4.0/stm32cubeide/plugins/com.st.stm32cube.ide.mcu.externaltools.gnu-tools-for-stm32.7-2018-q2-update.win32_1.4.0.202007081208/tools/bin/../lib/gcc/arm-none-eabi/7.3.1/thumb/v7e-m/fpv4-sp/hard/crtn.o
 *(.fini)
 .fini          0x0000000008009ba0        0x4 c:/st/stm32cubeide_1.4.0/stm32cubeide/plugins/com.st.stm32cube.ide.mcu.externaltools.gnu-tools-for-stm32.7-2018-q2-update.win32_1.4.0.202007081208/tools/bin/../lib/gcc/arm-none-eabi/7.3.1/thumb/v7e-m/fpv4-sp/hard/crti.o
                0x0000000008009ba0                _fini
 .fini          0x0000000008009ba4        0x8 c:/st/stm32cubeide_1.4.0/stm32cubeide/plugins/com.st.stm32cube.ide.mcu.externaltools.gnu-tools-for-stm32.7-2018-q2-update.win32_1.4.0.202007081208/tools/bin/../lib/gcc/arm-none-eabi/7.3.1/thumb/v7e-m/fpv4-sp/hard/crtn.o
                0x0000000008009bac                . = ALIGN (0x4)
                0x0000000008009bac                _etext = .

.vfp11_veneer   0x0000000008009bac        0x0
 .vfp11_veneer  0x0000000008009bac        0x0 linker stubs

.v4_bx          0x0000000008009bac        0x0
 .v4_bx         0x0000000008009bac        0x0 linker stubs

.iplt           0x0000000008009bac        0x0
 .iplt          0x0000000008009bac        0x0 c:/st/stm32cubeide_1.4.0/stm32cubeide/plugins/com.st.stm32cube.ide.mcu.externaltools.gnu-tools-for-stm32.7-2018-q2-update.win32_1.4.0.202007081208/tools/bin/../lib/gcc/arm-none-eabi/7.3.1/thumb/v7e-m/fpv4-sp/hard/crtbegin.o

.rodata         0x0000000008009bac      0x64c
                0x0000000008009bac                . = ALIGN (0x4)
 *(.rodata)
 .rodata        0x0000000008009bac       0xa2 Core/Src/main.o
 *fill*         0x0000000008009c4e        0x2 
 .rodata        0x0000000008009c50       0xa3 Core/Src/sd.o
 *fill*         0x0000000008009cf3        0x1 
 .rodata        0x0000000008009cf4       0x48 Middlewares/Third_Party/FatFs/src/ff.o
 *(.rodata*)
 .rodata.AHBPrescTable
                0x0000000008009d3c       0x10 Core/Src/system_stm32l4xx.o
                0x0000000008009d3c                AHBPrescTable
 .rodata.APBPrescTable
                0x0000000008009d4c        0x8 Core/Src/system_stm32l4xx.o
                0x0000000008009d4c                APBPrescTable
 .rodata.MSIRangeTable
                0x0000000008009d54       0x30 Core/Src/system_stm32l4xx.o
                0x0000000008009d54                MSIRangeTable
 .rodata.ExCvt  0x0000000008009d84       0x80 Middlewares/Third_Party/FatFs/src/ff.o
 .rodata.LfnOfs
                0x0000000008009e04        0xd Middlewares/Third_Party/FatFs/src/ff.o
 *fill*         0x0000000008009e11        0x3 
 .rodata.Tbl    0x0000000008009e14      0x100 Middlewares/Third_Party/FatFs/src/option/ccsbcs.o
 .rodata.cvt1.9235
                0x0000000008009f14      0x1f2 Middlewares/Third_Party/FatFs/src/option/ccsbcs.o
 *fill*         0x000000000800a106        0x2 
 .rodata.cvt2.9236
                0x000000000800a108       0xbc Middlewares/Third_Party/FatFs/src/option/ccsbcs.o
 .rodata._svfprintf_r.str1.1
                0x000000000800a1c4       0x11 c:/st/stm32cubeide_1.4.0/stm32cubeide/plugins/com.st.stm32cube.ide.mcu.externaltools.gnu-tools-for-stm32.7-2018-q2-update.win32_1.4.0.202007081208/tools/bin/../lib/gcc/arm-none-eabi/7.3.1/../../../../arm-none-eabi/lib/thumb/v7e-m/fpv4-sp/hard\libc_nano.a(lib_a-nano-svfprintf.o)
 .rodata._printf_i.str1.1
                0x000000000800a1d5       0x22 c:/st/stm32cubeide_1.4.0/stm32cubeide/plugins/com.st.stm32cube.ide.mcu.externaltools.gnu-tools-for-stm32.7-2018-q2-update.win32_1.4.0.202007081208/tools/bin/../lib/gcc/arm-none-eabi/7.3.1/../../../../arm-none-eabi/lib/thumb/v7e-m/fpv4-sp/hard\libc_nano.a(lib_a-nano-vfprintf_i.o)
                0x000000000800a1f8                . = ALIGN (0x4)
 *fill*         0x000000000800a1f7        0x1 

.ARM.extab      0x000000000800a1f8        0x0
                0x000000000800a1f8                . = ALIGN (0x4)
 *(.ARM.extab* .gnu.linkonce.armextab.*)
                0x000000000800a1f8                . = ALIGN (0x4)

.ARM            0x000000000800a1f8        0x8
                0x000000000800a1f8                . = ALIGN (0x4)
                0x000000000800a1f8                __exidx_start = .
 *(.ARM.exidx*)
 .ARM.exidx     0x000000000800a1f8        0x8 c:/st/stm32cubeide_1.4.0/stm32cubeide/plugins/com.st.stm32cube.ide.mcu.externaltools.gnu-tools-for-stm32.7-2018-q2-update.win32_1.4.0.202007081208/tools/bin/../lib/gcc/arm-none-eabi/7.3.1/thumb/v7e-m/fpv4-sp/hard\libgcc.a(_udivmoddi4.o)
                0x000000000800a200                __exidx_end = .
                0x000000000800a200                . = ALIGN (0x4)

.rel.dyn        0x000000000800a200        0x0
 .rel.iplt      0x000000000800a200        0x0 c:/st/stm32cubeide_1.4.0/stm32cubeide/plugins/com.st.stm32cube.ide.mcu.externaltools.gnu-tools-for-stm32.7-2018-q2-update.win32_1.4.0.202007081208/tools/bin/../lib/gcc/arm-none-eabi/7.3.1/thumb/v7e-m/fpv4-sp/hard/crtbegin.o

.preinit_array  0x000000000800a200        0x0
                0x000000000800a200                . = ALIGN (0x4)
                0x000000000800a200                PROVIDE (__preinit_array_start = .)
 *(.preinit_array*)
                0x000000000800a200                PROVIDE (__preinit_array_end = .)
                0x000000000800a200                . = ALIGN (0x4)

.init_array     0x000000000800a200        0x4
                0x000000000800a200                . = ALIGN (0x4)
                0x000000000800a200                PROVIDE (__init_array_start = .)
 *(SORT_BY_NAME(.init_array.*))
 *(.init_array*)
 .init_array    0x000000000800a200        0x4 c:/st/stm32cubeide_1.4.0/stm32cubeide/plugins/com.st.stm32cube.ide.mcu.externaltools.gnu-tools-for-stm32.7-2018-q2-update.win32_1.4.0.202007081208/tools/bin/../lib/gcc/arm-none-eabi/7.3.1/thumb/v7e-m/fpv4-sp/hard/crtbegin.o
                0x000000000800a204                PROVIDE (__init_array_end = .)
                0x000000000800a204                . = ALIGN (0x4)

.fini_array     0x000000000800a204        0x4
                0x000000000800a204                . = ALIGN (0x4)
                [!provide]                        PROVIDE (__fini_array_start = .)
 *(SORT_BY_NAME(.fini_array.*))
 *(.fini_array*)
 .fini_array    0x000000000800a204        0x4 c:/st/stm32cubeide_1.4.0/stm32cubeide/plugins/com.st.stm32cube.ide.mcu.externaltools.gnu-tools-for-stm32.7-2018-q2-update.win32_1.4.0.202007081208/tools/bin/../lib/gcc/arm-none-eabi/7.3.1/thumb/v7e-m/fpv4-sp/hard/crtbegin.o
                [!provide]                        PROVIDE (__fini_array_end = .)
                0x000000000800a208                . = ALIGN (0x4)
                0x000000000800a208                _sidata = LOADADDR (.data)

.data           0x0000000020000000       0xac load address 0x000000000800a208
                0x0000000020000000                . = ALIGN (0x4)
                0x0000000020000000                _sdata = .
 *(.data)
 *(.data*)
 .data.Stat     0x0000000020000000        0x1 Core/Src/fatfs_sd.o
 *fill*         0x0000000020000001        0x3 
 .data.SystemCoreClock
                0x0000000020000004        0x4 Core/Src/system_stm32l4xx.o
                0x0000000020000004                SystemCoreClock
 .data.uwTickPrio
                0x0000000020000008        0x4 Drivers/STM32L4xx_HAL_Driver/Src/stm32l4xx_hal.o
                0x0000000020000008                uwTickPrio
 .data.uwTickFreq
                0x000000002000000c        0x1 Drivers/STM32L4xx_HAL_Driver/Src/stm32l4xx_hal.o
                0x000000002000000c                uwTickFreq
 *fill*         0x000000002000000d        0x3 
 .data.pFlash   0x0000000020000010       0x20 Drivers/STM32L4xx_HAL_Driver/Src/stm32l4xx_hal_flash.o
                0x0000000020000010                pFlash
 .data.Stat     0x0000000020000030        0x1 FATFS/Target/user_diskio.o
 *fill*         0x0000000020000031        0x3 
 .data.USER_Driver
                0x0000000020000034       0x14 FATFS/Target/user_diskio.o
                0x0000000020000034                USER_Driver
 .data._impure_ptr
                0x0000000020000048        0x4 c:/st/stm32cubeide_1.4.0/stm32cubeide/plugins/com.st.stm32cube.ide.mcu.externaltools.gnu-tools-for-stm32.7-2018-q2-update.win32_1.4.0.202007081208/tools/bin/../lib/gcc/arm-none-eabi/7.3.1/../../../../arm-none-eabi/lib/thumb/v7e-m/fpv4-sp/hard\libc_nano.a(lib_a-impure.o)
                0x0000000020000048                _impure_ptr
 .data.impure_data
                0x000000002000004c       0x60 c:/st/stm32cubeide_1.4.0/stm32cubeide/plugins/com.st.stm32cube.ide.mcu.externaltools.gnu-tools-for-stm32.7-2018-q2-update.win32_1.4.0.202007081208/tools/bin/../lib/gcc/arm-none-eabi/7.3.1/../../../../arm-none-eabi/lib/thumb/v7e-m/fpv4-sp/hard\libc_nano.a(lib_a-impure.o)
                0x00000000200000ac                . = ALIGN (0x4)
                0x00000000200000ac                _edata = .

.igot.plt       0x00000000200000ac        0x0 load address 0x000000000800a2b4
 .igot.plt      0x00000000200000ac        0x0 c:/st/stm32cubeide_1.4.0/stm32cubeide/plugins/com.st.stm32cube.ide.mcu.externaltools.gnu-tools-for-stm32.7-2018-q2-update.win32_1.4.0.202007081208/tools/bin/../lib/gcc/arm-none-eabi/7.3.1/thumb/v7e-m/fpv4-sp/hard/crtbegin.o
                0x00000000200000ac                . = ALIGN (0x4)

.bss            0x00000000200000ac     0x4848 load address 0x000000000800a2b4
                0x00000000200000ac                _sbss = .
                0x00000000200000ac                __bss_start__ = _sbss
 *(.bss)
 .bss           0x00000000200000ac       0x1c c:/st/stm32cubeide_1.4.0/stm32cubeide/plugins/com.st.stm32cube.ide.mcu.externaltools.gnu-tools-for-stm32.7-2018-q2-update.win32_1.4.0.202007081208/tools/bin/../lib/gcc/arm-none-eabi/7.3.1/thumb/v7e-m/fpv4-sp/hard/crtbegin.o
 *(.bss*)
 .bss.CardType  0x00000000200000c8        0x1 Core/Src/fatfs_sd.o
 .bss.PowerFlag
                0x00000000200000c9        0x1 Core/Src/fatfs_sd.o
 .bss.FatFsCnt  0x00000000200000ca        0x1 Core/Src/stm32l4xx_it.o
                0x00000000200000ca                FatFsCnt
 *fill*         0x00000000200000cb        0x1 
 .bss.__sbrk_heap_end
                0x00000000200000cc        0x4 Core/Src/sysmem.o
 .bss.FatFs     0x00000000200000d0        0x4 Middlewares/Third_Party/FatFs/src/ff.o
 .bss.Fsid      0x00000000200000d4        0x2 Middlewares/Third_Party/FatFs/src/ff.o
 *fill*         0x00000000200000d6        0x2 
 .bss.Files     0x00000000200000d8       0x20 Middlewares/Third_Party/FatFs/src/ff.o
 .bss.LfnBuf    0x00000000200000f8      0x200 Middlewares/Third_Party/FatFs/src/ff.o
 .bss.disk      0x00000000200002f8        0xc Middlewares/Third_Party/FatFs/src/ff_gen_drv.o
                0x00000000200002f8                disk
 .bss.__malloc_free_list
                0x0000000020000304        0x4 c:/st/stm32cubeide_1.4.0/stm32cubeide/plugins/com.st.stm32cube.ide.mcu.externaltools.gnu-tools-for-stm32.7-2018-q2-update.win32_1.4.0.202007081208/tools/bin/../lib/gcc/arm-none-eabi/7.3.1/../../../../arm-none-eabi/lib/thumb/v7e-m/fpv4-sp/hard\libc_nano.a(lib_a-nano-mallocr.o)
                0x0000000020000304                __malloc_free_list
 .bss.__malloc_sbrk_start
                0x0000000020000308        0x4 c:/st/stm32cubeide_1.4.0/stm32cubeide/plugins/com.st.stm32cube.ide.mcu.externaltools.gnu-tools-for-stm32.7-2018-q2-update.win32_1.4.0.202007081208/tools/bin/../lib/gcc/arm-none-eabi/7.3.1/../../../../arm-none-eabi/lib/thumb/v7e-m/fpv4-sp/hard\libc_nano.a(lib_a-nano-mallocr.o)
                0x0000000020000308                __malloc_sbrk_start
 *(COMMON)
 COMMON         0x000000002000030c     0x256c Core/Src/main.o
                0x000000002000030c                fre_clust
                0x0000000020000310                type
                0x0000000020000314                huart3
                0x0000000020000394                fs
                0x00000000200013cc                br
                0x00000000200013d0                free_space
                0x00000000200013d4                buffer
                0x00000000200017d4                bw
                0x00000000200017d8                pfs
                0x00000000200017dc                fresult
                0x00000000200017e0                hspi1
                0x0000000020001844                total
                0x0000000020001848                fil
 COMMON         0x0000000020002878        0x2 Core/Src/stm32l4xx_it.o
                0x0000000020002878                Timer2
                0x0000000020002879                Timer1
 *fill*         0x000000002000287a        0x2 
 COMMON         0x000000002000287c        0x4 Drivers/STM32L4xx_HAL_Driver/Src/stm32l4xx_hal.o
                0x000000002000287c                uwTick
 COMMON         0x0000000020002880     0x2070 FATFS/App/fatfs.o
                0x0000000020002880                USERPath
                0x0000000020002884                retUSER
                0x0000000020002888                USERFile
                0x00000000200038b8                USERFatFS
 COMMON         0x00000000200048f0        0x4 c:/st/stm32cubeide_1.4.0/stm32cubeide/plugins/com.st.stm32cube.ide.mcu.externaltools.gnu-tools-for-stm32.7-2018-q2-update.win32_1.4.0.202007081208/tools/bin/../lib/gcc/arm-none-eabi/7.3.1/../../../../arm-none-eabi/lib/thumb/v7e-m/fpv4-sp/hard\libc_nano.a(lib_a-reent.o)
                0x00000000200048f0                errno
                0x00000000200048f4                . = ALIGN (0x4)
                0x00000000200048f4                _ebss = .
                0x00000000200048f4                __bss_end__ = _ebss

._user_heap_stack
                0x00000000200048f4      0x604 load address 0x000000000800a2b4
                0x00000000200048f8                . = ALIGN (0x8)
 *fill*         0x00000000200048f4        0x4 
                [!provide]                        PROVIDE (end = .)
                0x00000000200048f8                PROVIDE (_end = .)
                0x0000000020004af8                . = (. + _Min_Heap_Size)
 *fill*         0x00000000200048f8      0x200 
                0x0000000020004ef8                . = (. + _Min_Stack_Size)
 *fill*         0x0000000020004af8      0x400 
                0x0000000020004ef8                . = ALIGN (0x8)

/DISCARD/
 libc.a(*)
 libm.a(*)
 libgcc.a(*)

.ARM.attributes
                0x0000000000000000       0x30
 *(.ARM.attributes)
 .ARM.attributes
                0x0000000000000000       0x22 c:/st/stm32cubeide_1.4.0/stm32cubeide/plugins/com.st.stm32cube.ide.mcu.externaltools.gnu-tools-for-stm32.7-2018-q2-update.win32_1.4.0.202007081208/tools/bin/../lib/gcc/arm-none-eabi/7.3.1/thumb/v7e-m/fpv4-sp/hard/crti.o
 .ARM.attributes
                0x0000000000000022       0x34 c:/st/stm32cubeide_1.4.0/stm32cubeide/plugins/com.st.stm32cube.ide.mcu.externaltools.gnu-tools-for-stm32.7-2018-q2-update.win32_1.4.0.202007081208/tools/bin/../lib/gcc/arm-none-eabi/7.3.1/thumb/v7e-m/fpv4-sp/hard/crtbegin.o
 .ARM.attributes
                0x0000000000000056       0x39 Core/Src/fatfs_sd.o
 .ARM.attributes
                0x000000000000008f       0x39 Core/Src/main.o
 .ARM.attributes
                0x00000000000000c8       0x39 Core/Src/sd.o
 .ARM.attributes
                0x0000000000000101       0x39 Core/Src/stm32l4xx_hal_msp.o
 .ARM.attributes
                0x000000000000013a       0x39 Core/Src/stm32l4xx_it.o
 .ARM.attributes
                0x0000000000000173       0x39 Core/Src/sysmem.o
 .ARM.attributes
                0x00000000000001ac       0x39 Core/Src/system_stm32l4xx.o
 .ARM.attributes
                0x00000000000001e5       0x21 Core/Startup/startup_stm32l4a6zgtx.o
 .ARM.attributes
                0x0000000000000206       0x39 Drivers/STM32L4xx_HAL_Driver/Src/stm32l4xx_hal.o
 .ARM.attributes
                0x000000000000023f       0x39 Drivers/STM32L4xx_HAL_Driver/Src/stm32l4xx_hal_cortex.o
 .ARM.attributes
                0x0000000000000278       0x39 Drivers/STM32L4xx_HAL_Driver/Src/stm32l4xx_hal_dma.o
 .ARM.attributes
                0x00000000000002b1       0x39 Drivers/STM32L4xx_HAL_Driver/Src/stm32l4xx_hal_flash.o
 .ARM.attributes
                0x00000000000002ea       0x39 Drivers/STM32L4xx_HAL_Driver/Src/stm32l4xx_hal_flash_ex.o
 .ARM.attributes
                0x0000000000000323       0x39 Drivers/STM32L4xx_HAL_Driver/Src/stm32l4xx_hal_gpio.o
 .ARM.attributes
                0x000000000000035c       0x39 Drivers/STM32L4xx_HAL_Driver/Src/stm32l4xx_hal_pwr.o
 .ARM.attributes
                0x0000000000000395       0x39 Drivers/STM32L4xx_HAL_Driver/Src/stm32l4xx_hal_pwr_ex.o
 .ARM.attributes
                0x00000000000003ce       0x39 Drivers/STM32L4xx_HAL_Driver/Src/stm32l4xx_hal_rcc.o
 .ARM.attributes
                0x0000000000000407       0x39 Drivers/STM32L4xx_HAL_Driver/Src/stm32l4xx_hal_rcc_ex.o
 .ARM.attributes
                0x0000000000000440       0x39 Drivers/STM32L4xx_HAL_Driver/Src/stm32l4xx_hal_spi.o
 .ARM.attributes
                0x0000000000000479       0x39 Drivers/STM32L4xx_HAL_Driver/Src/stm32l4xx_hal_uart.o
 .ARM.attributes
                0x00000000000004b2       0x39 Drivers/STM32L4xx_HAL_Driver/Src/stm32l4xx_hal_uart_ex.o
 .ARM.attributes
                0x00000000000004eb       0x39 FATFS/App/fatfs.o
 .ARM.attributes
                0x0000000000000524       0x39 FATFS/Target/user_diskio.o
 .ARM.attributes
                0x000000000000055d       0x39 Middlewares/Third_Party/FatFs/src/diskio.o
 .ARM.attributes
                0x0000000000000596       0x39 Middlewares/Third_Party/FatFs/src/ff.o
 .ARM.attributes
                0x00000000000005cf       0x39 Middlewares/Third_Party/FatFs/src/ff_gen_drv.o
 .ARM.attributes
                0x0000000000000608       0x39 Middlewares/Third_Party/FatFs/src/option/ccsbcs.o
 .ARM.attributes
                0x0000000000000641       0x34 c:/st/stm32cubeide_1.4.0/stm32cubeide/plugins/com.st.stm32cube.ide.mcu.externaltools.gnu-tools-for-stm32.7-2018-q2-update.win32_1.4.0.202007081208/tools/bin/../lib/gcc/arm-none-eabi/7.3.1/../../../../arm-none-eabi/lib/thumb/v7e-m/fpv4-sp/hard\libc_nano.a(lib_a-errno.o)
 .ARM.attributes
                0x0000000000000675       0x34 c:/st/stm32cubeide_1.4.0/stm32cubeide/plugins/com.st.stm32cube.ide.mcu.externaltools.gnu-tools-for-stm32.7-2018-q2-update.win32_1.4.0.202007081208/tools/bin/../lib/gcc/arm-none-eabi/7.3.1/../../../../arm-none-eabi/lib/thumb/v7e-m/fpv4-sp/hard\libc_nano.a(lib_a-impure.o)
 .ARM.attributes
                0x00000000000006a9       0x34 c:/st/stm32cubeide_1.4.0/stm32cubeide/plugins/com.st.stm32cube.ide.mcu.externaltools.gnu-tools-for-stm32.7-2018-q2-update.win32_1.4.0.202007081208/tools/bin/../lib/gcc/arm-none-eabi/7.3.1/../../../../arm-none-eabi/lib/thumb/v7e-m/fpv4-sp/hard\libc_nano.a(lib_a-init.o)
 .ARM.attributes
                0x00000000000006dd       0x34 c:/st/stm32cubeide_1.4.0/stm32cubeide/plugins/com.st.stm32cube.ide.mcu.externaltools.gnu-tools-for-stm32.7-2018-q2-update.win32_1.4.0.202007081208/tools/bin/../lib/gcc/arm-none-eabi/7.3.1/../../../../arm-none-eabi/lib/thumb/v7e-m/fpv4-sp/hard\libc_nano.a(lib_a-memset.o)
 .ARM.attributes
                0x0000000000000711       0x34 c:/st/stm32cubeide_1.4.0/stm32cubeide/plugins/com.st.stm32cube.ide.mcu.externaltools.gnu-tools-for-stm32.7-2018-q2-update.win32_1.4.0.202007081208/tools/bin/../lib/gcc/arm-none-eabi/7.3.1/../../../../arm-none-eabi/lib/thumb/v7e-m/fpv4-sp/hard\libc_nano.a(lib_a-sprintf.o)
 .ARM.attributes
                0x0000000000000745       0x1b c:/st/stm32cubeide_1.4.0/stm32cubeide/plugins/com.st.stm32cube.ide.mcu.externaltools.gnu-tools-for-stm32.7-2018-q2-update.win32_1.4.0.202007081208/tools/bin/../lib/gcc/arm-none-eabi/7.3.1/../../../../arm-none-eabi/lib/thumb/v7e-m/fpv4-sp/hard\libc_nano.a(lib_a-strlen.o)
 .ARM.attributes
                0x0000000000000760       0x34 c:/st/stm32cubeide_1.4.0/stm32cubeide/plugins/com.st.stm32cube.ide.mcu.externaltools.gnu-tools-for-stm32.7-2018-q2-update.win32_1.4.0.202007081208/tools/bin/../lib/gcc/arm-none-eabi/7.3.1/../../../../arm-none-eabi/lib/thumb/v7e-m/fpv4-sp/hard\libc_nano.a(lib_a-nano-svfprintf.o)
 .ARM.attributes
                0x0000000000000794       0x34 c:/st/stm32cubeide_1.4.0/stm32cubeide/plugins/com.st.stm32cube.ide.mcu.externaltools.gnu-tools-for-stm32.7-2018-q2-update.win32_1.4.0.202007081208/tools/bin/../lib/gcc/arm-none-eabi/7.3.1/../../../../arm-none-eabi/lib/thumb/v7e-m/fpv4-sp/hard\libc_nano.a(lib_a-nano-vfprintf_i.o)
 .ARM.attributes
                0x00000000000007c8       0x20 c:/st/stm32cubeide_1.4.0/stm32cubeide/plugins/com.st.stm32cube.ide.mcu.externaltools.gnu-tools-for-stm32.7-2018-q2-update.win32_1.4.0.202007081208/tools/bin/../lib/gcc/arm-none-eabi/7.3.1/../../../../arm-none-eabi/lib/thumb/v7e-m/fpv4-sp/hard\libc_nano.a(lib_a-memchr.o)
 .ARM.attributes
                0x00000000000007e8       0x34 c:/st/stm32cubeide_1.4.0/stm32cubeide/plugins/com.st.stm32cube.ide.mcu.externaltools.gnu-tools-for-stm32.7-2018-q2-update.win32_1.4.0.202007081208/tools/bin/../lib/gcc/arm-none-eabi/7.3.1/../../../../arm-none-eabi/lib/thumb/v7e-m/fpv4-sp/hard\libc_nano.a(lib_a-memcpy-stub.o)
 .ARM.attributes
                0x000000000000081c       0x34 c:/st/stm32cubeide_1.4.0/stm32cubeide/plugins/com.st.stm32cube.ide.mcu.externaltools.gnu-tools-for-stm32.7-2018-q2-update.win32_1.4.0.202007081208/tools/bin/../lib/gcc/arm-none-eabi/7.3.1/../../../../arm-none-eabi/lib/thumb/v7e-m/fpv4-sp/hard\libc_nano.a(lib_a-memmove.o)
 .ARM.attributes
                0x0000000000000850       0x34 c:/st/stm32cubeide_1.4.0/stm32cubeide/plugins/com.st.stm32cube.ide.mcu.externaltools.gnu-tools-for-stm32.7-2018-q2-update.win32_1.4.0.202007081208/tools/bin/../lib/gcc/arm-none-eabi/7.3.1/../../../../arm-none-eabi/lib/thumb/v7e-m/fpv4-sp/hard\libc_nano.a(lib_a-nano-freer.o)
 .ARM.attributes
                0x0000000000000884       0x34 c:/st/stm32cubeide_1.4.0/stm32cubeide/plugins/com.st.stm32cube.ide.mcu.externaltools.gnu-tools-for-stm32.7-2018-q2-update.win32_1.4.0.202007081208/tools/bin/../lib/gcc/arm-none-eabi/7.3.1/../../../../arm-none-eabi/lib/thumb/v7e-m/fpv4-sp/hard\libc_nano.a(lib_a-nano-mallocr.o)
 .ARM.attributes
                0x00000000000008b8       0x34 c:/st/stm32cubeide_1.4.0/stm32cubeide/plugins/com.st.stm32cube.ide.mcu.externaltools.gnu-tools-for-stm32.7-2018-q2-update.win32_1.4.0.202007081208/tools/bin/../lib/gcc/arm-none-eabi/7.3.1/../../../../arm-none-eabi/lib/thumb/v7e-m/fpv4-sp/hard\libc_nano.a(lib_a-nano-reallocr.o)
 .ARM.attributes
                0x00000000000008ec       0x34 c:/st/stm32cubeide_1.4.0/stm32cubeide/plugins/com.st.stm32cube.ide.mcu.externaltools.gnu-tools-for-stm32.7-2018-q2-update.win32_1.4.0.202007081208/tools/bin/../lib/gcc/arm-none-eabi/7.3.1/../../../../arm-none-eabi/lib/thumb/v7e-m/fpv4-sp/hard\libc_nano.a(lib_a-sbrkr.o)
 .ARM.attributes
                0x0000000000000920       0x34 c:/st/stm32cubeide_1.4.0/stm32cubeide/plugins/com.st.stm32cube.ide.mcu.externaltools.gnu-tools-for-stm32.7-2018-q2-update.win32_1.4.0.202007081208/tools/bin/../lib/gcc/arm-none-eabi/7.3.1/../../../../arm-none-eabi/lib/thumb/v7e-m/fpv4-sp/hard\libc_nano.a(lib_a-mlock.o)
 .ARM.attributes
                0x0000000000000954       0x34 c:/st/stm32cubeide_1.4.0/stm32cubeide/plugins/com.st.stm32cube.ide.mcu.externaltools.gnu-tools-for-stm32.7-2018-q2-update.win32_1.4.0.202007081208/tools/bin/../lib/gcc/arm-none-eabi/7.3.1/../../../../arm-none-eabi/lib/thumb/v7e-m/fpv4-sp/hard\libc_nano.a(lib_a-nano-msizer.o)
 .ARM.attributes
                0x0000000000000988       0x34 c:/st/stm32cubeide_1.4.0/stm32cubeide/plugins/com.st.stm32cube.ide.mcu.externaltools.gnu-tools-for-stm32.7-2018-q2-update.win32_1.4.0.202007081208/tools/bin/../lib/gcc/arm-none-eabi/7.3.1/../../../../arm-none-eabi/lib/thumb/v7e-m/fpv4-sp/hard\libc_nano.a(lib_a-reent.o)
 .ARM.attributes
                0x00000000000009bc       0x22 c:/st/stm32cubeide_1.4.0/stm32cubeide/plugins/com.st.stm32cube.ide.mcu.externaltools.gnu-tools-for-stm32.7-2018-q2-update.win32_1.4.0.202007081208/tools/bin/../lib/gcc/arm-none-eabi/7.3.1/thumb/v7e-m/fpv4-sp/hard\libgcc.a(_arm_addsubdf3.o)
 .ARM.attributes
                0x00000000000009de       0x22 c:/st/stm32cubeide_1.4.0/stm32cubeide/plugins/com.st.stm32cube.ide.mcu.externaltools.gnu-tools-for-stm32.7-2018-q2-update.win32_1.4.0.202007081208/tools/bin/../lib/gcc/arm-none-eabi/7.3.1/thumb/v7e-m/fpv4-sp/hard\libgcc.a(_arm_muldivdf3.o)
 .ARM.attributes
                0x0000000000000a00       0x22 c:/st/stm32cubeide_1.4.0/stm32cubeide/plugins/com.st.stm32cube.ide.mcu.externaltools.gnu-tools-for-stm32.7-2018-q2-update.win32_1.4.0.202007081208/tools/bin/../lib/gcc/arm-none-eabi/7.3.1/thumb/v7e-m/fpv4-sp/hard\libgcc.a(_arm_fixunsdfsi.o)
 .ARM.attributes
                0x0000000000000a22       0x22 c:/st/stm32cubeide_1.4.0/stm32cubeide/plugins/com.st.stm32cube.ide.mcu.externaltools.gnu-tools-for-stm32.7-2018-q2-update.win32_1.4.0.202007081208/tools/bin/../lib/gcc/arm-none-eabi/7.3.1/thumb/v7e-m/fpv4-sp/hard\libgcc.a(_aeabi_uldivmod.o)
 .ARM.attributes
                0x0000000000000a44       0x34 c:/st/stm32cubeide_1.4.0/stm32cubeide/plugins/com.st.stm32cube.ide.mcu.externaltools.gnu-tools-for-stm32.7-2018-q2-update.win32_1.4.0.202007081208/tools/bin/../lib/gcc/arm-none-eabi/7.3.1/thumb/v7e-m/fpv4-sp/hard\libgcc.a(_udivmoddi4.o)
 .ARM.attributes
                0x0000000000000a78       0x22 c:/st/stm32cubeide_1.4.0/stm32cubeide/plugins/com.st.stm32cube.ide.mcu.externaltools.gnu-tools-for-stm32.7-2018-q2-update.win32_1.4.0.202007081208/tools/bin/../lib/gcc/arm-none-eabi/7.3.1/thumb/v7e-m/fpv4-sp/hard\libgcc.a(_dvmd_tls.o)
 .ARM.attributes
                0x0000000000000a9a       0x22 c:/st/stm32cubeide_1.4.0/stm32cubeide/plugins/com.st.stm32cube.ide.mcu.externaltools.gnu-tools-for-stm32.7-2018-q2-update.win32_1.4.0.202007081208/tools/bin/../lib/gcc/arm-none-eabi/7.3.1/thumb/v7e-m/fpv4-sp/hard/crtn.o
OUTPUT(SPI_SD_CARD.elf elf32-littlearm)

.debug_info     0x0000000000000000    0x190bc
 .debug_info    0x0000000000000000      0xd12 Core/Src/fatfs_sd.o
 .debug_info    0x0000000000000d12     0x22a6 Core/Src/main.o
 .debug_info    0x0000000000002fb8     0x10bf Core/Src/sd.o
 .debug_info    0x0000000000004077     0x1107 Core/Src/stm32l4xx_hal_msp.o
 .debug_info    0x000000000000517e      0xba6 Core/Src/stm32l4xx_it.o
 .debug_info    0x0000000000005d24      0x985 Core/Src/sysmem.o
 .debug_info    0x00000000000066a9      0x741 Core/Src/system_stm32l4xx.o
 .debug_info    0x0000000000006dea       0x22 Core/Startup/startup_stm32l4a6zgtx.o
 .debug_info    0x0000000000006e0c      0xc83 Drivers/STM32L4xx_HAL_Driver/Src/stm32l4xx_hal.o
 .debug_info    0x0000000000007a8f      0xfa9 Drivers/STM32L4xx_HAL_Driver/Src/stm32l4xx_hal_cortex.o
 .debug_info    0x0000000000008a38      0x8f2 Drivers/STM32L4xx_HAL_Driver/Src/stm32l4xx_hal_dma.o
 .debug_info    0x000000000000932a      0x789 Drivers/STM32L4xx_HAL_Driver/Src/stm32l4xx_hal_flash.o
 .debug_info    0x0000000000009ab3      0x94b Drivers/STM32L4xx_HAL_Driver/Src/stm32l4xx_hal_flash_ex.o
 .debug_info    0x000000000000a3fe      0x9dc Drivers/STM32L4xx_HAL_Driver/Src/stm32l4xx_hal_gpio.o
 .debug_info    0x000000000000adda      0xac5 Drivers/STM32L4xx_HAL_Driver/Src/stm32l4xx_hal_pwr.o
 .debug_info    0x000000000000b89f      0xb4f Drivers/STM32L4xx_HAL_Driver/Src/stm32l4xx_hal_pwr_ex.o
 .debug_info    0x000000000000c3ee      0xd56 Drivers/STM32L4xx_HAL_Driver/Src/stm32l4xx_hal_rcc.o
 .debug_info    0x000000000000d144     0x11cc Drivers/STM32L4xx_HAL_Driver/Src/stm32l4xx_hal_rcc_ex.o
 .debug_info    0x000000000000e310     0x178d Drivers/STM32L4xx_HAL_Driver/Src/stm32l4xx_hal_spi.o
 .debug_info    0x000000000000fa9d     0x184a Drivers/STM32L4xx_HAL_Driver/Src/stm32l4xx_hal_uart.o
 .debug_info    0x00000000000112e7      0xa37 Drivers/STM32L4xx_HAL_Driver/Src/stm32l4xx_hal_uart_ex.o
 .debug_info    0x0000000000011d1e      0xee9 FATFS/App/fatfs.o
 .debug_info    0x0000000000012c07      0xd68 FATFS/Target/user_diskio.o
 .debug_info    0x000000000001396f      0xe1b Middlewares/Third_Party/FatFs/src/diskio.o
 .debug_info    0x000000000001478a     0x2f79 Middlewares/Third_Party/FatFs/src/ff.o
 .debug_info    0x0000000000017703      0xdb3 Middlewares/Third_Party/FatFs/src/ff_gen_drv.o
 .debug_info    0x00000000000184b6      0xc06 Middlewares/Third_Party/FatFs/src/option/ccsbcs.o

.debug_abbrev   0x0000000000000000     0x35f8
 .debug_abbrev  0x0000000000000000      0x273 Core/Src/fatfs_sd.o
 .debug_abbrev  0x0000000000000273      0x358 Core/Src/main.o
 .debug_abbrev  0x00000000000005cb      0x245 Core/Src/sd.o
 .debug_abbrev  0x0000000000000810      0x195 Core/Src/stm32l4xx_hal_msp.o
 .debug_abbrev  0x00000000000009a5      0x199 Core/Src/stm32l4xx_it.o
 .debug_abbrev  0x0000000000000b3e      0x19b Core/Src/sysmem.o
 .debug_abbrev  0x0000000000000cd9      0x150 Core/Src/system_stm32l4xx.o
 .debug_abbrev  0x0000000000000e29       0x12 Core/Startup/startup_stm32l4a6zgtx.o
 .debug_abbrev  0x0000000000000e3b      0x1fb Drivers/STM32L4xx_HAL_Driver/Src/stm32l4xx_hal.o
 .debug_abbrev  0x0000000000001036      0x2fa Drivers/STM32L4xx_HAL_Driver/Src/stm32l4xx_hal_cortex.o
 .debug_abbrev  0x0000000000001330      0x1d9 Drivers/STM32L4xx_HAL_Driver/Src/stm32l4xx_hal_dma.o
 .debug_abbrev  0x0000000000001509      0x2b6 Drivers/STM32L4xx_HAL_Driver/Src/stm32l4xx_hal_flash.o
 .debug_abbrev  0x00000000000017bf      0x201 Drivers/STM32L4xx_HAL_Driver/Src/stm32l4xx_hal_flash_ex.o
 .debug_abbrev  0x00000000000019c0      0x1c0 Drivers/STM32L4xx_HAL_Driver/Src/stm32l4xx_hal_gpio.o
 .debug_abbrev  0x0000000000001b80      0x18b Drivers/STM32L4xx_HAL_Driver/Src/stm32l4xx_hal_pwr.o
 .debug_abbrev  0x0000000000001d0b      0x1cb Drivers/STM32L4xx_HAL_Driver/Src/stm32l4xx_hal_pwr_ex.o
 .debug_abbrev  0x0000000000001ed6      0x245 Drivers/STM32L4xx_HAL_Driver/Src/stm32l4xx_hal_rcc.o
 .debug_abbrev  0x000000000000211b      0x238 Drivers/STM32L4xx_HAL_Driver/Src/stm32l4xx_hal_rcc_ex.o
 .debug_abbrev  0x0000000000002353      0x228 Drivers/STM32L4xx_HAL_Driver/Src/stm32l4xx_hal_spi.o
 .debug_abbrev  0x000000000000257b      0x205 Drivers/STM32L4xx_HAL_Driver/Src/stm32l4xx_hal_uart.o
 .debug_abbrev  0x0000000000002780      0x1e2 Drivers/STM32L4xx_HAL_Driver/Src/stm32l4xx_hal_uart_ex.o
 .debug_abbrev  0x0000000000002962      0x1df FATFS/App/fatfs.o
 .debug_abbrev  0x0000000000002b41      0x1f1 FATFS/Target/user_diskio.o
 .debug_abbrev  0x0000000000002d32      0x209 Middlewares/Third_Party/FatFs/src/diskio.o
 .debug_abbrev  0x0000000000002f3b      0x298 Middlewares/Third_Party/FatFs/src/ff.o
 .debug_abbrev  0x00000000000031d3      0x236 Middlewares/Third_Party/FatFs/src/ff_gen_drv.o
 .debug_abbrev  0x0000000000003409      0x1ef Middlewares/Third_Party/FatFs/src/option/ccsbcs.o

.debug_aranges  0x0000000000000000     0x11d0
 .debug_aranges
                0x0000000000000000       0xa8 Core/Src/fatfs_sd.o
 .debug_aranges
                0x00000000000000a8       0x68 Core/Src/main.o
 .debug_aranges
                0x0000000000000110       0x28 Core/Src/sd.o
 .debug_aranges
                0x0000000000000138       0x40 Core/Src/stm32l4xx_hal_msp.o
 .debug_aranges
                0x0000000000000178       0xa8 Core/Src/stm32l4xx_it.o
 .debug_aranges
                0x0000000000000220       0x20 Core/Src/sysmem.o
 .debug_aranges
                0x0000000000000240       0x28 Core/Src/system_stm32l4xx.o
 .debug_aranges
                0x0000000000000268       0x28 Core/Startup/startup_stm32l4a6zgtx.o
 .debug_aranges
                0x0000000000000290      0x130 Drivers/STM32L4xx_HAL_Driver/Src/stm32l4xx_hal.o
 .debug_aranges
                0x00000000000003c0      0x118 Drivers/STM32L4xx_HAL_Driver/Src/stm32l4xx_hal_cortex.o
 .debug_aranges
                0x00000000000004d8       0x80 Drivers/STM32L4xx_HAL_Driver/Src/stm32l4xx_hal_dma.o
 .debug_aranges
                0x0000000000000558       0x88 Drivers/STM32L4xx_HAL_Driver/Src/stm32l4xx_hal_flash.o
 .debug_aranges
                0x00000000000005e0       0x90 Drivers/STM32L4xx_HAL_Driver/Src/stm32l4xx_hal_flash_ex.o
 .debug_aranges
                0x0000000000000670       0x58 Drivers/STM32L4xx_HAL_Driver/Src/stm32l4xx_hal_gpio.o
 .debug_aranges
                0x00000000000006c8       0x98 Drivers/STM32L4xx_HAL_Driver/Src/stm32l4xx_hal_pwr.o
 .debug_aranges
                0x0000000000000760      0x150 Drivers/STM32L4xx_HAL_Driver/Src/stm32l4xx_hal_pwr_ex.o
 .debug_aranges
                0x00000000000008b0       0x88 Drivers/STM32L4xx_HAL_Driver/Src/stm32l4xx_hal_rcc.o
 .debug_aranges
                0x0000000000000938      0x108 Drivers/STM32L4xx_HAL_Driver/Src/stm32l4xx_hal_rcc_ex.o
 .debug_aranges
                0x0000000000000a40      0x1d8 Drivers/STM32L4xx_HAL_Driver/Src/stm32l4xx_hal_spi.o
 .debug_aranges
                0x0000000000000c18      0x210 Drivers/STM32L4xx_HAL_Driver/Src/stm32l4xx_hal_uart.o
 .debug_aranges
                0x0000000000000e28       0x60 Drivers/STM32L4xx_HAL_Driver/Src/stm32l4xx_hal_uart_ex.o
 .debug_aranges
                0x0000000000000e88       0x28 FATFS/App/fatfs.o
 .debug_aranges
                0x0000000000000eb0       0x40 FATFS/Target/user_diskio.o
 .debug_aranges
                0x0000000000000ef0       0x48 Middlewares/Third_Party/FatFs/src/diskio.o
 .debug_aranges
                0x0000000000000f38      0x230 Middlewares/Third_Party/FatFs/src/ff.o
 .debug_aranges
                0x0000000000001168       0x40 Middlewares/Third_Party/FatFs/src/ff_gen_drv.o
 .debug_aranges
                0x00000000000011a8       0x28 Middlewares/Third_Party/FatFs/src/option/ccsbcs.o

.debug_ranges   0x0000000000000000     0x1058
 .debug_ranges  0x0000000000000000       0x98 Core/Src/fatfs_sd.o
 .debug_ranges  0x0000000000000098       0x58 Core/Src/main.o
 .debug_ranges  0x00000000000000f0       0x48 Core/Src/sd.o
 .debug_ranges  0x0000000000000138       0x30 Core/Src/stm32l4xx_hal_msp.o
 .debug_ranges  0x0000000000000168       0x98 Core/Src/stm32l4xx_it.o
 .debug_ranges  0x0000000000000200       0x10 Core/Src/sysmem.o
 .debug_ranges  0x0000000000000210       0x18 Core/Src/system_stm32l4xx.o
 .debug_ranges  0x0000000000000228       0x20 Core/Startup/startup_stm32l4a6zgtx.o
 .debug_ranges  0x0000000000000248      0x120 Drivers/STM32L4xx_HAL_Driver/Src/stm32l4xx_hal.o
 .debug_ranges  0x0000000000000368      0x108 Drivers/STM32L4xx_HAL_Driver/Src/stm32l4xx_hal_cortex.o
 .debug_ranges  0x0000000000000470       0x70 Drivers/STM32L4xx_HAL_Driver/Src/stm32l4xx_hal_dma.o
 .debug_ranges  0x00000000000004e0       0x78 Drivers/STM32L4xx_HAL_Driver/Src/stm32l4xx_hal_flash.o
 .debug_ranges  0x0000000000000558       0x80 Drivers/STM32L4xx_HAL_Driver/Src/stm32l4xx_hal_flash_ex.o
 .debug_ranges  0x00000000000005d8       0x48 Drivers/STM32L4xx_HAL_Driver/Src/stm32l4xx_hal_gpio.o
 .debug_ranges  0x0000000000000620       0x88 Drivers/STM32L4xx_HAL_Driver/Src/stm32l4xx_hal_pwr.o
 .debug_ranges  0x00000000000006a8      0x140 Drivers/STM32L4xx_HAL_Driver/Src/stm32l4xx_hal_pwr_ex.o
 .debug_ranges  0x00000000000007e8       0x78 Drivers/STM32L4xx_HAL_Driver/Src/stm32l4xx_hal_rcc.o
 .debug_ranges  0x0000000000000860       0xf8 Drivers/STM32L4xx_HAL_Driver/Src/stm32l4xx_hal_rcc_ex.o
 .debug_ranges  0x0000000000000958      0x1c8 Drivers/STM32L4xx_HAL_Driver/Src/stm32l4xx_hal_spi.o
 .debug_ranges  0x0000000000000b20      0x200 Drivers/STM32L4xx_HAL_Driver/Src/stm32l4xx_hal_uart.o
 .debug_ranges  0x0000000000000d20       0x50 Drivers/STM32L4xx_HAL_Driver/Src/stm32l4xx_hal_uart_ex.o
 .debug_ranges  0x0000000000000d70       0x18 FATFS/App/fatfs.o
 .debug_ranges  0x0000000000000d88       0x30 FATFS/Target/user_diskio.o
 .debug_ranges  0x0000000000000db8       0x38 Middlewares/Third_Party/FatFs/src/diskio.o
 .debug_ranges  0x0000000000000df0      0x220 Middlewares/Third_Party/FatFs/src/ff.o
 .debug_ranges  0x0000000000001010       0x30 Middlewares/Third_Party/FatFs/src/ff_gen_drv.o
 .debug_ranges  0x0000000000001040       0x18 Middlewares/Third_Party/FatFs/src/option/ccsbcs.o

.debug_macro    0x0000000000000000    0x2b935
 .debug_macro   0x0000000000000000      0x21f Core/Src/fatfs_sd.o
 .debug_macro   0x000000000000021f      0xa5a Core/Src/fatfs_sd.o
 .debug_macro   0x0000000000000c79      0x1ad Core/Src/fatfs_sd.o
 .debug_macro   0x0000000000000e26       0x2e Core/Src/fatfs_sd.o
 .debug_macro   0x0000000000000e54       0x28 Core/Src/fatfs_sd.o
 .debug_macro   0x0000000000000e7c       0x22 Core/Src/fatfs_sd.o
 .debug_macro   0x0000000000000e9e       0x8e Core/Src/fatfs_sd.o
 .debug_macro   0x0000000000000f2c       0x51 Core/Src/fatfs_sd.o
 .debug_macro   0x0000000000000f7d       0xef Core/Src/fatfs_sd.o
 .debug_macro   0x000000000000106c       0x6a Core/Src/fatfs_sd.o
 .debug_macro   0x00000000000010d6      0x1df Core/Src/fatfs_sd.o
 .debug_macro   0x00000000000012b5       0x1c Core/Src/fatfs_sd.o
 .debug_macro   0x00000000000012d1       0x22 Core/Src/fatfs_sd.o
 .debug_macro   0x00000000000012f3      0x101 Core/Src/fatfs_sd.o
 .debug_macro   0x00000000000013f4     0x1011 Core/Src/fatfs_sd.o
 .debug_macro   0x0000000000002405      0x11f Core/Src/fatfs_sd.o
 .debug_macro   0x0000000000002524    0x1c8b8 Core/Src/fatfs_sd.o
 .debug_macro   0x000000000001eddc       0x43 Core/Src/fatfs_sd.o
 .debug_macro   0x000000000001ee1f     0x3890 Core/Src/fatfs_sd.o
 .debug_macro   0x00000000000226af      0x174 Core/Src/fatfs_sd.o
 .debug_macro   0x0000000000022823       0x5c Core/Src/fatfs_sd.o
 .debug_macro   0x000000000002287f     0x18ca Core/Src/fatfs_sd.o
 .debug_macro   0x0000000000024149      0x76c Core/Src/fatfs_sd.o
 .debug_macro   0x00000000000248b5      0x13d Core/Src/fatfs_sd.o
 .debug_macro   0x00000000000249f2      0x202 Core/Src/fatfs_sd.o
 .debug_macro   0x0000000000024bf4      0x26b Core/Src/fatfs_sd.o
 .debug_macro   0x0000000000024e5f      0x23d Core/Src/fatfs_sd.o
 .debug_macro   0x000000000002509c      0x241 Core/Src/fatfs_sd.o
 .debug_macro   0x00000000000252dd      0x3ad Core/Src/fatfs_sd.o
 .debug_macro   0x000000000002568a       0xe4 Core/Src/fatfs_sd.o
 .debug_macro   0x000000000002576e      0x22c Core/Src/fatfs_sd.o
 .debug_macro   0x000000000002599a       0x61 Core/Src/fatfs_sd.o
 .debug_macro   0x00000000000259fb       0xa5 Core/Src/fatfs_sd.o
 .debug_macro   0x0000000000025aa0      0x122 Core/Src/fatfs_sd.o
 .debug_macro   0x0000000000025bc2      0x3f0 Core/Src/fatfs_sd.o
 .debug_macro   0x0000000000025fb2      0x2fe Core/Src/fatfs_sd.o
 .debug_macro   0x00000000000262b0      0x59e Core/Src/fatfs_sd.o
 .debug_macro   0x000000000002684e       0x44 Core/Src/fatfs_sd.o
 .debug_macro   0x0000000000026892      0x434 Core/Src/fatfs_sd.o
 .debug_macro   0x0000000000026cc6       0x16 Core/Src/fatfs_sd.o
 .debug_macro   0x0000000000026cdc       0x7c Core/Src/fatfs_sd.o
 .debug_macro   0x0000000000026d58       0x88 Core/Src/fatfs_sd.o
 .debug_macro   0x0000000000026de0      0x33e Core/Src/main.o
 .debug_macro   0x000000000002711e       0x64 Core/Src/main.o
 .debug_macro   0x0000000000027182       0xeb Core/Src/main.o
 .debug_macro   0x000000000002726d       0x18 Core/Src/main.o
 .debug_macro   0x0000000000027285       0x46 Core/Src/main.o
 .debug_macro   0x00000000000272cb       0x3c Core/Src/main.o
 .debug_macro   0x0000000000027307       0x34 Core/Src/main.o
 .debug_macro   0x000000000002733b       0x16 Core/Src/main.o
 .debug_macro   0x0000000000027351       0x35 Core/Src/main.o
 .debug_macro   0x0000000000027386       0x52 Core/Src/main.o
 .debug_macro   0x00000000000273d8       0x1f Core/Src/main.o
 .debug_macro   0x00000000000273f7       0x43 Core/Src/main.o
 .debug_macro   0x000000000002743a       0x20 Core/Src/main.o
 .debug_macro   0x000000000002745a      0x1a3 Core/Src/main.o
 .debug_macro   0x00000000000275fd      0x32a Core/Src/main.o
 .debug_macro   0x0000000000027927       0x16 Core/Src/main.o
 .debug_macro   0x000000000002793d       0x29 Core/Src/main.o
 .debug_macro   0x0000000000027966       0x12 Core/Src/main.o
 .debug_macro   0x0000000000027978       0xe2 Core/Src/main.o
 .debug_macro   0x0000000000027a5a       0x8e Core/Src/main.o
 .debug_macro   0x0000000000027ae8       0x16 Core/Src/main.o
 .debug_macro   0x0000000000027afe       0x20 Core/Src/main.o
 .debug_macro   0x0000000000027b1e      0x304 Core/Src/sd.o
 .debug_macro   0x0000000000027e22       0x22 Core/Src/sd.o
 .debug_macro   0x0000000000027e44      0x1e9 Core/Src/stm32l4xx_hal_msp.o
 .debug_macro   0x000000000002802d      0x1f3 Core/Src/stm32l4xx_it.o
 .debug_macro   0x0000000000028220       0xee Core/Src/sysmem.o
 .debug_macro   0x000000000002830e      0x23b Core/Src/sysmem.o
 .debug_macro   0x0000000000028549      0x1e0 Core/Src/system_stm32l4xx.o
 .debug_macro   0x0000000000028729      0x228 Drivers/STM32L4xx_HAL_Driver/Src/stm32l4xx_hal.o
 .debug_macro   0x0000000000028951      0x1da Drivers/STM32L4xx_HAL_Driver/Src/stm32l4xx_hal_cortex.o
 .debug_macro   0x0000000000028b2b      0x1da Drivers/STM32L4xx_HAL_Driver/Src/stm32l4xx_hal_dma.o
 .debug_macro   0x0000000000028d05      0x1e0 Drivers/STM32L4xx_HAL_Driver/Src/stm32l4xx_hal_flash.o
 .debug_macro   0x0000000000028ee5      0x1da Drivers/STM32L4xx_HAL_Driver/Src/stm32l4xx_hal_flash_ex.o
 .debug_macro   0x00000000000290bf      0x219 Drivers/STM32L4xx_HAL_Driver/Src/stm32l4xx_hal_gpio.o
 .debug_macro   0x00000000000292d8      0x1f2 Drivers/STM32L4xx_HAL_Driver/Src/stm32l4xx_hal_pwr.o
 .debug_macro   0x00000000000294ca      0x204 Drivers/STM32L4xx_HAL_Driver/Src/stm32l4xx_hal_pwr_ex.o
 .debug_macro   0x00000000000296ce      0x21c Drivers/STM32L4xx_HAL_Driver/Src/stm32l4xx_hal_rcc.o
 .debug_macro   0x00000000000298ea      0x210 Drivers/STM32L4xx_HAL_Driver/Src/stm32l4xx_hal_rcc_ex.o
 .debug_macro   0x0000000000029afa      0x1e2 Drivers/STM32L4xx_HAL_Driver/Src/stm32l4xx_hal_spi.o
 .debug_macro   0x0000000000029cdc      0x205 Drivers/STM32L4xx_HAL_Driver/Src/stm32l4xx_hal_uart.o
 .debug_macro   0x0000000000029ee1      0x1da Drivers/STM32L4xx_HAL_Driver/Src/stm32l4xx_hal_uart_ex.o
 .debug_macro   0x000000000002a0bb      0x301 FATFS/App/fatfs.o
 .debug_macro   0x000000000002a3bc       0xe5 FATFS/App/fatfs.o
 .debug_macro   0x000000000002a4a1      0x327 FATFS/Target/user_diskio.o
 .debug_macro   0x000000000002a7c8       0x10 FATFS/Target/user_diskio.o
 .debug_macro   0x000000000002a7d8       0xfb FATFS/Target/user_diskio.o
 .debug_macro   0x000000000002a8d3       0x56 FATFS/Target/user_diskio.o
 .debug_macro   0x000000000002a929      0x2ee Middlewares/Third_Party/FatFs/src/diskio.o
 .debug_macro   0x000000000002ac17      0x6fc Middlewares/Third_Party/FatFs/src/ff.o
 .debug_macro   0x000000000002b313       0x58 Middlewares/Third_Party/FatFs/src/ff.o
 .debug_macro   0x000000000002b36b      0x2ee Middlewares/Third_Party/FatFs/src/ff_gen_drv.o
 .debug_macro   0x000000000002b659      0x2dc Middlewares/Third_Party/FatFs/src/option/ccsbcs.o

.debug_line     0x0000000000000000    0x116ce