stm32l4xx_it.c:58:6:SDTimer_Handler	4	static
stm32l4xx_it.c:81:6:NMI_Handler	4	static
stm32l4xx_it.c:94:6:HardFault_Handler	4	static
stm32l4xx_it.c:109:6:MemManage_Handler	4	static
stm32l4xx_it.c:124:6:BusFault_Handler	4	static
stm32l4xx_it.c:139:6:UsageFault_Handler	4	static
stm32l4xx_it.c:154:6:SVC_Handler	4	static
stm32l4xx_it.c:167:6:DebugMon_Handler	4	static
stm32l4xx_it.c:180:6:PendSV_Handler	4	static
stm32l4xx_it.c:193:6:SysTick_Handler	8	static
stm32l4xx_it.c:219:6:PVD_PVM_IRQHandler	8	static
stm32l4xx_it.c:233:6:FLASH_IRQHandler	8	static
stm32l4xx_it.c:247:6:RCC_IRQHandler	4	static
stm32l4xx_it.c:260:6:EXTI0_IRQHandler	8	static
stm32l4xx_it.c:274:6:EXTI1_IRQHandler	8	static
stm32l4xx_it.c:288:6:SPI1_IRQHandler	8	static
stm32l4xx_it.c:302:6:USART3_IRQHandler	8	static
stm32l4xx_it.c:316:6:FPU_IRQHandler	4	static
